******************************************************************************
                  TI ARM Linker PC v16.9.3                     
******************************************************************************
>> Linked Wed Jan 17 08:52:23 2018

OUTPUT FILE NAME:   <Lab_0_blink_IDLE_CC3220S_tirtos_ccs.out>
ENTRY POINT SYMBOL: "_c_int00"  address: 2000c0c9


MEMORY CONFIGURATION

         name            origin    length      used     unused   attr    fill
----------------------  --------  ---------  --------  --------  ----  --------
  SRAM0                 20000000   00004000  0000070c  000038f4  RW X
  SRAM                  20004000   0003c000  00015550  00026ab0  RW X


SEGMENT ALLOCATION MAP

run origin  load origin   length   init length attrs members
----------  ----------- ---------- ----------- ----- -------
20003c00    20003c00    00000400   00000000    rw-
  20003c00    20003c00    00000400   00000000    rw- .stack
20004000    20004000    00011c08   00009c02    r-x
  20004000    20004000    0000003c   0000003c    r-- .resetVecs
  20004040    20004040    00009bc2   00009bc2    r-x .text
  2000dc08    2000dc08    00008000   00000000    r-- .priheap
20015c80    20015c80    00002130   00000000    rw-
  20015c80    20015c80    00002130   00000000    rw- .bss
20017db0    20017db0    00000a94   00000a94    r--
  20017db0    20017db0    00000a94   00000a94    r-- .const
20018844    20018844    00000a3e   00000000    rw-
  20018844    20018844    00000a3e   00000000    rw- .data
20019288    20019288    00000350   00000350    r--
  20019288    20019288    00000350   00000350    r-- .cinit


SECTION ALLOCATION MAP

 output                                  attributes/
section   page    origin      length       input sections
--------  ----  ----------  ----------   ----------------
.vecs      0    20000000    0000030c     NOLOAD SECTION
                  20000000    0000030c     release_pem4.oem4 (.vecs)

.stack     0    20003c00    00000400     UNINITIALIZED
                  20003c00    00000400     --HOLE--

.resetVecs 
*          0    20004000    0000003c     
                  20004000    0000003c     release_pem4.oem4 (.resetVecs)

.text      0    20004040    00009bc2     
                  20004040    00000495     sysbios.aem4 : BIOS.obj (.text:xdc_runtime_System_doPrint__I)
                  200044d5    00000001     --HOLE-- [fill = 0]
                  200044d6    00000002     display.aem4 : DisplayUart.oem4 (.text:DisplayUartMin_clear)
                  200044d8    00000430     sysbios.aem4 : BIOS.obj (.text:ti_sysbios_family_arm_m3_Hwi_excDumpRegs__I)
                  20004908    0000042c     driverlib.a : prcm.obj (.text:PRCMCC3200MCUInit)
                  20004d34    00000324     rtsv7M4_T_le_eabi.lib : trgdrv.obj (.text)
                  20005058    0000030c                           : lowlev.obj (.text)
                  20005364    000002a4     drivers_cc32xx.aem4 : UARTCC32XX.oem4 (.text:UARTCC32XX_open)
                  20005608    000001fc     sysbios.aem4 : BIOS.obj (.text:ti_sysbios_family_arm_m3_Hwi_excHandlerMax__I)
                  20005804    000001f4     rtsv7M4_T_le_eabi.lib : ull_div_t2.obj (.text)
                  200059f8    000001cc     drivers_cc32xx.aem4 : GPIOCC32XX.oem4 (.text:GPIO_setConfig)
                  20005bc4    000001c4     rtsv7M4_T_le_eabi.lib : fopen.obj (.text)
                  20005d88    000001b6                           : fd_add_t2.obj (.text)
                  20005f3e    00000002     display.aem4 : DisplayUart.oem4 (.text:DisplayUartMin_clearLines)
                  20005f40    000001b4     dpl_cc32xx.aem4 : PowerCC32XX_tirtos.oem4 (.text:PowerCC32XX_sleepPolicy)
                  200060f4    00000004                     : ClockP_tirtos.oem4 (.text:ClockP_getCpuFreq)
                  200060f8    00000188     sysbios.aem4 : BIOS.obj (.text:ti_sysbios_family_arm_m3_Hwi_dispatchC__I)
                  20006280    00000188                  : BIOS.obj (.text:ti_sysbios_family_arm_m3_Hwi_excBusFault__I)
                  20006408    00000180                  : BIOS.obj (.text:ti_sysbios_family_arm_m3_Hwi_excUsageFault__I)
                  20006588    0000017c                  : BIOS.obj (.text:ti_sysbios_knl_Semaphore_pend__E)
                  20006704    00000004     dpl_cc32xx.aem4 : ClockP_tirtos.oem4 (.text:ClockP_setTimeout)
                  20006708    00000170     sysbios.aem4 : BIOS.obj (.text:ti_sysbios_knl_Swi_run__I)
                  20006878    00000170                  : BIOS.obj (.text:ti_sysbios_knl_Task_Instance_finalize__E)
                  200069e8    00000170     release_pem4.oem4 (.text:xdc_runtime_System_printfExtend__I)
                  20006b58    00000164     sysbios.aem4 : BIOS.obj (.text:ti_sysbios_family_arm_m3_Hwi_excMemFault__I)
                  20006cbc    00000004     dpl_cc32xx.aem4 : ClockP_tirtos.oem4 (.text:ClockP_start)
                  20006cc0    00000160     sysbios.aem4 : BIOS.obj (.text:ti_sysbios_utils_Load_logLoads__I)
                  20006e20    00000150     drivers_cc32xx.aem4 : PowerCC32XX.oem4 (.text:parkPins)
                  20006f70    0000013c     sysbios.aem4 : BIOS.obj (.text:ti_sysbios_knl_Clock_workFunc__E)
                  200070ac    00000138     release_pem4.oem4 (.text:ti_uia_loggers_LoggerStopMode_writeMemoryRange__E)
                  200071e4    00000120     drivers_cc32xx.aem4 : UARTCC32XX.oem4 (.text:UARTCC32XX_close)
                  20007304    00000004     dpl_cc32xx.aem4 : ClockP_tirtos.oem4 (.text:ClockP_stop)
                  20007308    00000120     sysbios.aem4 : BIOS.obj (.text:ti_sysbios_knl_Task_postInit__I)
                  20007428    0000011c                  : BIOS.obj (.text:xdc_runtime_Startup_startMods__I)
                  20007544    00000118     drivers_cc32xx.aem4 : PowerCC32XX.oem4 (.text:Power_sleep)
                  2000765c    00000004     dpl_cc32xx.aem4 : HwiP_tirtos.oem4 (.text:HwiP_disable)
                  20007660    0000010c     sysbios.aem4 : BIOS.obj (.text:ti_sysbios_family_arm_lm4_Timer_start__E)
                  2000776c    00000004     drivers_cc32xx.aem4 : List.oem4 (.text:List_head)
                  20007770    0000010c     sysbios.aem4 : BIOS.obj (.text:ti_sysbios_family_arm_m3_Hwi_postInit__I)
                  2000787c    00000004     drivers_cc32xx.aem4 : List.oem4 (.text:List_next)
                  20007880    0000010c     sysbios.aem4 : BIOS.obj (.text:ti_sysbios_knl_Task_sleep__E)
                  2000798c    0000010c     release_pem4.oem4 (.text:ti_uia_loggers_LoggerStopMode_write8__E)
                  20007a98    00000108     sysbios.aem4 : BIOS.obj (.text:ti_sysbios_knl_Task_schedule__I)
                  20007ba0    000000fc     rtsv7M4_T_le_eabi.lib : fd_mul_t2.obj (.text)
                  20007c9c    00000004     dpl_cc32xx.aem4 : SemaphoreP_tirtos.oem4 (.text:SemaphoreP_post)
                  20007ca0    000000fc     sysbios.aem4 : BIOS.obj (.text:ti_sysbios_knl_Task_startCore__E)
                  20007d9c    000000f4     release_pem4.oem4 (.text:ti_uia_loggers_LoggerStopMode_write4__E)
                  20007e90    000000f0     sysbios.aem4 : BIOS.obj (.text:ti_sysbios_knl_Task_exit__E)
                  20007f80    000000ee     drivers_cc32xx.aem4 : UARTCC32XX.oem4 (.text:UARTCC32XX_control)
                  2000806e    00000002     display.aem4 : DisplayUart.oem4 (.text:DisplayUartMin_init)
                  20008070    000000e8     release_pem4.oem4 (.text:ti_uia_loggers_LoggerStopMode_write1__E)
                  20008158    000000e8     release_pem4.oem4 (.text:ti_uia_loggers_LoggerStopMode_write2__E)
                  20008240    000000dc     rtsv7M4_T_le_eabi.lib : setvbuf.obj (.text)
                  2000831c    00000004     dpl_cc32xx.aem4 : SystemP_tirtos.oem4 (.text:SystemP_vsnprintf)
                  20008320    000000dc     sysbios.aem4 : BIOS.obj (.text:ti_sysbios_family_arm_m3_Hwi_Instance_init__E)
                  200083fc    00000004     release_pem4.oem4 (.text:ti_sysbios_BIOS_RtsGateProxy_enter__E)
                  20008400    000000d8     sysbios.aem4 : BIOS.obj (.text:ti_sysbios_family_arm_m3_Hwi_excDebugMon__I)
                  200084d8    000000d8                  : BIOS.obj (.text:ti_sysbios_knl_Swi_post__E)
                  200085b0    000000d8     release_pem4.oem4 (.text:ti_uia_loggers_LoggerStopMode_write0__E)
                  20008688    000000d4     sysbios.aem4 : BIOS.obj (.text:ti_sysbios_family_arm_m3_Hwi_excHardFault__I)
                  2000875c    00000004     release_pem4.oem4 (.text:ti_sysbios_BIOS_RtsGateProxy_leave__E)
                  20008760    000000d0     sysbios.aem4 : BIOS.obj (.text:ti_sysbios_heaps_HeapMem_alloc__E)
                  20008830    000000cc                  : m3_Hwi_asm.obj (.text:ti_sysbios_family_arm_m3_Hwi_dispatch__I)
                  200088fc    00000004                  : BIOS.obj (.text:ti_sysbios_family_arm_lm4_Timer_masterEnable__I)
                  20008900    000000cc                  : BIOS.obj (.text:ti_sysbios_utils_Load_updateThreadContexts__E)
                  200089cc    000000c8     rtsv7M4_T_le_eabi.lib : fflush.obj (.text)
                  20008a94    000000c4     drivers_cc32xx.aem4 : GPIOCC32XX.oem4 (.text:GPIO_init)
                  20008b58    000000c4     sysbios.aem4 : BIOS.obj (.text:ti_sysbios_knl_Semaphore_post__E)
                  20008c1c    000000c0     drivers_cc32xx.aem4 : UARTCC32XX.oem4 (.text:UARTCC32XX_write)
                  20008cdc    00000004     release_pem4.oem4 (.text:ti_sysbios_family_arm_m3_Hwi_delete)
                  20008ce0    000000bc     sysbios.aem4 : BIOS.obj (.text:xdc_runtime_Core_createObject__I)
                  20008d9c    000000b8     drivers_cc32xx.aem4 : UARTCC32XX.oem4 (.text:initHw)
                  20008e54    00000004     release_pem4.oem4 (.text:ti_sysbios_family_arm_m3_TaskSupport_Module__startupDone__S)
                  20008e58    000000b8     sysbios.aem4 : BIOS.obj (.text:ti_sysbios_knl_Task_unblockI__E)
                  20008f10    000000b4     drivers_cc32xx.aem4 : UARTCC32XX.oem4 (.text:UARTCC32XX_readPolling)
                  20008fc4    000000b4                         : PowerCC32XX.oem4 (.text:restoreParkedPins)
                  20009078    000000b0     ADC_Control.obj (.text:ADC_function)
                  20009128    000000b0     sysbios.aem4 : BIOS.obj (.text:ti_sysbios_utils_Load_updateLoads__E)
                  200091d8    000000ac     rtsv7M4_T_le_eabi.lib : _io_perm.obj (.text)
                  20009284    000000aa     drivers_cc32xx.aem4 : UARTCC32XX.oem4 (.text:readIsrTextBlocking)
                  2000932e    000000aa                         : UARTCC32XX.oem4 (.text:readTaskBlocking)
                  200093d8    000000a8                         : PowerCC32XX.oem4 (.text:PowerCC32XX_configureWakeup)
                  20009480    000000a8     sysbios.aem4 : BIOS.obj (.text:ti_sysbios_family_arm_lm4_Timer_enableTimers__I)
                  20009528    000000a8                  : BIOS.obj (.text:ti_sysbios_knl_Task_blockI__E)
                  200095d0    000000a2     drivers_cc32xx.aem4 : UARTCC32XX.oem4 (.text:writeData)
                  20009672    00000002                         : UARTCC32XX.oem4 (.text:UARTCC32XX_init)
                  20009674    000000a0     auto_init.aem4 : auto_init.oem4 (.text)
                  20009714    000000a0     drivers_cc32xx.aem4 : UARTCC32XX.oem4 (.text:readIsrTextCallback)
                  200097b4    00000004     release_pem4.oem4 (.text:ti_sysbios_heaps_HeapMem_Module_GateProxy_enter__E)
                  200097b8    000000a0     sysbios.aem4 : BIOS.obj (.text:ti_sysbios_family_arm_lm4_Timer_enableCC3200__I)
                  20009858    0000009c     rtsv7M4_T_le_eabi.lib : memcpy_t2.obj (.text)
                  200098f4    00000098     drivers_cc32xx.aem4 : GPIOCC32XX.oem4 (.text:powerNotifyFxn)
                  2000998c    00000098     rtsv7M4_T_le_eabi.lib : fclose.obj (.text)
                  20009a24    00000098                           : fputc.obj (.text)
                  20009abc    00000094     drivers_cc32xx.aem4 : ADCCC32XX.oem4 (.text:ADCCC32XX_open)
                  20009b50    00000094     sysbios.aem4 : BIOS.obj (.text:ti_sysbios_family_arm_m3_Hwi_Instance_finalize__E)
                  20009be4    00000090     drivers_cc32xx.aem4 : PowerCC32XX.oem4 (.text:restoreNVICRegs)
                  20009c74    00000004     release_pem4.oem4 (.text:ti_sysbios_heaps_HeapMem_Module_GateProxy_leave__E)
                  20009c78    00000090     sysbios.aem4 : BIOS.obj (.text:ti_sysbios_knl_Swi_postInit__I)
                  20009d08    00000090                  : BIOS.obj (.text:ti_sysbios_knl_Task_Module_startup__E)
                  20009d98    00000090     ti.uia.loggers.aem4 : LoggerStopMode.oem4 (.text:ti_uia_loggers_LoggerStopMode_initQueueDescriptor__E)
                  20009e28    0000008c     sysbios.aem4 : BIOS.obj (.text:ti_sysbios_utils_Load_updateCurrentThreadTime__E)
                  20009eb4    00000004     release_pem4.oem4 (.text:ti_sysbios_knl_Clock_TimerProxy_getMaxTicks__E)
                  20009eb8    00000088     sysbios.aem4 : BIOS.obj (.text:ti_sysbios_family_arm_m3_Hwi_initNVIC__E)
                  20009f40    00000088                  : BIOS.obj (.text:ti_sysbios_knl_Mailbox_Module_startup__E)
                  20009fc8    00000088                  : BIOS.obj (.text:xdc_runtime_Memory_alloc__E)
                  2000a050    00000086     rtsv7M4_T_le_eabi.lib : fd_cmp_t2.obj (.text:__aeabi_cdcmple)
                  2000a0d6    00000086                           : fd_cmp_t2.obj (.text:__aeabi_cdrcmple)
                  2000a15c    00000084     drivers_cc32xx.aem4 : PowerCC32XX.oem4 (.text:saveNVICRegs)
                  2000a1e0    00000084     sysbios.aem4 : BIOS.obj (.text:ti_sysbios_heaps_HeapMem_free__E)
                  2000a264    00000004     release_pem4.oem4 (.text:ti_sysbios_knl_Clock_TimerProxy_setPeriodMicroSecs__E)
                  2000a268    00000084     sysbios.aem4 : BIOS.obj (.text:xdc_runtime_Core_constructObject__I)
                  2000a2ec    00000004     release_pem4.oem4 (.text:ti_sysbios_knl_Clock_TimerProxy_start__E)
                  2000a2f0    00000080     sysbios.aem4 : BIOS.obj (.text:ti_sysbios_family_arm_m3_TimestampProvider_get64__E)
                  2000a370    00000080                  : BIOS.obj (.text:ti_sysbios_knl_Swi_Module_startup__E)
                  2000a3f0    0000007e     drivers_cc32xx.aem4 : UARTCC32XX.oem4 (.text:readIsrBinaryBlocking)
                  2000a46e    00000002     rtsv7M4_T_le_eabi.lib : i_div0.obj (.text)
                  2000a470    0000007c     drivers_cc32xx.aem4 : ADCCC32XX.oem4 (.text:ADCCC32XX_close)
                  2000a4ec    00000004     release_pem4.oem4 (.text:ti_sysbios_knl_Clock_TimerProxy_stop__E)
                  2000a4f0    0000007c     sysbios.aem4 : BIOS.obj (.text:xdc_runtime_Core_deleteObject__I)
                  2000a56c    0000007a     drivers_cc32xx.aem4 : UARTCC32XX.oem4 (.text:readTaskCallback)
                  2000a5e6    0000007a     rtsv7M4_T_le_eabi.lib : memset_t2.obj (.text)
                  2000a660    00000078     drivers_cc32xx.aem4 : GPIOCC32XX.oem4 (.text:GPIO_hwiIntFxn)
                  2000a6d8    00000078                         : PowerCC32XX.oem4 (.text:Power_init)
                  2000a750    00000078     sysbios.aem4 : BIOS.obj (.text:ti_sysbios_utils_Load_taskCreateHook__E)
                  2000a7c8    00000075                  : BIOS.obj (.text:xdc_runtime_System_formatNum__I)
                  2000a83d    00000001     --HOLE-- [fill = 0]
                  2000a83e    00000002     release_pem4.oem4 (.text:ti_sysbios_BIOS_nullFunc__I)
                  2000a840    00000074     sysbios.aem4 : BIOS.obj (.text:ti_sysbios_family_arm_m3_Hwi_Module_startup__E)
                  2000a8b4    00000074     ti.uia.runtime.aem4 : QueueDescriptor.oem4 (.text:ti_uia_runtime_QueueDescriptor_addToList__E)
                  2000a928    00000072     drivers_cc32xx.aem4 : UARTCC32XX.oem4 (.text:readIsrBinaryCallback)
                  2000a99a    00000006                         : ADCCC32XX.oem4 (.text:ADCCC32XX_control)
                  2000a9a0    00000070     sysbios.aem4 : BIOS.obj (.text:ti_sysbios_heaps_HeapMem_initPrimary__I)
                  2000aa10    0000006c                  : BIOS.obj (.text:ti_sysbios_knl_Swi_restoreHwi__E)
                  2000aa7c    00000068     drivers_cc32xx.aem4 : PowerCC32XX.oem4 (.text:PowerCC32XX_setParkState)
                  2000aae4    00000068     rtsv7M4_T_le_eabi.lib : copy_decompress_lzss.obj (.text:decompress:lzss)
                  2000ab4c    00000068                           : trgmsg.obj (.text)
                  2000abb4    00000004     release_pem4.oem4 (.text:ti_sysbios_knl_Clock_delete)
                  2000abb8    00000068     sysbios.aem4 : BIOS.obj (.text:ti_sysbios_utils_Load_addTask__E)
                  2000ac20    00000066     drivers_cc32xx.aem4 : UARTCC32XX.oem4 (.text:UARTCC32XX_writeCancel)
                  2000ac86    00000066     ti.uia.loggers.aem4 : LoggerStopMode.oem4 (.text:ti_uia_loggers_LoggerStopMode_flush__E)
                  2000acec    00000064     drivers_cc32xx.aem4 : ADCCC32XX.oem4 (.text:ADCCC32XX_convert)
                  2000ad50    00000064                         : UARTCC32XX.oem4 (.text:UARTCC32XX_hwiIntFxn)
                  2000adb4    00000064     rtsv7M4_T_le_eabi.lib : fseek.obj (.text)
                  2000ae18    00000064     sysbios.aem4 : BIOS.obj (.text:ti_sysbios_family_arm_lm4_Timer_Module_startup__E)
                  2000ae7c    00000004     release_pem4.oem4 (.text:ti_sysbios_knl_Semaphore_delete)
                  2000ae80    00000064     sysbios.aem4 : BIOS.obj (.text:ti_sysbios_utils_Load_idleFxn__E)
                  2000aee4    00000062     drivers_cc32xx.aem4 : UARTCC32XX.oem4 (.text:UARTCC32XX_writePolling)
                  2000af46    00000002     release_pem4.oem4 (.text:ti_uia_loggers_LoggerStopMode_setFilterLevel__E)
                  2000af48    00000060     driverlib.a : prcm.obj (.text:PRCMSysResetCauseGet)
                  2000afa8    00000060     ADC_Control.obj (.text:adc_conversion)
                  2000b008    00000060     sysbios.aem4 : BIOS.obj (.text:ti_sysbios_family_arm_m3_Hwi_excReserved__I)
                  2000b068    00000060                  : BIOS.obj (.text:ti_sysbios_family_arm_m3_TimestampProvider_get32__E)
                  2000b0c8    00000060                  : BIOS.obj (.text:ti_sysbios_knl_Clock_logTick__E)
                  2000b128    00000060                  : BIOS.obj (.text:ti_sysbios_utils_Load_logCPULoad__I)
                  2000b188    00000060                  : BIOS.obj (.text:xdc_runtime_Assert_raise__I)
                  2000b1e8    0000005c     display.aem4 : Display.oem4 (.text:Display_doOpen)
                  2000b244    0000005c     drivers_cc32xx.aem4 : PowerCC32XX.oem4 (.text:Power_setDependency)
                  2000b2a0    0000005c     sysbios.aem4 : BIOS.obj (.text:ti_sysbios_family_arm_m3_Timer_setPeriod__E)
                  2000b2fc    00000004     release_pem4.oem4 (.text:ti_sysbios_knl_Task_delete)
                  2000b300    0000005c     sysbios.aem4 : BIOS.obj (.text:ti_sysbios_family_arm_m3_Timer_start__E)
                  2000b35c    00000004     ti.uia.loggers.aem4 : LoggerStopMode.oem4 (.text:ti_uia_loggers_LoggerStopMode_getContents__E)
                  2000b360    0000005c     sysbios.aem4 : BIOS.obj (.text:ti_sysbios_knl_Clock_Instance_init__E)
                  2000b3bc    00000004     release_pem4.oem4 (.text:ti_uia_loggers_LoggerStopMode_getFilterLevel__E)
                  2000b3c0    0000005c     sysbios.aem4 : BIOS.obj (.text:ti_sysbios_knl_Swi_schedule__I)
                  2000b41c    00000004     ti.uia.loggers.aem4 : LoggerStopMode.oem4 (.text:ti_uia_loggers_LoggerStopMode_getInstanceId__E)
                  2000b420    0000005c     sysbios.aem4 : BIOS.obj (.text:xdc_runtime_Startup_exec__E)
                  2000b47c    00000058     drivers_cc32xx.aem4 : GPIOCC32XX.oem4 (.text:GPIO_setCallback)
                  2000b4d4    00000058     driverlib.a : prcm.obj (.text:PRCMPeripheralReset)
                  2000b52c    00000058     drivers_cc32xx.aem4 : PowerCC32XX.oem4 (.text:Power_releaseDependency)
                  2000b584    00000054     release_pem4.oem4 (.text:ti_sysbios_family_arm_m3_Hwi_create)
                  2000b5d8    00000054     sysbios.aem4 : BIOS.obj (.text:ti_sysbios_family_arm_m3_Hwi_excSvCall__I)
                  2000b62c    00000054     release_pem4.oem4 (.text:ti_sysbios_utils_Load_hwiBeginHook__E)
                  2000b680    00000054     sysbios.aem4 : BIOS.obj (.text:ti_sysbios_utils_Load_taskSwitchHook__E)
                  2000b6d4    00000004     ti.uia.loggers.aem4 : LoggerStopMode.oem4 (.text:ti_uia_loggers_LoggerStopMode_getMaxLength__E)
                  2000b6d8    00000054     sysbios.aem4 : BIOS.obj (.text:xdc_runtime_Core_assignLabel__I)
                  2000b72c    00000052     drivers_cc32xx.aem4 : PowerCC32XX.oem4 (.text:PowerCC32XX_parkPin)
                  2000b77e    00000052                         : PowerCC32XX_asm.oem4 (.text:PowerCC32XX_resumeLPDS)
                  2000b7d0    00000050     sysbios.aem4 : BIOS.obj (.text:ti_sysbios_family_arm_m3_Hwi_excNoIsr__I)
                  2000b820    00000050                  : BIOS.obj (.text:ti_sysbios_utils_Load_taskDeleteHook__E)
                  2000b870    0000004c     drivers_cc32xx.aem4 : GPIOCC32XX.oem4 (.text:GPIO_enableInt)
                  2000b8bc    0000004c                         : PowerCC32XX.oem4 (.text:restorePeriphClocks)
                  2000b908    0000004c     rtsv7M4_T_le_eabi.lib : cpy_tbl.obj (.text)
                  2000b954    00000004     ti.uia.loggers.aem4 : LoggerStopMode.oem4 (.text:ti_uia_loggers_LoggerStopMode_getPriority__E)
                  2000b958    0000004c     sysbios.aem4 : BIOS.obj (.text:ti_sysbios_family_arm_m3_Hwi_excNmi__I)
                  2000b9a4    0000004c                  : m3_TaskSupport_asm.obj (.text:ti_sysbios_family_arm_m3_TaskSupport_buildTaskStack)
                  2000b9f0    0000004c                  : BIOS.obj (.text:ti_sysbios_family_arm_m3_Timer_setPeriodMicroSecs__E)
                  2000ba3c    00000004     ti.uia.loggers.aem4 : LoggerStopMode.oem4 (.text:ti_uia_loggers_LoggerStopMode_getTransferType__E)
                  2000ba40    0000004c     sysbios.aem4 : BIOS.obj (.text:ti_sysbios_heaps_HeapMem_getStats__E)
                  2000ba8c    00000004     release_pem4.oem4 (.text:xdc_runtime_System_Module_GateProxy_enter__E)
                  2000ba90    0000004c     sysbios.aem4 : BIOS.obj (.text:ti_sysbios_knl_Swi_runLoop__I)
                  2000badc    00000004     release_pem4.oem4 (.text:xdc_runtime_System_Module_GateProxy_leave__E)
                  2000bae0    0000004c     sysbios.aem4 : BIOS.obj (.text:ti_sysbios_knl_Task_allBlockedFunction__I)
                  2000bb2c    0000004c     ti.uia.loggers.aem4 : LoggerStopMode.oem4 (.text:ti_uia_loggers_LoggerStopMode_Module_startup__E)
                  2000bb78    0000004a     display.aem4 : DisplayUart.oem4 (.text:DisplayUartMin_open)
                  2000bbc2    00000002     ti.uia.loggers.aem4 : LoggerStopMode.oem4 (.text:ti_uia_loggers_LoggerStopMode_setPriority__E)
                  2000bbc4    00000048     dpl_cc32xx.aem4 : ClockP_tirtos.oem4 (.text:ClockP_create)
                  2000bc0c    00000048     driverlib.a : flash.obj (.text:FlashDisable)
                  2000bc54    00000048                 : prcm.obj (.text:PRCMLPDSEnter)
                  2000bc9c    00000048                 : prcm.obj (.text:PRCMPeripheralClkEnable)
                  2000bce4    00000048     drivers_cc32xx.aem4 : PowerCC32XX.oem4 (.text:Power_releaseConstraint)
                  2000bd2c    00000048     rtsv7M4_T_le_eabi.lib : fd_toi_t2.obj (.text)
                  2000bd74    00000002     release_pem4.oem4 (.text:xdc_runtime_Startup_reset__I)
                  2000bd76    00000002     --HOLE-- [fill = 0]
                  2000bd78    00000048     sysbios.aem4 : BIOS.obj (.text:ti_sysbios_family_arm_m3_Hwi_disableInterrupt__E)
                  2000bdc0    00000048                  : BIOS.obj (.text:ti_sysbios_family_arm_m3_Hwi_enableInterrupt__E)
                  2000be08    00000048                  : m3_Hwi_asm_switch.obj (.text:ti_sysbios_family_arm_m3_Hwi_initStacks__E)
                  2000be50    00000048                  : BIOS.obj (.text:ti_sysbios_family_arm_m3_Timer_initDevice__I)
                  2000be98    00000048                  : BIOS.obj (.text:ti_sysbios_knl_Task_deleteTerminatedTasksFunc__I)
                  2000bee0    00000046     display.aem4 : DisplayUart.oem4 (.text:DisplayUartMin_vprintf)
                  2000bf26    00000046     drivers_cc32xx.aem4 : RingBuf.oem4 (.text:RingBuf_put)
                  2000bf6c    00000004     --HOLE-- [fill = 0]
                  2000bf70    00000046     sysbios.aem4 : BIOS.obj (.text:xdc_runtime_Core_assignParams__I)
                  2000bfb6    00000002     --HOLE-- [fill = 0]
                  2000bfb8    00000044     drivers_cc32xx.aem4 : ADC.oem4 (.text:ADC_init)
                  2000bffc    00000044     driverlib.a : prcm.obj (.text:PRCMLPDSRestoreInfoSet)
                  2000c040    00000044     drivers_cc32xx.aem4 : PowerCC32XX_asm.oem4 (.text:PowerCC32XX_enterLPDS)
                  2000c084    00000044                         : UART.oem4 (.text:UART_init)
                  2000c0c8    00000044     boot.aem4 : boot.oem4 (.text)
                  2000c10c    00000044     drivers_cc32xx.aem4 : PowerCC32XX.oem4 (.text:notify)
                  2000c150    00000044     rtsv7M4_T_le_eabi.lib : fd_tou_t2.obj (.text)
                  2000c194    00000004     --HOLE-- [fill = 0]
                  2000c198    00000044     sysbios.aem4 : BIOS.obj (.text:ti_sysbios_family_arm_m3_Hwi_getStackInfo__E)
                  2000c1dc    00000004     --HOLE-- [fill = 0]
                  2000c1e0    00000044                  : BIOS.obj (.text:ti_sysbios_utils_Load_removeTask__E)
                  2000c224    00000004     --HOLE-- [fill = 0]
                  2000c228    00000044                  : BIOS.obj (.text:ti_sysbios_utils_Load_swiBeginHook__E)
                  2000c26c    00000044     ti.uia.loggers.aem4 : LoggerStopMode.oem4 (.text:ti_uia_loggers_LoggerStopMode_initBuffer__I)
                  2000c2b0    00000044     sysbios.aem4 : BIOS.obj (.text:xdc_runtime_System_atexit__E)
                  2000c2f4    00000040     dpl_cc32xx.aem4 : HwiP_tirtos.oem4 (.text:HwiP_create)
                  2000c334    00000040     driverlib.a : pin.obj (.text:PinModeSet)
                  2000c374    00000040     drivers_cc32xx.aem4 : RingBuf.oem4 (.text:RingBuf_get)
                  2000c3b4    00000040                         : UARTCC32XX.oem4 (.text:UARTCC32XX_read)
                  2000c3f4    00000040     rtsv7M4_T_le_eabi.lib : u_divt2.obj (.text)
                  2000c434    00000004     --HOLE-- [fill = 0]
                  2000c438    00000040     sysbios.aem4 : BIOS.obj (.text:ti_sysbios_family_arm_lm4_Timer_startup__E)
                  2000c478    00000040                  : BIOS.obj (.text:ti_sysbios_family_arm_m3_Timer_Module_startup__E)
                  2000c4b8    00000040                  : BIOS.obj (.text:ti_sysbios_heaps_HeapMem_Instance_init__E)
                  2000c4f8    0000003c     drivers_cc32xx.aem4 : ADC.oem4 (.text:ADC_open)
                  2000c534    0000003c                         : PowerCC32XX.oem4 (.text:Power_setConstraint)
                  2000c570    0000003c     dpl_cc32xx.aem4 : SemaphoreP_tirtos.oem4 (.text:SemaphoreP_create)
                  2000c5ac    0000003c     drivers_cc32xx.aem4 : UART.oem4 (.text:UART_open)
                  2000c5e8    0000003c     dpl_cc32xx.aem4 : PowerCC32XX_tirtos.oem4 (.text:getCountsRTC)
                  2000c624    0000003c     release_pem4.oem4 (.text:ti_sysbios_knl_Clock_create)
                  2000c660    0000003c     sysbios.aem4 : BIOS.obj (.text:ti_sysbios_knl_Clock_walkQueuePeriodic__E)
                  2000c69c    00000004     --HOLE-- [fill = 0]
                  2000c6a0    0000003c                  : BIOS.obj (.text:ti_sysbios_knl_Swi_restore__E)
                  2000c6dc    00000004     --HOLE-- [fill = 0]
                  2000c6e0    0000003c                  : BIOS.obj (.text:ti_sysbios_utils_Load_hwiEndHook__E)
                  2000c71c    00000004     --HOLE-- [fill = 0]
                  2000c720    0000003c                  : BIOS.obj (.text:xdc_runtime_System_processAtExit__E)
                  2000c75c    00000038     driverlib.a : prcm.obj (.text:PRCMLPDSEnterKeepDebugIf)
                  2000c794    00000038     rtsv7M4_T_le_eabi.lib : fs_tod_t2.obj (.text)
                  2000c7cc    00000038     release_pem4.oem4 (.text:ti_sysbios_BIOS_startFunc__I)
                  2000c804    00000004     --HOLE-- [fill = 0]
                  2000c808    00000038     sysbios.aem4 : BIOS.obj (.text:ti_sysbios_knl_Task_processVitalTaskFlag__I)
                  2000c840    00000036     drivers_cc32xx.aem4 : PowerCC32XX.oem4 (.text:PowerCC32XX_restoreParkedPin)
                  2000c876    00000036                         : UARTCC32XX.oem4 (.text:UARTCC32XX_readCancel)
                  2000c8ac    00000036     rtsv7M4_T_le_eabi.lib : strncpy.obj (.text)
                  2000c8e2    00000002     --HOLE-- [fill = 0]
                  2000c8e4    00000034     driverlib.a : pin.obj (.text:PinModeGet)
                  2000c918    00000034     drivers_cc32xx.aem4 : PowerCC32XX.oem4 (.text:PowerCC32XX_restoreParkState)
                  2000c94c    00000004     --HOLE-- [fill = 0]
                  2000c950    00000034     sysbios.aem4 : BIOS.obj (.text:ti_sysbios_family_arm_m3_Timer_periodicStub__I)
                  2000c984    00000034     release_pem4.oem4 (.text:ti_sysbios_knl_Semaphore_create)
                  2000c9b8    00000034     sysbios.aem4 : BIOS.obj (.text:ti_sysbios_utils_Load_startup__E)
                  2000c9ec    00000004     --HOLE-- [fill = 0]
                  2000c9f0    00000034                  : BIOS.obj (.text:ti_sysbios_utils_Load_swiEndHook__E)
                  2000ca24    00000034     ti.uia.loggers.aem4 : LoggerStopMode.oem4 (.text:ti_uia_loggers_LoggerStopMode_reset__E)
                  2000ca58    00000032     sysbios.aem4 : BIOS.obj (.text:ti_sysbios_hal_Hwi_initStack)
                  2000ca8a    00000006     dpl_cc32xx.aem4 : ClockP_tirtos.oem4 (.text:ClockP_Params_init)
                  2000ca90    00000032     sysbios.aem4 : BIOS.obj (.text:ti_sysbios_knl_Semaphore_pendTimeout__I)
                  2000cac2    00000002     --HOLE-- [fill = 0]
                  2000cac4    00000030     release_pem4.oem4 (.text:ti_sysbios_BIOS_atExitFunc__I)
                  2000caf4    00000004     --HOLE-- [fill = 0]
                  2000caf8    00000030     sysbios.aem4 : BIOS.obj (.text:ti_sysbios_family_arm_lm4_Timer_stop__E)
                  2000cb28    00000030                  : BIOS.obj (.text:ti_sysbios_family_arm_m3_TaskSupport_start__E)
                  2000cb58    00000030     release_pem4.oem4 (.text:ti_sysbios_gates_GateHwi_Object__create__S)
                  2000cb88    00000030     release_pem4.oem4 (.text:ti_sysbios_gates_GateMutex_Object__create__S)
                  2000cbb8    00000030     sysbios.aem4 : BIOS.obj (.text:ti_sysbios_gates_GateMutex_enter__E)
                  2000cbe8    00000030     release_pem4.oem4 (.text:ti_sysbios_heaps_HeapMem_Object__create__S)
                  2000cc18    00000030     release_pem4.oem4 (.text:ti_sysbios_knl_Semaphore_construct)
                  2000cc48    00000030     release_pem4.oem4 (.text:ti_uia_loggers_LoggerStopMode_Object__create__S)
                  2000cc78    0000002e     rtsv7M4_T_le_eabi.lib : i_tofd_t2.obj (.text)
                  2000cca6    0000002e     release_pem4.oem4 (.text:ti_sysbios_rts_gnu_MemAlloc_alloc)
                  2000ccd4    0000002c     dpl_cc32xx.aem4 : SemaphoreP_tirtos.oem4 (.text:SemaphoreP_createBinary)
                  2000cd00    0000002c     release_pem4.oem4 (.text:ti_sysbios_knl_Clock_doTick__I)
                  2000cd2c    0000002c     release_pem4.oem4 (.text:ti_sysbios_knl_Queue_construct)
                  2000cd58    0000002c     sysbios.aem4 : BIOS.obj (.text:ti_sysbios_knl_Task_restore__E)
                  2000cd84    0000002a     display.aem4 : Display.oem4 (.text:Display_doPrintf)
                  2000cdae    00000002     --HOLE-- [fill = 0]
                  2000cdb0    00000028     driverlib.a : prcm.obj (.text:PRCMPeripheralClkDisable)
                  2000cdd8    00000028     drivers_cc32xx.aem4 : PowerCC32XX.oem4 (.text:PowerCC32XX_getParkState)
                  2000ce00    00000028     dpl_cc32xx.aem4 : PowerCC32XX_tirtos.oem4 (.text:PowerCC32XX_initPolicy)
                  2000ce28    00000028     drivers_cc32xx.aem4 : PowerCC32XX.oem4 (.text:Power_registerNotify)
                  2000ce50    00000026                         : List.oem4 (.text:List_put)
                  2000ce76    00000002     --HOLE-- [fill = 0]
                  2000ce78    00000026     sysbios.aem4 : BIOS.obj (.text:xdc_runtime_System_printf_va__F)
                  2000ce9e    00000002     --HOLE-- [fill = 0]
                  2000cea0    00000024     release_pem4.oem4 (.text:ti_sysbios_BIOS_registerRTSLock__I)
                  2000cec4    00000024     release_pem4.oem4 (.text:ti_sysbios_BIOS_removeRTSLock__I)
                  2000cee8    00000024     sysbios.aem4 : BIOS.obj (.text:ti_sysbios_family_arm_m3_Timer_startup__E)
                  2000cf0c    00000024     release_pem4.oem4 (.text:ti_sysbios_gates_GateMutex_Object__delete__S)
                  2000cf30    00000024     sysbios.aem4 : BIOS.obj (.text:ti_sysbios_knl_Clock_Module_startup__E)
                  2000cf54    00000024     release_pem4.oem4 (.text:ti_sysbios_knl_Clock_Object__delete__S)
                  2000cf78    00000024     sysbios.aem4 : BIOS.obj (.text:ti_sysbios_knl_Clock_start__E)
                  2000cf9c    00000004     --HOLE-- [fill = 0]
                  2000cfa0    00000024                  : BIOS.obj (.text:ti_sysbios_knl_Semaphore_Instance_init__E)
                  2000cfc4    00000024     release_pem4.oem4 (.text:ti_sysbios_knl_Semaphore_Object__delete__S)
                  2000cfe8    00000024     sysbios.aem4 : BIOS.obj (.text:ti_sysbios_knl_Task_restoreHwi__E)
                  2000d00c    00000004     --HOLE-- [fill = 0]
                  2000d010    00000024                  : BIOS.obj (.text:xdc_runtime_Error_policyMin__E)
                  2000d034    00000004     --HOLE-- [fill = 0]
                  2000d038    00000022                  : BIOS.obj (.text:ti_sysbios_family_arm_lm4_Timer_write__I)
                  2000d05a    00000002     --HOLE-- [fill = 0]
                  2000d05c    00000020     drivers_cc32xx.aem4 : ADCCC32XX.oem4 (.text:ADCCC32XX_convertToMicroVolts)
                  2000d07c    00000020                         : PowerCC32XX.oem4 (.text:Power_unregisterNotify)
                  2000d09c    00000020                         : RingBuf.oem4 (.text:RingBuf_peek)
                  2000d0bc    00000020                         : UARTCC32XX.oem4 (.text:getPowerMgrId)
                  2000d0dc    00000020     rtsv7M4_T_le_eabi.lib : u_tofd_t2.obj (.text)
                  2000d0fc    00000004     --HOLE-- [fill = 0]
                  2000d100    00000020     sysbios.aem4 : BIOS.obj (.text:sleep)
                  2000d120    00000020     release_pem4.oem4 (.text:ti_sysbios_BIOS_rtsLock__I)
                  2000d140    00000020     release_pem4.oem4 (.text:ti_sysbios_family_arm_m3_Hwi_Object__delete__S)
                  2000d160    00000020     sysbios.aem4 : m3_Hwi_asm.obj (.text:ti_sysbios_family_arm_m3_Hwi_excHandlerAsm__I)
                  2000d180    00000020                  : BIOS.obj (.text:ti_sysbios_family_arm_m3_Hwi_excHandler__I)
                  2000d1a0    00000020                  : BIOS.obj (.text:ti_sysbios_family_arm_m3_TimestampProvider_Module_startup__E)
                  2000d1c0    00000020     release_pem4.oem4 (.text:ti_sysbios_gates_GateHwi_Object__delete__S)
                  2000d1e0    00000020     release_pem4.oem4 (.text:ti_sysbios_heaps_HeapMem_Object__delete__S)
                  2000d200    00000020     sysbios.aem4 : BIOS.obj (.text:ti_sysbios_knl_Idle_run__E)
                  2000d220    00000020     release_pem4.oem4 (.text:ti_sysbios_knl_Semaphore_destruct)
                  2000d240    00000020     release_pem4.oem4 (.text:ti_sysbios_knl_Task_Object__delete__S)
                  2000d260    00000020     release_pem4.oem4 (.text:ti_uia_loggers_LoggerStopMode_Object__delete__S)
                  2000d280    00000020     sysbios.aem4 : BIOS.obj (.text:xdc_runtime_SysMin_Module_startup__E)
                  2000d2a0    00000020                  : BIOS.obj (.text:xdc_runtime_SysStd_abort__E)
                  2000d2c0    0000001e                  : m3_Hwi_asm_switch.obj (.text:ti_sysbios_family_xxx_Hwi_switchAndRunFunc)
                  2000d2de    00000002     --HOLE-- [fill = 0]
                  2000d2e0    0000001c     driverlib.a : pin.obj (.text:PinToPadGet)
                  2000d2fc    00000004     --HOLE-- [fill = 0]
                  2000d300    0000001c     sysbios.aem4 : BIOS.obj (.text:ti_sysbios_family_arm_m3_Timer_stop__E)
                  2000d31c    00000004     --HOLE-- [fill = 0]
                  2000d320    0000001c                  : BIOS.obj (.text:ti_sysbios_gates_GateMutex_Instance_init__E)
                  2000d33c    00000004     --HOLE-- [fill = 0]
                  2000d340    0000001c                  : BIOS.obj (.text:ti_sysbios_knl_Clock_Instance_finalize__E)
                  2000d35c    0000001c     release_pem4.oem4 (.text:ti_sysbios_knl_Queue_destruct)
                  2000d378    0000001c     sysbios.aem4 : BIOS.obj (.text:ti_sysbios_knl_Queue_put__E)
                  2000d394    00000004     --HOLE-- [fill = 0]
                  2000d398    0000001c                  : BIOS.obj (.text:ti_sysbios_knl_Task_enter__I)
                  2000d3b4    0000001c     ti.uia.loggers.aem4 : LoggerStopMode.oem4 (.text:ti_uia_loggers_LoggerStopMode_Instance_init__E)
                  2000d3d0    0000001a     sysbios.aem4 : m3_Hwi_asm.obj (.text:ti_sysbios_family_arm_m3_Hwi_pendSV__I)
                  2000d3ea    00000006     display.aem4 : DisplayUart.oem4 (.text:DisplayUartMin_control)
                  2000d3f0    0000001a     sysbios.aem4 : BIOS.obj (.text:ti_sysbios_knl_Task_sleepTimeout__I)
                  2000d40a    0000001a     release_pem4.oem4 (.text:xdc_runtime_System_printf__E)
                  2000d424    00000018     drivers_cc32xx.aem4 : PowerCC32XX.oem4 (.text:Power_idleFunc)
                  2000d43c    00000018     driverlib.a : uart.obj (.text:UARTBusy)
                  2000d454    00000018                 : uart.obj (.text:UARTIntEnable)
                  2000d46c    00000018     drivers_cc32xx.aem4 : UART.oem4 (.text:UART_Params_init)
                  2000d484    00000018     release_pem4.oem4 (.text:free)
                  2000d49c    00000018     rtsv7M4_T_le_eabi.lib : args_main.obj (.text)
                  2000d4b4    00000018                           : ll_mul_t2.obj (.text)
                  2000d4cc    00000018                           : strcmp.obj (.text)
                  2000d4e4    00000018     release_pem4.oem4 (.text:ti_sysbios_BIOS_rtsUnlock__I)
                  2000d4fc    00000018     release_pem4.oem4 (.text:ti_sysbios_family_arm_lm4_Timer_Module__startupDone__F)
                  2000d514    00000018     release_pem4.oem4 (.text:ti_sysbios_family_arm_m3_Hwi_Handle__label__S)
                  2000d52c    00000018     release_pem4.oem4 (.text:ti_sysbios_family_arm_m3_Hwi_Module__startupDone__F)
                  2000d544    00000018     release_pem4.oem4 (.text:ti_sysbios_family_arm_m3_Timer_Module__startupDone__F)
                  2000d55c    00000018     release_pem4.oem4 (.text:ti_sysbios_gates_GateHwi_Handle__label__S)
                  2000d574    00000018     release_pem4.oem4 (.text:ti_sysbios_gates_GateMutex_Handle__label__S)
                  2000d58c    00000004     --HOLE-- [fill = 0]
                  2000d590    00000018     sysbios.aem4 : BIOS.obj (.text:ti_sysbios_gates_GateMutex_leave__E)
                  2000d5a8    00000018     release_pem4.oem4 (.text:ti_sysbios_heaps_HeapMem_Handle__label__S)
                  2000d5c0    00000018     release_pem4.oem4 (.text:ti_sysbios_knl_Swi_Handle__label__S)
                  2000d5d8    00000018     release_pem4.oem4 (.text:ti_sysbios_knl_Task_Handle__label__S)
                  2000d5f0    00000018     release_pem4.oem4 (.text:ti_uia_loggers_LoggerStopMode_Handle__label__S)
                  2000d608    00000018     sysbios.aem4 : BIOS.obj (.text:xdc_runtime_Error_init__E)
                  2000d620    00000018                  : BIOS.obj (.text:xdc_runtime_System_exit__E)
                  2000d638    00000016     display.aem4 : DisplayUart.oem4 (.text:DisplayUartMin_close)
                  2000d64e    00000016     drivers_cc32xx.aem4 : List.oem4 (.text:List_remove)
                  2000d664    00000016     driverlib.a : prcm.obj (.text:PRCMHIBRegRead)
                  2000d67a    00000016                 : prcm.obj (.text:PRCMHIBRegWrite)
                  2000d690    00000016     rtsv7M4_T_le_eabi.lib : strchr.obj (.text)
                  2000d6a6    00000016     release_pem4.oem4 (.text:ti_sysbios_BIOS_exitFunc__I)
                  2000d6bc    00000016     ti.uia.loggers.aem4 : LoggerStopMode.oem4 (.text:ti_uia_loggers_LoggerStopMode_disable__E)
                  2000d6d2    00000016                         : LoggerStopMode.oem4 (.text:ti_uia_loggers_LoggerStopMode_enable__E)
                  2000d6e8    00000014     drivers_cc32xx.aem4 : PowerCC32XX.oem4 (.text:Power_getDependencyCount)
                  2000d6fc    00000014                         : UARTCC32XX.oem4 (.text:releasePowerConstraint)
                  2000d710    00000014     rtsv7M4_T_le_eabi.lib : _lock.obj (.text)
                  2000d724    00000014                           : strcpy.obj (.text)
                  2000d738    00000014                           : strlen.obj (.text)
                  2000d74c    00000014     release_pem4.oem4 (.text:ti_sysbios_family_arm_m3_Hwi_Object__get__S)
                  2000d760    00000014     sysbios.aem4 : BIOS.obj (.text:ti_sysbios_family_arm_m3_Hwi_switchFromBootStack__E)
                  2000d774    00000014     release_pem4.oem4 (.text:ti_sysbios_heaps_HeapMem_Object__get__S)
                  2000d788    00000014     sysbios.aem4 : BIOS.obj (.text:ti_sysbios_knl_Clock_tickReconfig__E)
                  2000d79c    00000014     release_pem4.oem4 (.text:ti_sysbios_knl_Swi_Object__get__S)
                  2000d7b0    00000014     release_pem4.oem4 (.text:ti_sysbios_knl_Task_Object__first__S)
                  2000d7c4    00000014     release_pem4.oem4 (.text:ti_sysbios_knl_Task_Object__get__S)
                  2000d7d8    00000014     release_pem4.oem4 (.text:ti_sysbios_knl_Task_Object__next__S)
                  2000d7ec    00000012     drivers_cc32xx.aem4 : RingBuf.oem4 (.text:RingBuf_construct)
                  2000d7fe    00000012     dpl_cc32xx.aem4 : SemaphoreP_tirtos.oem4 (.text:SemaphoreP_pend)
                  2000d810    00000012     sysbios.aem4 : BIOS.obj (.text:ti_sysbios_hal_Hwi_Module_startup__E)
                  2000d822    00000006     display.aem4 : DisplayUart.oem4 (.text:DisplayUartMin_getType)
                  2000d828    00000012     sysbios.aem4 : BIOS.obj (.text:ti_sysbios_hal_Timer_Module_startup__E)
                  2000d83a    00000012     release_pem4.oem4 (.text:xdc_runtime_Startup_exec__I)
                  2000d84c    00000010     dpl_cc32xx.aem4 : HwiP_tirtos.oem4 (.text:HwiP_Params_init)
                  2000d85c    00000010     drivers_cc32xx.aem4 : UARTCC32XX.oem4 (.text:readBlockingTimeout)
                  2000d86c    00000004     --HOLE-- [fill = 0]
                  2000d870    00000010     sysbios.aem4 : BIOS.obj (.text:ti_sysbios_BIOS_getCpuFreq__E)
                  2000d880    00000010                  : BIOS.obj (.text:ti_sysbios_BIOS_setThreadType__E)
                  2000d890    00000010                  : BIOS.obj (.text:ti_sysbios_BIOS_start__E)
                  2000d8a0    00000010                  : m3_TaskSupport_asm.obj (.text:ti_sysbios_family_arm_m3_TaskSupport_glue)
                  2000d8b0    00000010                  : m3_TaskSupport_asm.obj (.text:ti_sysbios_family_arm_m3_TaskSupport_swap__E)
                  2000d8c0    00000010                  : BIOS.obj (.text:ti_sysbios_gates_GateMutex_Instance_finalize__E)
                  2000d8d0    00000010     release_pem4.oem4 (.text:ti_sysbios_knl_Mailbox_Object__get__S)
                  2000d8e0    00000010     sysbios.aem4 : BIOS.obj (.text:ti_sysbios_knl_Semaphore_Instance_finalize__E)
                  2000d8f0    00000010                  : BIOS.obj (.text:ti_sysbios_knl_Swi_disable__E)
                  2000d900    00000010                  : BIOS.obj (.text:ti_sysbios_knl_Task_disable__E)
                  2000d910    00000010     release_pem4.oem4 (.text:ti_uia_loggers_LoggerStopMode_Object__get__S)
                  2000d920    00000010     ti.uia.loggers.aem4 : LoggerStopMode.oem4 (.text:ti_uia_loggers_LoggerStopMode_isEmpty__E)
                  2000d930    00000010     sysbios.aem4 : BIOS.obj (.text:xdc_runtime_Gate_leaveSystem__E)
                  2000d940    00000010                  : BIOS.obj (.text:xdc_runtime_Memory_free__E)
                  2000d950    00000010                  : BIOS.obj (.text:xdc_runtime_System_vsnprintf__E)
                  2000d960    0000000e     rtsv7M4_T_le_eabi.lib : copy_decompress_none.obj (.text:decompress:none)
                  2000d96e    0000000e     mian.obj (.text:main)
                  2000d97c    00000004     --HOLE-- [fill = 0]
                  2000d980    0000000e     sysbios.aem4 : BIOS.obj (.text:ti_sysbios_knl_Idle_loop__E)
                  2000d98e    00000002     --HOLE-- [fill = 0]
                  2000d990    0000000e                  : BIOS.obj (.text:ti_sysbios_knl_Queue_empty__E)
                  2000d99e    0000000c     CC3220S_LAUNCHXL.obj (.text:CC3220S_LAUNCHXL_initGeneral)
                  2000d9aa    0000000c     dpl_cc32xx.aem4 : ClockP_tirtos.oem4 (.text:ClockP_delete)
                  2000d9b6    00000002     --HOLE-- [fill = 0]
                  2000d9b8    0000000c                     : ClockP_tirtos.oem4 (.text:ClockP_getSystemTickPeriod)
                  2000d9c4    0000000c                     : HwiP_tirtos.oem4 (.text:HwiP_delete)
                  2000d9d0    0000000c     drivers_cc32xx.aem4 : PowerCC32XX.oem4 (.text:Power_getConstraintMask)
                  2000d9dc    0000000c     dpl_cc32xx.aem4 : SemaphoreP_tirtos.oem4 (.text:SemaphoreP_delete)
                  2000d9e8    0000000c     rtsv7M4_T_le_eabi.lib : copy_zero_init.obj (.text:decompress:ZI)
                  2000d9f4    0000000c     drivers_cc32xx.aem4 : UARTCC32XX.oem4 (.text:postNotifyFxn)
                  2000da00    0000000c     release_pem4.oem4 (.text:ti_sysbios_family_arm_m3_Hwi_Params__init__S)
                  2000da0c    00000004     --HOLE-- [fill = 0]
                  2000da10    0000000c     sysbios.aem4 : BIOS.obj (.text:ti_sysbios_family_arm_m3_Hwi_disableFxn__E)
                  2000da1c    00000004     --HOLE-- [fill = 0]
                  2000da20    0000000c                  : BIOS.obj (.text:ti_sysbios_gates_GateHwi_enter__E)
                  2000da2c    0000000c     release_pem4.oem4 (.text:ti_sysbios_knl_Clock_Params__init__S)
                  2000da38    0000000c     sysbios.aem4 : BIOS.obj (.text:ti_sysbios_knl_Clock_getTicks__E)
                  2000da44    00000004     --HOLE-- [fill = 0]
                  2000da48    0000000c                  : BIOS.obj (.text:ti_sysbios_knl_Clock_setTicks__E)
                  2000da54    00000004     --HOLE-- [fill = 0]
                  2000da58    0000000c                  : BIOS.obj (.text:ti_sysbios_knl_Clock_tickStart__E)
                  2000da64    00000004     --HOLE-- [fill = 0]
                  2000da68    0000000c                  : BIOS.obj (.text:ti_sysbios_knl_Clock_tickStop__E)
                  2000da74    0000000c     release_pem4.oem4 (.text:ti_sysbios_knl_Queue_Object__get__S)
                  2000da80    0000000c     release_pem4.oem4 (.text:ti_sysbios_knl_Semaphore_Params__init__S)
                  2000da8c    00000004     --HOLE-- [fill = 0]
                  2000da90    0000000c     sysbios.aem4 : BIOS.obj (.text:ti_sysbios_utils_Load_taskRegHook__E)
                  2000da9c    00000004     --HOLE-- [fill = 0]
                  2000daa0    0000000c                  : BIOS.obj (.text:xdc_runtime_Gate_enterSystem__E)
                  2000daac    00000004     --HOLE-- [fill = 0]
                  2000dab0    0000000c                  : BIOS.obj (.text:xdc_runtime_Startup_rtsDone__E)
                  2000dabc    00000004     --HOLE-- [fill = 0]
                  2000dac0    0000000c                  : BIOS.obj (.text:xdc_runtime_SysStd_exit__E)
                  2000dacc    0000000a     drivers_cc32xx.aem4 : ADC.oem4 (.text:ADC_Params_init)
                  2000dad6    0000000a                         : ADC.oem4 (.text:ADC_convert)
                  2000dae0    0000000a                         : ADC.oem4 (.text:ADC_convertToMicroVolts)
                  2000daea    0000000a                         : List.oem4 (.text:List_empty)
                  2000daf4    0000000a                         : UART.oem4 (.text:UART_close)
                  2000dafe    0000000a                         : UART.oem4 (.text:UART_control)
                  2000db08    0000000a                         : UART.oem4 (.text:UART_write)
                  2000db12    0000000a     release_pem4.oem4 (.text:xdc_runtime_IHeap_alloc)
                  2000db1c    0000000a     release_pem4.oem4 (.text:xdc_runtime_IHeap_free)
                  2000db26    00000008     drivers_cc32xx.aem4 : ADCCC32XX.oem4 (.text:ADCCC32XX_init)
                  2000db2e    00000008     dpl_cc32xx.aem4 : SemaphoreP_tirtos.oem4 (.text:SemaphoreP_Params_init)
                  2000db36    00000008     drivers_cc32xx.aem4 : UARTCC32XX.oem4 (.text:readSemCallback)
                  2000db3e    00000008     sysbios.aem4 : BIOS.obj (.text:ti_sysbios_family_arm_lm4_Timer_masterDisable__I)
                  2000db46    00000002     --HOLE-- [fill = 0]
                  2000db48    00000008                  : BIOS.obj (.text:ti_sysbios_family_arm_m3_Hwi_doSwiRestore__I)
                  2000db50    00000008                  : BIOS.obj (.text:ti_sysbios_family_arm_m3_Hwi_startup__E)
                  2000db58    00000008                  : BIOS.obj (.text:ti_sysbios_knl_Task_getHookContext__E)
                  2000db60    00000008     drivers_cc32xx.aem4 : UARTCC32XX.oem4 (.text:writeSemCallback)
                  2000db68    00000006     driverlib.a : utils.obj (.text:UtilsDelay)
                  2000db6e    00000002     --HOLE-- [fill = 0]
                  2000db70    00000006     sysbios.aem4 : BIOS.obj (.text:ti_sysbios_family_arm_m3_Hwi_doTaskRestore__I)
                  2000db76    00000002     --HOLE-- [fill = 0]
                  2000db78    00000006                  : BIOS.obj (.text:ti_sysbios_family_arm_m3_Hwi_restoreFxn__E)
                  2000db7e    00000002     --HOLE-- [fill = 0]
                  2000db80    00000006                  : BIOS.obj (.text:ti_sysbios_gates_GateHwi_leave__E)
                  2000db86    00000002     --HOLE-- [fill = 0]
                  2000db88    00000006                  : BIOS.obj (.text:ti_sysbios_heaps_HeapMem_isBlocking__E)
                  2000db8e    00000002     --HOLE-- [fill = 0]
                  2000db90    00000006                  : BIOS.obj (.text:ti_sysbios_knl_Clock_stop__E)
                  2000db96    00000002     --HOLE-- [fill = 0]
                  2000db98    00000006                  : BIOS.obj (.text:ti_sysbios_knl_Queue_Instance_init__E)
                  2000db9e    00000002     --HOLE-- [fill = 0]
                  2000dba0    00000006                  : BIOS.obj (.text:ti_sysbios_knl_Swi_startup__E)
                  2000dba6    00000002     --HOLE-- [fill = 0]
                  2000dba8    00000006                  : BIOS.obj (.text:xdc_runtime_System_Module_startup__E)
                  2000dbae    00000002     --HOLE-- [fill = 0]
                  2000dbb0    00000004                  : BIOS.obj (.text:ti_sysbios_family_arm_m3_Timer_getMaxTicks__E)
                  2000dbb4    00000004     --HOLE-- [fill = 0]
                  2000dbb8    00000004                  : BIOS.obj (.text:ti_sysbios_gates_GateHwi_query__E)
                  2000dbbc    00000004     --HOLE-- [fill = 0]
                  2000dbc0    00000004                  : BIOS.obj (.text:ti_sysbios_gates_GateMutex_query__E)
                  2000dbc4    00000004     --HOLE-- [fill = 0]
                  2000dbc8    00000004                  : BIOS.obj (.text:ti_sysbios_knl_Clock_setTimeout__E)
                  2000dbcc    00000004     --HOLE-- [fill = 0]
                  2000dbd0    00000004                  : BIOS.obj (.text:ti_sysbios_knl_Task_startup__E)
                  2000dbd4    00000004     --HOLE-- [fill = 0]
                  2000dbd8    00000004                  : BIOS.obj (.text:xdc_runtime_SysStd_putch__E)
                  2000dbdc    00000004     --HOLE-- [fill = 0]
                  2000dbe0    00000004                  : BIOS.obj (.text:xdc_runtime_SysStd_ready__E)
                  2000dbe4    00000004     --HOLE-- [fill = 0]
                  2000dbe8    00000002                  : BIOS.obj (.text:ti_sysbios_BIOS_linkedWithIncorrectBootLibrary__E)
                  2000dbea    00000006     --HOLE-- [fill = 0]
                  2000dbf0    00000002                  : BIOS.obj (.text:ti_sysbios_gates_GateHwi_Instance_init__E)
                  2000dbf2    00000006     --HOLE-- [fill = 0]
                  2000dbf8    00000002                  : BIOS.obj (.text:xdc_runtime_System_abortSpin__E)
                  2000dbfa    00000006     --HOLE-- [fill = 0]
                  2000dc00    00000002                  : BIOS.obj (.text:xdc_runtime_System_exitSpin__E)

.priheap   0    2000dc08    00008000     UNINITIALIZED
                  2000dc08    00008000     --HOLE--

.bss       0    20015c80    00002130     UNINITIALIZED
                  20015c80    00000600     release_pem4.oem4 (.bss:taskStackSection)
                  20016280    00000400     CC3220S_LAUNCHXL.obj (.bss:displayBuf)
                  20016680    00000400     (.common:ti_uia_loggers_LoggerStopMode_Instance_State_1_packetArray__A)
                  20016a80    00000400     (.common:ti_uia_loggers_LoggerStopMode_Instance_State_2_packetArray__A)
                  20016e80    00000400     (.common:xdc_runtime_SysMin_Module_State_0_outbuf__A)
                  20017280    0000030c     (.common:ti_sysbios_family_arm_m3_Hwi_dispatchTable)
                  2001758c    00000040     (.common:uartCC3220SRingBuffer)
                  200175cc    00000020     drivers_cc32xx.aem4 : GPIOCC32XX.oem4 (.bss:gpioCallbackInfo)
                  200175ec    00000014                         : GPIOCC32XX.oem4 (.bss:powerNotifyObj)
                  20017600    00000200     (.common:ti_uia_loggers_LoggerStopMode_Instance_State_0_packetArray__A)
                  20017800    0000012c     (.common:PowerCC32XX_contextSave)
                  2001792c    00000120     rtsv7M4_T_le_eabi.lib : trgmsg.obj (.bss:_CIOBUF_)
                  20017a4c    00000118     (.common:uartCC3220SObjects)
                  20017b64    000000a0     (.common:__TI_tmpnams)
                  20017c04    00000004     drivers_cc32xx.aem4 : GPIOCC32XX.oem4 (.bss)
                  20017c08    0000000c     dpl_cc32xx.aem4 : PowerCC32XX_tirtos.oem4 (.bss)
                  20017c14    0000000c     (.common:displayUartObject)
                  20017c20    00000008     ADC_Control.obj (.bss)
                  20017c28    00000008     rtsv7M4_T_le_eabi.lib : trgdrv.obj (.bss:parmbuf)
                  20017c30    00000004     (.common:ClockP_tickPeriod)
                  20017c34    00000004     (.common:adcCC3220SObjects)
                  20017c38    00000004     (.common:ti_sysbios_family_arm_m3_Hwi_Instance_State_0_hookEnv__A)
                  20017c3c    00000004     (.common:ti_sysbios_knl_Swi_Instance_State_0_hookEnv__A)
                  20017c40    00000004     (.common:ti_sysbios_knl_Task_Instance_State_0_hookEnv__A)
                  20017c44    00000004     (.common:ti_sysbios_knl_Task_Instance_State_1_hookEnv__A)
                  20017c48    00000002     (.common:adc0Value)
                  20017c4a    00000002     (.common:adc0ValueMicroVolt)
                  20017c4c    00000034     --HOLE--
                  20017c80    00000030     (.common:ti_uia_loggers_LoggerStopMode_Instance_State_0_hdr__A)
                  20017cb0    00000050     --HOLE--
                  20017d00    00000030     (.common:ti_uia_loggers_LoggerStopMode_Instance_State_1_hdr__A)
                  20017d30    00000050     --HOLE--
                  20017d80    00000030     (.common:ti_uia_loggers_LoggerStopMode_Instance_State_2_hdr__A)

.const     0    20017db0    00000a94     
                  20017db0    00000100     driverlib.a : pin.obj (.const:g_ulPinToPadMap)
                  20017eb0    000000a8                 : prcm.obj (.const:PRCM_PeriphRegsList)
                  20017f58    00000060     release_pem4.oem4 (.const:ti_uia_loggers_LoggerStopMode_Module__FXNS__C)
                  20017fb8    00000048     release_pem4.oem4 (.const:.string)
                  20018000    00000040     CC3220S_LAUNCHXL.obj (.const:PowerCC32XX_config)
                  20018040    00000040     CC3220S_LAUNCHXL.obj (.const:uartCC3220SHWAttrs)
                  20018080    0000003c     release_pem4.oem4 (.const:ti_sysbios_knl_Task_Object__PARAMS__C)
                  200180bc    00000034     release_pem4.oem4 (.const:xdc_runtime_Startup_sfxnTab__A)
                  200180f0    00000030     release_pem4.oem4 (.const:ti_sysbios_family_arm_m3_Hwi_Object__PARAMS__C)
                  20018120    00000028     drivers_cc32xx.aem4 : UARTCC32XX.oem4 (.const:UARTCC32XX_fxnTable)
                  20018148    00000028     release_pem4.oem4 (.const:ti_sysbios_heaps_HeapMem_Module__FXNS__C)
                  20018170    00000028     release_pem4.oem4 (.const:ti_uia_loggers_LoggerStopMode_Object__PARAMS__C)
                  20018198    00000024     drivers_cc32xx.aem4 : UART.oem4 (.const:UART_defaultParams)
                  200181bc    00000024     release_pem4.oem4 (.const:ti_sysbios_gates_GateHwi_Module__FXNS__C)
                  200181e0    00000024     release_pem4.oem4 (.const:ti_sysbios_gates_GateMutex_Module__FXNS__C)
                  20018204    00000024     release_pem4.oem4 (.const:ti_sysbios_heaps_HeapMem_Object__PARAMS__C)
                  20018228    00000024     release_pem4.oem4 (.const:ti_sysbios_knl_Clock_Object__PARAMS__C)
                  2001824c    00000024     release_pem4.oem4 (.const:ti_sysbios_knl_Semaphore_Object__PARAMS__C)
                  20018270    00000021     drivers_cc32xx.aem4 : GPIOCC32XX.oem4 (.const:.string:pinTable)
                  20018291    00000001     display.aem4 : Display.oem4 (.const:Display_defaultParams)
                  20018292    00000002     release_pem4.oem4 (.const:ti_sysbios_family_arm_m3_Hwi_Module__id__C)
                  20018294    00000020     display.aem4 : DisplayUart.oem4 (.const:DisplayUartMin_fxnTable)
                  200182b4    00000020     drivers_cc32xx.aem4 : UARTCC32XX.oem4 (.const:staticFxnTable)
                  200182d4    00000020     release_pem4.oem4 (.const:ti_sysbios_family_arm_m3_Hwi_Object__DESC__C)
                  200182f4    00000020     release_pem4.oem4 (.const:ti_sysbios_gates_GateHwi_Object__DESC__C)
                  20018314    00000020     release_pem4.oem4 (.const:ti_sysbios_gates_GateMutex_Object__DESC__C)
                  20018334    00000020     release_pem4.oem4 (.const:ti_sysbios_heaps_HeapMem_Object__DESC__C)
                  20018354    00000020     release_pem4.oem4 (.const:ti_sysbios_knl_Clock_Object__DESC__C)
                  20018374    00000020     release_pem4.oem4 (.const:ti_sysbios_knl_Queue_Object__DESC__C)
                  20018394    00000020     release_pem4.oem4 (.const:ti_sysbios_knl_Semaphore_Object__DESC__C)
                  200183b4    00000020     release_pem4.oem4 (.const:ti_sysbios_knl_Task_Object__DESC__C)
                  200183d4    00000020     release_pem4.oem4 (.const:ti_uia_loggers_LoggerStopMode_Object__DESC__C)
                  200183f4    0000001a     release_pem4.oem4 (.const:xdc_runtime_Startup_sfxnRts__A)
                  2001840e    00000002     release_pem4.oem4 (.const:ti_sysbios_family_arm_m3_Hwi_Module__loggerDefined__C)
                  20018410    00000018     drivers_cc32xx.aem4 : ADCCC32XX.oem4 (.const:ADCCC32XX_fxnTable)
                  20018428    00000018     CC3220S_LAUNCHXL.obj (.const:ADC_config)
                  20018440    00000018     CC3220S_LAUNCHXL.obj (.const:UART_config)
                  20018458    00000018     release_pem4.oem4 (.const:ti_sysbios_gates_GateHwi_Object__PARAMS__C)
                  20018470    00000018     release_pem4.oem4 (.const:ti_sysbios_gates_GateMutex_Object__PARAMS__C)
                  20018488    00000018     release_pem4.oem4 (.const:ti_sysbios_knl_Queue_Object__PARAMS__C)
                  200184a0    00000018     release_pem4.oem4 (.const:ti_sysbios_knl_Swi_hooks__A)
                  200184b8    00000018     release_pem4.oem4 (.const:ti_sysbios_knl_Task_hooks__A)
                  200184d0    00000014     CC3220S_LAUNCHXL.obj (.const:GPIOCC32XX_config)
                  200184e4    00000014     CC3220S_LAUNCHXL.obj (.const:displayUartHWAttrs)
                  200184f8    00000014     drivers_cc32xx.aem4 : GPIOCC32XX.oem4 (.const:gpioBaseAddresses)
                  2001850c    00000014                         : UARTCC32XX.oem4 (.const:parityType)
                  20018520    00000014                         : GPIOCC32XX.oem4 (.const:powerResources)
                  20018534    00000014     release_pem4.oem4 (.const:ti_sysbios_family_arm_m3_Hwi_hooks__A)
                  20018548    00000010     drivers_cc32xx.aem4 : UARTCC32XX.oem4 (.const:dataLength)
                  20018558    00000010     release_pem4.oem4 (.const:xdc_runtime_Startup_firstFxns__A)
                  20018568    0000000e     CC3220S_LAUNCHXL.obj (.const)
                  20018576    00000002     release_pem4.oem4 (.const:ti_sysbios_family_arm_m3_Timer_Module__id__C)
                  20018578    0000000c     CC3220S_LAUNCHXL.obj (.const:Display_config)
                  20018584    0000000c     release_pem4.oem4 (.const:ti_sysbios_knl_Idle_funcList__A)
                  20018590    00000008     drivers_cc32xx.aem4 : ADC.oem4 (.const:ADC_defaultParams)
                  20018598    00000008     CC3220S_LAUNCHXL.obj (.const:adcCC3220SHWAttrs)
                  200185a0    00000008     drivers_cc32xx.aem4 : GPIOCC32XX.oem4 (.const:outPinTypes)
                  200185a8    00000008                         : UARTCC32XX.oem4 (.const:stopBits)
                  200185b0    00000008     release_pem4.oem4 (.const:ti_sysbios_family_arm_m3_Hwi_excHookFuncs__A)
                  200185b8    00000008     release_pem4.oem4 (.const:ti_sysbios_family_arm_m3_Hwi_hooks__C)
                  200185c0    00000008     release_pem4.oem4 (.const:ti_sysbios_knl_Idle_funcList__C)
                  200185c8    00000008     release_pem4.oem4 (.const:ti_sysbios_knl_Swi_hooks__C)
                  200185d0    00000008     release_pem4.oem4 (.const:ti_sysbios_knl_Task_hooks__C)
                  200185d8    00000008     release_pem4.oem4 (.const:xdc_runtime_Startup_firstFxns__C)
                  200185e0    00000008     release_pem4.oem4 (.const:xdc_runtime_Startup_lastFxns__C)
                  200185e8    00000006     drivers_cc32xx.aem4 : GPIOCC32XX.oem4 (.const:.string:interruptType)
                  200185ee    00000006                         : GPIOCC32XX.oem4 (.const:inPinTypes)
                  200185f4    00000006                         : GPIOCC32XX.oem4 (.const:outPinStrengths)
                  200185fa    00000004                         : GPIOCC32XX.oem4 (.const:.string:portInterruptIds)
                  200185fe    00000002     release_pem4.oem4 (.const:ti_sysbios_family_arm_m3_TimestampProvider_configTimer__C)
                  20018600    00000004     release_pem4.oem4 (.const:ti_sysbios_family_arm_lm4_Timer_enableFunc__C)
                  20018604    00000004     release_pem4.oem4 (.const:ti_sysbios_family_arm_lm4_Timer_numTimerDevices__C)
                  20018608    00000004     release_pem4.oem4 (.const:ti_sysbios_family_arm_lm4_Timer_startupNeeded__C)
                  2001860c    00000004     release_pem4.oem4 (.const:ti_sysbios_family_arm_m3_Hwi_E_NMI__C)
                  20018610    00000004     release_pem4.oem4 (.const:ti_sysbios_family_arm_m3_Hwi_E_alreadyDefined__C)
                  20018614    00000004     release_pem4.oem4 (.const:ti_sysbios_family_arm_m3_Hwi_E_busFault__C)
                  20018618    00000004     release_pem4.oem4 (.const:ti_sysbios_family_arm_m3_Hwi_E_debugMon__C)
                  2001861c    00000004     release_pem4.oem4 (.const:ti_sysbios_family_arm_m3_Hwi_E_hardFault__C)
                  20018620    00000004     release_pem4.oem4 (.const:ti_sysbios_family_arm_m3_Hwi_E_memFault__C)
                  20018624    00000004     release_pem4.oem4 (.const:ti_sysbios_family_arm_m3_Hwi_E_noIsr__C)
                  20018628    00000004     release_pem4.oem4 (.const:ti_sysbios_family_arm_m3_Hwi_E_reserved__C)
                  2001862c    00000004     release_pem4.oem4 (.const:ti_sysbios_family_arm_m3_Hwi_E_svCall__C)
                  20018630    00000004     release_pem4.oem4 (.const:ti_sysbios_family_arm_m3_Hwi_E_usageFault__C)
                  20018634    00000004     release_pem4.oem4 (.const:ti_sysbios_family_arm_m3_Hwi_LD_end__C)
                  20018638    00000004     release_pem4.oem4 (.const:ti_sysbios_family_arm_m3_Hwi_LM_begin__C)
                  2001863c    00000004     release_pem4.oem4 (.const:ti_sysbios_family_arm_m3_Hwi_Module__diagsEnabled__C)
                  20018640    00000004     release_pem4.oem4 (.const:ti_sysbios_family_arm_m3_Hwi_Module__diagsIncluded__C)
                  20018644    00000004     release_pem4.oem4 (.const:ti_sysbios_family_arm_m3_Hwi_Module__diagsMask__C)
                  20018648    00000004     release_pem4.oem4 (.const:ti_sysbios_family_arm_m3_Hwi_Module__loggerFxn1__C)
                  2001864c    00000004     release_pem4.oem4 (.const:ti_sysbios_family_arm_m3_Hwi_Module__loggerFxn8__C)
                  20018650    00000004     release_pem4.oem4 (.const:ti_sysbios_family_arm_m3_Hwi_Module__loggerObj__C)
                  20018654    00000004     release_pem4.oem4 (.const:ti_sysbios_family_arm_m3_Hwi_NUM_INTERRUPTS__C)
                  20018658    00000004     release_pem4.oem4 (.const:ti_sysbios_family_arm_m3_Hwi_Object__count__C)
                  2001865c    00000004     release_pem4.oem4 (.const:ti_sysbios_family_arm_m3_Hwi_Object__heap__C)
                  20018660    00000004     release_pem4.oem4 (.const:ti_sysbios_family_arm_m3_Hwi_ccr__C)
                  20018664    00000004     release_pem4.oem4 (.const:ti_sysbios_family_arm_m3_Hwi_excHandlerFunc__C)
                  20018668    00000004     release_pem4.oem4 (.const:ti_sysbios_family_arm_m3_Hwi_excHookFuncs__C)
                  2001866c    00000004     release_pem4.oem4 (.const:ti_sysbios_family_arm_m3_Hwi_nullIsrFunc__C)
                  20018670    00000004     release_pem4.oem4 (.const:ti_sysbios_family_arm_m3_Hwi_priGroup__C)
                  20018674    00000004     release_pem4.oem4 (.const:ti_sysbios_family_arm_m3_Hwi_swiDisable__C)
                  20018678    00000004     release_pem4.oem4 (.const:ti_sysbios_family_arm_m3_Hwi_swiRestoreHwi__C)
                  2001867c    00000004     release_pem4.oem4 (.const:ti_sysbios_family_arm_m3_Timer_E_cannotSupport__C)
                  20018680    00000004     release_pem4.oem4 (.const:ti_sysbios_family_arm_m3_Timer_startupNeeded__C)
                  20018684    00000004     release_pem4.oem4 (.const:ti_sysbios_gates_GateMutex_Instance_State_sem__O)
                  20018688    00000004     release_pem4.oem4 (.const:ti_sysbios_heaps_HeapMem_E_memory__C)
                  2001868c    00000004     release_pem4.oem4 (.const:ti_sysbios_heaps_HeapMem_Module__gateObj__C)
                  20018690    00000004     release_pem4.oem4 (.const:ti_sysbios_heaps_HeapMem_Object__count__C)
                  20018694    00000004     release_pem4.oem4 (.const:ti_sysbios_heaps_HeapMem_primaryHeapBaseAddr__C)
                  20018698    00000004     release_pem4.oem4 (.const:ti_sysbios_heaps_HeapMem_primaryHeapEndAddr__C)
                  2001869c    00000004     release_pem4.oem4 (.const:ti_sysbios_heaps_HeapMem_reqAlign__C)
                  200186a0    00000004     release_pem4.oem4 (.const:ti_sysbios_knl_Clock_LM_begin__C)
                  200186a4    00000004     release_pem4.oem4 (.const:ti_sysbios_knl_Clock_LM_tick__C)
                  200186a8    00000004     release_pem4.oem4 (.const:ti_sysbios_knl_Clock_LW_delayed__C)
                  200186ac    00000004     release_pem4.oem4 (.const:ti_sysbios_knl_Clock_Module_State_clockQ__O)
                  200186b0    00000004     release_pem4.oem4 (.const:ti_sysbios_knl_Clock_Module__diagsEnabled__C)
                  200186b4    00000004     release_pem4.oem4 (.const:ti_sysbios_knl_Clock_Module__diagsIncluded__C)
                  200186b8    00000004     release_pem4.oem4 (.const:ti_sysbios_knl_Clock_Module__diagsMask__C)
                  200186bc    00000004     release_pem4.oem4 (.const:ti_sysbios_knl_Clock_Module__loggerFxn1__C)
                  200186c0    00000004     release_pem4.oem4 (.const:ti_sysbios_knl_Clock_Module__loggerFxn2__C)
                  200186c4    00000004     release_pem4.oem4 (.const:ti_sysbios_knl_Clock_Module__loggerObj__C)
                  200186c8    00000004     release_pem4.oem4 (.const:ti_sysbios_knl_Clock_tickPeriod__C)
                  200186cc    00000004     release_pem4.oem4 (.const:ti_sysbios_knl_Mailbox_Instance_State_freeQue__O)
                  200186d0    00000004     release_pem4.oem4 (.const:ti_sysbios_knl_Mailbox_Object__count__C)
                  200186d4    00000004     release_pem4.oem4 (.const:ti_sysbios_knl_Mailbox_maxTypeAlign__C)
                  200186d8    00000004     release_pem4.oem4 (.const:ti_sysbios_knl_Semaphore_Instance_State_pendQ__O)
                  200186dc    00000004     release_pem4.oem4 (.const:ti_sysbios_knl_Semaphore_LM_pend__C)
                  200186e0    00000004     release_pem4.oem4 (.const:ti_sysbios_knl_Semaphore_LM_post__C)
                  200186e4    00000004     release_pem4.oem4 (.const:ti_sysbios_knl_Semaphore_Module__diagsEnabled__C)
                  200186e8    00000004     release_pem4.oem4 (.const:ti_sysbios_knl_Semaphore_Module__diagsIncluded__C)
                  200186ec    00000004     release_pem4.oem4 (.const:ti_sysbios_knl_Semaphore_Module__diagsMask__C)
                  200186f0    00000004     release_pem4.oem4 (.const:ti_sysbios_knl_Semaphore_Module__loggerFxn2__C)
                  200186f4    00000004     release_pem4.oem4 (.const:ti_sysbios_knl_Semaphore_Module__loggerFxn4__C)
                  200186f8    00000004     release_pem4.oem4 (.const:ti_sysbios_knl_Semaphore_Module__loggerObj__C)
                  200186fc    00000004     release_pem4.oem4 (.const:ti_sysbios_knl_Swi_LD_end__C)
                  20018700    00000004     release_pem4.oem4 (.const:ti_sysbios_knl_Swi_LM_begin__C)
                  20018704    00000004     release_pem4.oem4 (.const:ti_sysbios_knl_Swi_LM_post__C)
                  20018708    00000004     release_pem4.oem4 (.const:ti_sysbios_knl_Swi_Module__diagsEnabled__C)
                  2001870c    00000004     release_pem4.oem4 (.const:ti_sysbios_knl_Swi_Module__diagsIncluded__C)
                  20018710    00000004     release_pem4.oem4 (.const:ti_sysbios_knl_Swi_Module__diagsMask__C)
                  20018714    00000004     release_pem4.oem4 (.const:ti_sysbios_knl_Swi_Module__loggerFxn1__C)
                  20018718    00000004     release_pem4.oem4 (.const:ti_sysbios_knl_Swi_Module__loggerFxn4__C)
                  2001871c    00000004     release_pem4.oem4 (.const:ti_sysbios_knl_Swi_Module__loggerObj__C)
                  20018720    00000004     release_pem4.oem4 (.const:ti_sysbios_knl_Swi_Object__count__C)
                  20018724    00000004     release_pem4.oem4 (.const:ti_sysbios_knl_Swi_numConstructedSwis__C)
                  20018728    00000004     release_pem4.oem4 (.const:ti_sysbios_knl_Task_E_deleteNotAllowed__C)
                  2001872c    00000004     release_pem4.oem4 (.const:ti_sysbios_knl_Task_LD_block__C)
                  20018730    00000004     release_pem4.oem4 (.const:ti_sysbios_knl_Task_LD_exit__C)
                  20018734    00000004     release_pem4.oem4 (.const:ti_sysbios_knl_Task_LD_ready__C)
                  20018738    00000004     release_pem4.oem4 (.const:ti_sysbios_knl_Task_LM_sleep__C)
                  2001873c    00000004     release_pem4.oem4 (.const:ti_sysbios_knl_Task_LM_switch__C)
                  20018740    00000004     release_pem4.oem4 (.const:ti_sysbios_knl_Task_Module_State_inactiveQ__O)
                  20018744    00000004     release_pem4.oem4 (.const:ti_sysbios_knl_Task_Module_State_terminatedQ__O)
                  20018748    00000004     release_pem4.oem4 (.const:ti_sysbios_knl_Task_Module__diagsEnabled__C)
                  2001874c    00000004     release_pem4.oem4 (.const:ti_sysbios_knl_Task_Module__diagsIncluded__C)
                  20018750    00000004     release_pem4.oem4 (.const:ti_sysbios_knl_Task_Module__diagsMask__C)
                  20018754    00000004     release_pem4.oem4 (.const:ti_sysbios_knl_Task_Module__loggerFxn2__C)
                  20018758    00000004     release_pem4.oem4 (.const:ti_sysbios_knl_Task_Module__loggerFxn4__C)
                  2001875c    00000004     release_pem4.oem4 (.const:ti_sysbios_knl_Task_Module__loggerObj__C)
                  20018760    00000004     release_pem4.oem4 (.const:ti_sysbios_knl_Task_Object__count__C)
                  20018764    00000004     release_pem4.oem4 (.const:ti_sysbios_knl_Task_Object__heap__C)
                  20018768    00000004     release_pem4.oem4 (.const:ti_sysbios_knl_Task_allBlockedFunc__C)
                  2001876c    00000004     release_pem4.oem4 (.const:ti_sysbios_knl_Task_numConstructedTasks__C)
                  20018770    00000004     release_pem4.oem4 (.const:ti_sysbios_utils_Load_LS_cpuLoad__C)
                  20018774    00000004     release_pem4.oem4 (.const:ti_sysbios_utils_Load_LS_hwiLoad__C)
                  20018778    00000004     release_pem4.oem4 (.const:ti_sysbios_utils_Load_LS_swiLoad__C)
                  2001877c    00000004     release_pem4.oem4 (.const:ti_sysbios_utils_Load_LS_taskLoad__C)
                  20018780    00000004     release_pem4.oem4 (.const:ti_sysbios_utils_Load_Module_State_taskList__O)
                  20018784    00000004     release_pem4.oem4 (.const:ti_sysbios_utils_Load_Module__diagsEnabled__C)
                  20018788    00000004     release_pem4.oem4 (.const:ti_sysbios_utils_Load_Module__diagsIncluded__C)
                  2001878c    00000004     release_pem4.oem4 (.const:ti_sysbios_utils_Load_Module__diagsMask__C)
                  20018790    00000004     release_pem4.oem4 (.const:ti_sysbios_utils_Load_Module__loggerFxn1__C)
                  20018794    00000004     release_pem4.oem4 (.const:ti_sysbios_utils_Load_Module__loggerFxn2__C)
                  20018798    00000004     release_pem4.oem4 (.const:ti_sysbios_utils_Load_Module__loggerFxn4__C)
                  2001879c    00000004     release_pem4.oem4 (.const:ti_sysbios_utils_Load_Module__loggerObj__C)
                  200187a0    00000004     release_pem4.oem4 (.const:ti_sysbios_utils_Load_postUpdate__C)
                  200187a4    00000004     release_pem4.oem4 (.const:ti_sysbios_utils_Load_windowInMs__C)
                  200187a8    00000004     release_pem4.oem4 (.const:ti_uia_loggers_LoggerStopMode_Module__diagsEnabled__C)
                  200187ac    00000004     release_pem4.oem4 (.const:ti_uia_loggers_LoggerStopMode_Module__diagsIncluded__C)
                  200187b0    00000004     release_pem4.oem4 (.const:ti_uia_loggers_LoggerStopMode_Module__diagsMask__C)
                  200187b4    00000004     release_pem4.oem4 (.const:ti_uia_loggers_LoggerStopMode_Object__count__C)
                  200187b8    00000004     release_pem4.oem4 (.const:ti_uia_runtime_ILoggerSnapshot_Interface__BASE__C)
                  200187bc    00000004     release_pem4.oem4 (.const:ti_uia_runtime_IUIATransfer_Interface__BASE__C)
                  200187c0    00000004     release_pem4.oem4 (.const:xdc_runtime_Assert_E_assertFailed__C)
                  200187c4    00000004     release_pem4.oem4 (.const:xdc_runtime_Error_E_memory__C)
                  200187c8    00000004     release_pem4.oem4 (.const:xdc_runtime_Error_policyFxn__C)
                  200187cc    00000004     release_pem4.oem4 (.const:xdc_runtime_IFilterLogger_Interface__BASE__C)
                  200187d0    00000004     release_pem4.oem4 (.const:xdc_runtime_IGateProvider_Interface__BASE__C)
                  200187d4    00000004     release_pem4.oem4 (.const:xdc_runtime_IHeap_Interface__BASE__C)
                  200187d8    00000004     release_pem4.oem4 (.const:xdc_runtime_ILogger_Interface__BASE__C)
                  200187dc    00000004     release_pem4.oem4 (.const:xdc_runtime_IModule_Interface__BASE__C)
                  200187e0    00000004     release_pem4.oem4 (.const:xdc_runtime_Memory_defaultHeapInstance__C)
                  200187e4    00000004     release_pem4.oem4 (.const:xdc_runtime_Startup_execImpl__C)
                  200187e8    00000004     release_pem4.oem4 (.const:xdc_runtime_Startup_maxPasses__C)
                  200187ec    00000004     release_pem4.oem4 (.const:xdc_runtime_Startup_sfxnRts__C)
                  200187f0    00000004     release_pem4.oem4 (.const:xdc_runtime_Startup_sfxnTab__C)
                  200187f4    00000004     release_pem4.oem4 (.const:xdc_runtime_SysMin_bufSize__C)
                  200187f8    00000004     release_pem4.oem4 (.const:xdc_runtime_System_Module__gateObj__C)
                  200187fc    00000004     release_pem4.oem4 (.const:xdc_runtime_System_abortFxn__C)
                  20018800    00000004     release_pem4.oem4 (.const:xdc_runtime_System_exitFxn__C)
                  20018804    00000004     release_pem4.oem4 (.const:xdc_runtime_System_extendFxn__C)
[...]
200184d0  GPIOCC32XX_config                                               
200184e4  displayUartHWAttrs                                              
20018534  ti_sysbios_family_arm_m3_Hwi_hooks__A                           
20018558  xdc_runtime_Startup_firstFxns__A                                
20018568  ADC_count                                                       
20018569  Capture_count                                                   
2001856a  CryptoCC32XX_count                                              
2001856b  Display_count                                                   
2001856c  I2C_count                                                       
2001856d  I2S_count                                                       
2001856e  PWM_count                                                       
2001856f  SDFatFS_count                                                   
20018570  SD_count                                                        
20018571  SDSPI_count                                                     
20018572  SPI_count                                                       
20018573  Timer_count                                                     
20018574  UART_count                                                      
20018575  Watchdog_count                                                  
20018576  ti_sysbios_family_arm_m3_Timer_Module__id__C                    
20018578  Display_config                                                  
20018584  ti_sysbios_knl_Idle_funcList__A                                 
20018590  ADC_defaultParams                                               
20018598  adcCC3220SHWAttrs                                               
200185a0  outPinTypes                                                     
200185b0  ti_sysbios_family_arm_m3_Hwi_excHookFuncs__A                    
200185b8  ti_sysbios_family_arm_m3_Hwi_hooks__C                           
200185c0  ti_sysbios_knl_Idle_funcList__C                                 
200185c8  ti_sysbios_knl_Swi_hooks__C                                     
200185d0  ti_sysbios_knl_Task_hooks__C                                    
200185d8  xdc_runtime_Startup_firstFxns__C                                
200185e0  xdc_runtime_Startup_lastFxns__C                                 
200185ee  inPinTypes                                                      
200185f4  outPinStrengths                                                 
200185fe  ti_sysbios_family_arm_m3_TimestampProvider_configTimer__C       
20018600  ti_sysbios_family_arm_lm4_Timer_enableFunc__C                   
20018604  ti_sysbios_family_arm_lm4_Timer_numTimerDevices__C              
20018608  ti_sysbios_family_arm_lm4_Timer_startupNeeded__C                
2001860c  ti_sysbios_family_arm_m3_Hwi_E_NMI__C                           
20018610  ti_sysbios_family_arm_m3_Hwi_E_alreadyDefined__C                
20018614  ti_sysbios_family_arm_m3_Hwi_E_busFault__C                      
20018618  ti_sysbios_family_arm_m3_Hwi_E_debugMon__C                      
2001861c  ti_sysbios_family_arm_m3_Hwi_E_hardFault__C                     
20018620  ti_sysbios_family_arm_m3_Hwi_E_memFault__C                      
20018624  ti_sysbios_family_arm_m3_Hwi_E_noIsr__C                         
20018628  ti_sysbios_family_arm_m3_Hwi_E_reserved__C                      
2001862c  ti_sysbios_family_arm_m3_Hwi_E_svCall__C                        
20018630  ti_sysbios_family_arm_m3_Hwi_E_usageFault__C                    
20018634  ti_sysbios_family_arm_m3_Hwi_LD_end__C                          
20018638  ti_sysbios_family_arm_m3_Hwi_LM_begin__C                        
2001863c  ti_sysbios_family_arm_m3_Hwi_Module__diagsEnabled__C            
20018640  ti_sysbios_family_arm_m3_Hwi_Module__diagsIncluded__C           
20018644  ti_sysbios_family_arm_m3_Hwi_Module__diagsMask__C               
20018648  ti_sysbios_family_arm_m3_Hwi_Module__loggerFxn1__C              
2001864c  ti_sysbios_family_arm_m3_Hwi_Module__loggerFxn8__C              
20018650  ti_sysbios_family_arm_m3_Hwi_Module__loggerObj__C               
20018654  ti_sysbios_family_arm_m3_Hwi_NUM_INTERRUPTS__C                  
20018658  ti_sysbios_family_arm_m3_Hwi_Object__count__C                   
2001865c  ti_sysbios_family_arm_m3_Hwi_Object__heap__C                    
20018660  ti_sysbios_family_arm_m3_Hwi_ccr__C                             
20018664  ti_sysbios_family_arm_m3_Hwi_excHandlerFunc__C                  
20018668  ti_sysbios_family_arm_m3_Hwi_excHookFuncs__C                    
2001866c  ti_sysbios_family_arm_m3_Hwi_nullIsrFunc__C                     
20018670  ti_sysbios_family_arm_m3_Hwi_priGroup__C                        
20018674  ti_sysbios_family_arm_m3_Hwi_swiDisable__C                      
20018678  ti_sysbios_family_arm_m3_Hwi_swiRestoreHwi__C                   
2001867c  ti_sysbios_family_arm_m3_Timer_E_cannotSupport__C               
20018680  ti_sysbios_family_arm_m3_Timer_startupNeeded__C                 
20018684  ti_sysbios_gates_GateMutex_Instance_State_sem__O                
20018688  ti_sysbios_heaps_HeapMem_E_memory__C                            
2001868c  ti_sysbios_heaps_HeapMem_Module__gateObj__C                     
20018690  ti_sysbios_heaps_HeapMem_Object__count__C                       
20018694  ti_sysbios_heaps_HeapMem_primaryHeapBaseAddr__C                 
20018698  ti_sysbios_heaps_HeapMem_primaryHeapEndAddr__C                  
2001869c  ti_sysbios_heaps_HeapMem_reqAlign__C                            
200186a0  ti_sysbios_knl_Clock_LM_begin__C                                
200186a4  ti_sysbios_knl_Clock_LM_tick__C                                 
200186a8  ti_sysbios_knl_Clock_LW_delayed__C                              
200186ac  ti_sysbios_knl_Clock_Module_State_clockQ__O                     
200186b0  ti_sysbios_knl_Clock_Module__diagsEnabled__C                    
200186b4  ti_sysbios_knl_Clock_Module__diagsIncluded__C                   
200186b8  ti_sysbios_knl_Clock_Module__diagsMask__C                       
200186bc  ti_sysbios_knl_Clock_Module__loggerFxn1__C                      
200186c0  ti_sysbios_knl_Clock_Module__loggerFxn2__C                      
200186c4  ti_sysbios_knl_Clock_Module__loggerObj__C                       
200186c8  ti_sysbios_knl_Clock_tickPeriod__C                              
200186cc  ti_sysbios_knl_Mailbox_Instance_State_freeQue__O                
200186d0  ti_sysbios_knl_Mailbox_Object__count__C                         
200186d4  ti_sysbios_knl_Mailbox_maxTypeAlign__C                          
200186d8  ti_sysbios_knl_Semaphore_Instance_State_pendQ__O                
200186dc  ti_sysbios_knl_Semaphore_LM_pend__C                             
200186e0  ti_sysbios_knl_Semaphore_LM_post__C                             
200186e4  ti_sysbios_knl_Semaphore_Module__diagsEnabled__C                
200186e8  ti_sysbios_knl_Semaphore_Module__diagsIncluded__C               
200186ec  ti_sysbios_knl_Semaphore_Module__diagsMask__C                   
200186f0  ti_sysbios_knl_Semaphore_Module__loggerFxn2__C                  
200186f4  ti_sysbios_knl_Semaphore_Module__loggerFxn4__C                  
200186f8  ti_sysbios_knl_Semaphore_Module__loggerObj__C                   
200186fc  ti_sysbios_knl_Swi_LD_end__C                                    
20018700  ti_sysbios_knl_Swi_LM_begin__C                                  
20018704  ti_sysbios_knl_Swi_LM_post__C                                   
20018708  ti_sysbios_knl_Swi_Module__diagsEnabled__C                      
2001870c  ti_sysbios_knl_Swi_Module__diagsIncluded__C                     
20018710  ti_sysbios_knl_Swi_Module__diagsMask__C                         
20018714  ti_sysbios_knl_Swi_Module__loggerFxn1__C                        
20018718  ti_sysbios_knl_Swi_Module__loggerFxn4__C                        
2001871c  ti_sysbios_knl_Swi_Module__loggerObj__C                         
20018720  ti_sysbios_knl_Swi_Object__count__C                             
20018724  ti_sysbios_knl_Swi_numConstructedSwis__C                        
20018728  ti_sysbios_knl_Task_E_deleteNotAllowed__C                       
2001872c  ti_sysbios_knl_Task_LD_block__C                                 
20018730  ti_sysbios_knl_Task_LD_exit__C                                  
20018734  ti_sysbios_knl_Task_LD_ready__C                                 
20018738  ti_sysbios_knl_Task_LM_sleep__C                                 
2001873c  ti_sysbios_knl_Task_LM_switch__C                                
20018740  ti_sysbios_knl_Task_Module_State_inactiveQ__O                   
20018744  ti_sysbios_knl_Task_Module_State_terminatedQ__O                 
20018748  ti_sysbios_knl_Task_Module__diagsEnabled__C                     
2001874c  ti_sysbios_knl_Task_Module__diagsIncluded__C                    
20018750  ti_sysbios_knl_Task_Module__diagsMask__C                        
20018754  ti_sysbios_knl_Task_Module__loggerFxn2__C                       
20018758  ti_sysbios_knl_Task_Module__loggerFxn4__C                       
2001875c  ti_sysbios_knl_Task_Module__loggerObj__C                        
20018760  ti_sysbios_knl_Task_Object__count__C                            
20018764  ti_sysbios_knl_Task_Object__heap__C                             
20018768  ti_sysbios_knl_Task_allBlockedFunc__C                           
2001876c  ti_sysbios_knl_Task_numConstructedTasks__C                      
20018770  ti_sysbios_utils_Load_LS_cpuLoad__C                             
20018774  ti_sysbios_utils_Load_LS_hwiLoad__C                             
20018778  ti_sysbios_utils_Load_LS_swiLoad__C                             
2001877c  ti_sysbios_utils_Load_LS_taskLoad__C                            
20018780  ti_sysbios_utils_Load_Module_State_taskList__O                  
20018784  ti_sysbios_utils_Load_Module__diagsEnabled__C                   
20018788  ti_sysbios_utils_Load_Module__diagsIncluded__C                  
2001878c  ti_sysbios_utils_Load_Module__diagsMask__C                      
20018790  ti_sysbios_utils_Load_Module__loggerFxn1__C                     
20018794  ti_sysbios_utils_Load_Module__loggerFxn2__C                     
20018798  ti_sysbios_utils_Load_Module__loggerFxn4__C                     
2001879c  ti_sysbios_utils_Load_Module__loggerObj__C                      
200187a0  ti_sysbios_utils_Load_postUpdate__C                             
200187a4  ti_sysbios_utils_Load_windowInMs__C                             
200187a8  ti_uia_loggers_LoggerStopMode_Module__diagsEnabled__C           
200187ac  ti_uia_loggers_LoggerStopMode_Module__diagsIncluded__C          
200187b0  ti_uia_loggers_LoggerStopMode_Module__diagsMask__C              
200187b4  ti_uia_loggers_LoggerStopMode_Object__count__C                  
200187b8  ti_uia_runtime_ILoggerSnapshot_Interface__BASE__C               
200187bc  ti_uia_runtime_IUIATransfer_Interface__BASE__C                  
200187c0  xdc_runtime_Assert_E_assertFailed__C                            
200187c4  xdc_runtime_Error_E_memory__C                                   
200187c8  xdc_runtime_Error_policyFxn__C                                  
200187cc  xdc_runtime_IFilterLogger_Interface__BASE__C                    
200187d0  xdc_runtime_IGateProvider_Interface__BASE__C                    
200187d4  xdc_runtime_IHeap_Interface__BASE__C                            
200187d8  xdc_runtime_ILogger_Interface__BASE__C                          
200187dc  xdc_runtime_IModule_Interface__BASE__C                          
200187e0  xdc_runtime_Memory_defaultHeapInstance__C                       
200187e4  xdc_runtime_Startup_execImpl__C                                 
200187e8  xdc_runtime_Startup_maxPasses__C                                
200187ec  xdc_runtime_Startup_sfxnRts__C                                  
200187f0  xdc_runtime_Startup_sfxnTab__C                                  
200187f4  xdc_runtime_SysMin_bufSize__C                                   
200187f8  xdc_runtime_System_Module__gateObj__C                           
200187fc  xdc_runtime_System_abortFxn__C                                  
20018800  xdc_runtime_System_exitFxn__C                                   
20018804  xdc_runtime_System_extendFxn__C                                 
20018808  xdc_runtime_System_maxAtexitHandlers__C                         
2001880c  xdc_runtime_Text_charTab__C                                     
20018810  xdc_runtime_Text_nameEmpty__C                                   
20018814  xdc_runtime_Text_nameStatic__C                                  
20018818  xdc_runtime_Text_nameUnknown__C                                 
2001881c  ti_sysbios_heaps_HeapMem_Module__id__C                          
2001881e  ti_sysbios_knl_Clock_Module__id__C                              
20018820  ti_sysbios_knl_Clock_Module__loggerDefined__C                   
20018822  ti_sysbios_knl_Semaphore_Module__id__C                          
20018824  ti_sysbios_knl_Semaphore_Module__loggerDefined__C               
20018826  ti_sysbios_knl_Swi_Module__id__C                                
20018828  ti_sysbios_knl_Swi_Module__loggerDefined__C                     
2001882a  ti_sysbios_knl_Task_Module__id__C                               
2001882c  ti_sysbios_knl_Task_Module__loggerDefined__C                    
2001882e  ti_sysbios_utils_Load_Module__id__C                             
20018830  ti_sysbios_utils_Load_Module__loggerDefined__C                  
20018832  ti_sysbios_utils_Load_autoAddTasks__C                           
20018834  ti_sysbios_utils_Load_updateInIdle__C                           
20018836  ti_uia_loggers_LoggerStopMode_Module__id__C                     
20018838  ti_uia_loggers_LoggerStopMode_isTimestampEnabled__C             
2001883a  xdc_runtime_Memory_Module__id__C                                
2001883c  xdc_runtime_Text_charCnt__C                                     
2001883e  xdc_runtime_Text_isLoaded__C                                    
20018840  ti_sysbios_knl_Clock_tickMode__C                                
20018841  ti_sysbios_knl_Clock_tickSource__C                              
20018842  xdc_runtime_Error_policy__C                                     
20018843  xdc_runtime_Text_charTab__A                                     
20018844  PowerCC32XX_module                                              
200189b0  parkInfo                                                        
20018aa8  _ftable                                                         
20018c68  ti_sysbios_knl_Task_Object__table__V                            
20018d08  ti_uia_loggers_LoggerStopMode_Object__table__V                  
20018da4  ti_sysbios_utils_Load_Module__state__V                          
20018e3c  ti_sysbios_knl_Swi_Module_State_0_readyQ__A                     
20018ebc  ti_sysbios_knl_Task_Module_State_0_readyQ__A                    
20018f3c  ti_sysbios_knl_Task_Module__state__V                            
20018f80  ti_sysbios_gates_GateMutex_Object__table__V                     
20018fb8  ti_sysbios_utils_Load_Module_State_0_taskEnv__A                 
20018ff0  ti_sysbios_family_arm_m3_Hwi_Module__state__V                   
20019024  ti_sysbios_family_arm_m3_Timer_Object__table__V                 
20019054  ti_sysbios_knl_Swi_Object__table__V                             
20019084  ti_sysbios_knl_Clock_Module__state__V                           
200190b0  ti_sysbios_BIOS_Module__state__V                                
200190d4  ti_sysbios_family_arm_lm4_Timer_Module_State_0_device__A        
200190f4  xdc_runtime_Error_IgnoreBlock                                   
20019114  ti_sysbios_knl_Swi_Module__state__V                             
20019130  ti_sysbios_family_arm_m3_Hwi_Object__table__V                   
20019148  ti_sysbios_heaps_HeapMem_Object__table__V                       
20019160  __TI_ft_end                                                     
20019164  __aeabi_stdin                                                   
20019168  __aeabi_stdout                                                  
2001916c  __aeabi_stderr                                                  
20019170  ti_sysbios_family_arm_lm4_Timer_Module_State_0_handles__A       
20019180  __TI_cleanup_ptr                                                
20019184  __TI_dtors_ptr                                                  
20019188  __TI_enable_exit_profile_output                                 
2001918c  gpioPinConfigs                                                  
20019198  ti_sysbios_family_arm_lm4_Timer_Module__state__V                
200191a4  ti_sysbios_family_arm_m3_Timer_Module__state__V                 
200191b0  ti_sysbios_knl_Task_Module__root__V                             
200191bc  ti_uia_runtime_QueueDescriptor_Module__state__V                 
200191c8  xdc_runtime_SysMin_Module__state__V                             
200191de  ti_sysbios_family_arm_m3_Hwi_Module_State_0_excActive__A        
200191e0  _lock                                                           
200191e4  _unlock                                                         
200191e8  gpioCallbackFunctions                                           
200191f8  ti_uia_runtime_QueueDescriptor_gPtrToFirstDescriptor            
200191fc  ti_uia_runtime_QueueDescriptor_gUpdateCount                     
20019200  ti_sysbios_family_arm_m3_Hwi_Module__root__V                    
20019208  ti_sysbios_gates_GateHwi_Module__root__V                        
20019210  ti_sysbios_gates_GateMutex_Module__root__V                      
20019218  ti_sysbios_heaps_HeapMem_Module__root__V                        
20019220  ti_sysbios_knl_Clock_Module__root__V                            
20019228  ti_sysbios_knl_Queue_Module__root__V                            
20019230  ti_sysbios_knl_Semaphore_Module__root__V                        
20019238  ti_uia_loggers_LoggerStopMode_Module__root__V                   
20019240  xdc_runtime_Startup_Module__state__V                            
20019248  xdc_runtime_System_Module_State_0_atexitHandlers__A             
20019250  xdc_runtime_System_Module__state__V                             
2001925c  main_func_sp                                                    
20019260  ti_sysbios_family_arm_m3_Hwi_Module_State_0_excContext__A       
20019264  ti_sysbios_family_arm_m3_Hwi_Module_State_0_excStack__A         
20019268  ti_sysbios_family_arm_m3_TimestampProvider_Module__state__V     
2001926c  ti_sysbios_gates_GateHwi_Object__table__V                       
20019270  ti_sysbios_knl_Task_Module_State_0_idleTask__A                  
20019274  ti_sysbios_utils_Load_Module_State_0_runningTask__A             
20019278  ti_sysbios_utils_Load_Module_State_0_taskStartTime__A           
2001927c  xdc_runtime_Memory_Module__state__V                             
20019288  __TI_static_base__                                              
200195b4  __TI_Handler_Table_Base                                         
200195c0  __TI_Handler_Table_Limit                                        
200195c8  __TI_CINIT_Base                                                 
200195d8  __TI_CINIT_Limit                                                
e000e000  ti_sysbios_family_arm_m3_Hwi_nvic                               
ffffffff  __TI_pprof_out_hndl                                             
ffffffff  __TI_prof_data_size                                             
ffffffff  __TI_prof_data_start                                            
ffffffff  __binit__                                                       
ffffffff  __c_args__                                                      
ffffffff  binit                                                           
UNDEFED   SHT$$INIT_ARRAY$$Base                                           
UNDEFED   SHT$$INIT_ARRAY$$Limit                                          

[859 symbols]
