******************************************************************************
                  TI ARM Linker PC v16.9.3                     
******************************************************************************
>> Linked Sat Nov 11 13:28:26 2017

OUTPUT FILE NAME:   <Lab_1_blink_TIMER_CC3220S_tirtos_ccs.out>
ENTRY POINT SYMBOL: "_c_int00"  address: 20012249


MEMORY CONFIGURATION

         name            origin    length      used     unused   attr    fill
----------------------  --------  ---------  --------  --------  ----  --------
  SRAM0                 20000000   00004000  0000070c  000038f4  RW X
  SRAM                  20004000   0003c000  00011e2d  0002a1d3  RW X


SEGMENT ALLOCATION MAP

run origin  load origin   length   init length attrs members
----------  ----------- ---------- ----------- ----- -------
20003c00    20003c00    00000400   00000000    rw-
  20003c00    20003c00    00000400   00000000    rw- .stack
20004000    20004000    00008040   0000003c    r--
  20004000    20004000    0000003c   0000003c    r-- .resetVecs
  20004040    20004040    00008000   00000000    r-- .priheap
2000c040    2000c040    000077c2   000077c2    r-x
  2000c040    2000c040    000077c2   000077c2    r-x .text
20013880    20013880    00001230   00000000    rw-
  20013880    20013880    00001230   00000000    rw- .bss
20014ab0    20014ab0    000008d3   000008d3    r--
  20014ab0    20014ab0    000008d3   000008d3    r-- .const
20015384    20015384    0000082c   00000000    rw-
  20015384    20015384    0000082c   00000000    rw- .data
20015bb0    20015bb0    00000300   00000300    r--
  20015bb0    20015bb0    00000300   00000300    r-- .cinit


SECTION ALLOCATION MAP

 output                                  attributes/
section   page    origin      length       input sections
--------  ----  ----------  ----------   ----------------
.vecs      0    20000000    0000030c     NOLOAD SECTION
                  20000000    0000030c     release_pem4.oem4 (.vecs)

.stack     0    20003c00    00000400     UNINITIALIZED
                  20003c00    00000400     --HOLE--

.resetVecs 
*          0    20004000    0000003c     
                  20004000    0000003c     release_pem4.oem4 (.resetVecs)

.priheap   0    20004040    00008000     UNINITIALIZED
                  20004040    00008000     --HOLE--

.text      0    2000c040    000077c2     
                  2000c040    00000495     sysbios.aem4 : BIOS.obj (.text:xdc_runtime_System_doPrint__I)
                  2000c4d5    00000001     --HOLE-- [fill = 0]
                  2000c4d6    00000002     rtsv7M4_T_le_eabi.lib : i_div0.obj (.text)
                  2000c4d8    00000430     sysbios.aem4 : BIOS.obj (.text:ti_sysbios_family_arm_m3_Hwi_excDumpRegs__I)
                  2000c908    0000042c     driverlib.a : prcm.obj (.text:PRCMCC3200MCUInit)
                  2000cd34    00000004     dpl_cc32xx.aem4 : HwiP_tirtos.oem4 (.text:HwiP_disable)
                  2000cd38    000001fc     sysbios.aem4 : BIOS.obj (.text:ti_sysbios_family_arm_m3_Hwi_excHandlerMax__I)
                  2000cf34    000001f4     rtsv7M4_T_le_eabi.lib : ull_div_t2.obj (.text)
                  2000d128    000001cc     drivers_cc32xx.aem4 : GPIOCC32XX.oem4 (.text:GPIO_setConfig)
                  2000d2f4    000001b6     rtsv7M4_T_le_eabi.lib : fd_add_t2.obj (.text)
                  2000d4aa    00000002     release_pem4.oem4 (.text:ti_sysbios_BIOS_nullFunc__I)
                  2000d4ac    000001b4     dpl_cc32xx.aem4 : PowerCC32XX_tirtos.oem4 (.text:PowerCC32XX_sleepPolicy)
                  2000d660    00000188     sysbios.aem4 : BIOS.obj (.text:ti_sysbios_family_arm_m3_Hwi_dispatchC__I)
                  2000d7e8    00000188                  : BIOS.obj (.text:ti_sysbios_family_arm_m3_Hwi_excBusFault__I)
                  2000d970    00000180                  : BIOS.obj (.text:ti_sysbios_family_arm_m3_Hwi_excUsageFault__I)
                  2000daf0    0000017c                  : BIOS.obj (.text:ti_sysbios_knl_Semaphore_pend__E)
                  2000dc6c    00000004     drivers_cc32xx.aem4 : List.oem4 (.text:List_head)
                  2000dc70    00000170     sysbios.aem4 : BIOS.obj (.text:ti_sysbios_knl_Swi_run__I)
                  2000dde0    00000170                  : BIOS.obj (.text:ti_sysbios_knl_Task_Instance_finalize__E)
                  2000df50    00000170     release_pem4.oem4 (.text:xdc_runtime_System_printfExtend__I)
                  2000e0c0    00000164     sysbios.aem4 : BIOS.obj (.text:ti_sysbios_family_arm_m3_Hwi_excMemFault__I)
                  2000e224    00000004     drivers_cc32xx.aem4 : List.oem4 (.text:List_next)
                  2000e228    00000160     sysbios.aem4 : BIOS.obj (.text:ti_sysbios_utils_Load_logLoads__I)
                  2000e388    00000150     drivers_cc32xx.aem4 : PowerCC32XX.oem4 (.text:parkPins)
                  2000e4d8    0000013c     sysbios.aem4 : BIOS.obj (.text:ti_sysbios_knl_Clock_workFunc__E)
                  2000e614    00000138     release_pem4.oem4 (.text:ti_uia_loggers_LoggerStopMode_writeMemoryRange__E)
                  2000e74c    00000004     dpl_cc32xx.aem4 : SemaphoreP_tirtos.oem4 (.text:SemaphoreP_post)
                  2000e750    0000012c     sysbios.aem4 : BIOS.obj (.text:ti_sysbios_family_arm_lm4_Timer_start__E)
                  2000e87c    00000004     release_pem4.oem4 (.text:ti_sysbios_BIOS_RtsGateProxy_enter__E)
                  2000e880    00000120     sysbios.aem4 : BIOS.obj (.text:ti_sysbios_knl_Task_postInit__I)
                  2000e9a0    0000011c                  : BIOS.obj (.text:xdc_runtime_Startup_startMods__I)
                  2000eabc    00000118     drivers_cc32xx.aem4 : PowerCC32XX.oem4 (.text:Power_sleep)
                  2000ebd4    00000004     release_pem4.oem4 (.text:ti_sysbios_BIOS_RtsGateProxy_leave__E)
                  2000ebd8    0000010c     sysbios.aem4 : BIOS.obj (.text:ti_sysbios_family_arm_m3_Hwi_postInit__I)
                  2000ece4    0000010c     release_pem4.oem4 (.text:ti_uia_loggers_LoggerStopMode_write8__E)
                  2000edf0    00000108     sysbios.aem4 : BIOS.obj (.text:ti_sysbios_knl_Task_schedule__I)
                  2000eef8    000000fc     rtsv7M4_T_le_eabi.lib : fd_mul_t2.obj (.text)
                  2000eff4    00000004     sysbios.aem4 : BIOS.obj (.text:ti_sysbios_family_arm_lm4_Timer_masterEnable__I)
                  2000eff8    000000fc                  : BIOS.obj (.text:ti_sysbios_knl_Task_startCore__E)
                  2000f0f4    000000f4     release_pem4.oem4 (.text:ti_uia_loggers_LoggerStopMode_write4__E)
                  2000f1e8    000000f0     sysbios.aem4 : BIOS.obj (.text:ti_sysbios_knl_Task_exit__E)
                  2000f2d8    000000e8     release_pem4.oem4 (.text:ti_uia_loggers_LoggerStopMode_write1__E)
                  2000f3c0    000000e8     release_pem4.oem4 (.text:ti_uia_loggers_LoggerStopMode_write2__E)
                  2000f4a8    000000dc     sysbios.aem4 : BIOS.obj (.text:ti_sysbios_family_arm_m3_Hwi_Instance_init__E)
                  2000f584    00000004     release_pem4.oem4 (.text:ti_sysbios_family_arm_m3_TaskSupport_Module__startupDone__S)
                  2000f588    000000d8     sysbios.aem4 : BIOS.obj (.text:ti_sysbios_family_arm_m3_Hwi_excDebugMon__I)
                  2000f660    000000d8                  : BIOS.obj (.text:ti_sysbios_knl_Swi_post__E)
                  2000f738    000000d8     release_pem4.oem4 (.text:ti_uia_loggers_LoggerStopMode_write0__E)
                  2000f810    000000d4     sysbios.aem4 : BIOS.obj (.text:ti_sysbios_family_arm_m3_Hwi_excHardFault__I)
                  2000f8e4    00000004     release_pem4.oem4 (.text:ti_sysbios_heaps_HeapMem_Module_GateProxy_enter__E)
                  2000f8e8    000000d0     sysbios.aem4 : BIOS.obj (.text:ti_sysbios_heaps_HeapMem_alloc__E)
                  2000f9b8    000000cc                  : m3_Hwi_asm.obj (.text:ti_sysbios_family_arm_m3_Hwi_dispatch__I)
                  2000fa84    00000004     release_pem4.oem4 (.text:ti_sysbios_heaps_HeapMem_Module_GateProxy_leave__E)
                  2000fa88    000000cc     sysbios.aem4 : BIOS.obj (.text:ti_sysbios_utils_Load_updateThreadContexts__E)
                  2000fb54    000000c4     drivers_cc32xx.aem4 : GPIOCC32XX.oem4 (.text:GPIO_init)
                  2000fc18    000000c4     sysbios.aem4 : BIOS.obj (.text:ti_sysbios_knl_Semaphore_post__E)
                  2000fcdc    00000004     release_pem4.oem4 (.text:ti_sysbios_knl_Clock_TimerProxy_getMaxTicks__E)
                  2000fce0    000000bc     sysbios.aem4 : BIOS.obj (.text:xdc_runtime_Core_createObject__I)
                  2000fd9c    00000004     release_pem4.oem4 (.text:ti_sysbios_knl_Clock_TimerProxy_setPeriodMicroSecs__E)
                  2000fda0    000000b8     sysbios.aem4 : BIOS.obj (.text:ti_sysbios_knl_Task_unblockI__E)
                  2000fe58    000000b4     drivers_cc32xx.aem4 : PowerCC32XX.oem4 (.text:restoreParkedPins)
                  2000ff0c    00000004     release_pem4.oem4 (.text:ti_sysbios_knl_Clock_TimerProxy_start__E)
                  2000ff10    000000b0     sysbios.aem4 : BIOS.obj (.text:ti_sysbios_utils_Load_updateLoads__E)
                  2000ffc0    000000a8     drivers_cc32xx.aem4 : PowerCC32XX.oem4 (.text:PowerCC32XX_configureWakeup)
                  20010068    000000a8     sysbios.aem4 : BIOS.obj (.text:ti_sysbios_knl_Task_blockI__E)
                  20010110    000000a0     auto_init.aem4 : auto_init.oem4 (.text)
                  200101b0    000000a0     sysbios.aem4 : BIOS.obj (.text:ti_sysbios_family_arm_lm4_Timer_enableCC3200__I)
                  20010250    0000009c     rtsv7M4_T_le_eabi.lib : memcpy_t2.obj (.text)
                  200102ec    00000098     drivers_cc32xx.aem4 : GPIOCC32XX.oem4 (.text:powerNotifyFxn)
                  20010384    00000004     release_pem4.oem4 (.text:ti_sysbios_knl_Clock_TimerProxy_stop__E)
                  20010388    00000094     sysbios.aem4 : BIOS.obj (.text:ti_sysbios_family_arm_m3_Hwi_Instance_finalize__E)
                  2001041c    00000090     drivers_cc32xx.aem4 : PowerCC32XX.oem4 (.text:restoreNVICRegs)
                  200104ac    00000004     release_pem4.oem4 (.text:ti_sysbios_knl_Semaphore_delete)
                  200104b0    00000090     sysbios.aem4 : BIOS.obj (.text:ti_sysbios_knl_Swi_postInit__I)
                  20010540    00000090                  : BIOS.obj (.text:ti_sysbios_knl_Task_Module_startup__E)
                  200105d0    00000090     ti.uia.loggers.aem4 : LoggerStopMode.oem4 (.text:ti_uia_loggers_LoggerStopMode_initQueueDescriptor__E)
                  20010660    0000008c     sysbios.aem4 : BIOS.obj (.text:ti_sysbios_family_arm_lm4_Timer_enableTimers__I)
                  200106ec    00000004     release_pem4.oem4 (.text:ti_sysbios_knl_Task_delete)
                  200106f0    0000008c     sysbios.aem4 : BIOS.obj (.text:ti_sysbios_utils_Load_updateCurrentThreadTime__E)
                  2001077c    00000004     ti.uia.loggers.aem4 : LoggerStopMode.oem4 (.text:ti_uia_loggers_LoggerStopMode_getContents__E)
                  20010780    00000088     sysbios.aem4 : BIOS.obj (.text:ti_sysbios_family_arm_m3_Hwi_initNVIC__E)
                  20010808    00000088                  : BIOS.obj (.text:ti_sysbios_knl_Mailbox_Module_startup__E)
                  20010890    00000088                  : BIOS.obj (.text:xdc_runtime_Memory_alloc__E)
                  20010918    00000086     rtsv7M4_T_le_eabi.lib : fd_cmp_t2.obj (.text:__aeabi_cdcmple)
                  2001099e    00000086                           : fd_cmp_t2.obj (.text:__aeabi_cdrcmple)
                  20010a24    00000084     drivers_cc32xx.aem4 : PowerCC32XX.oem4 (.text:saveNVICRegs)
                  20010aa8    00000084     sysbios.aem4 : BIOS.obj (.text:ti_sysbios_heaps_HeapMem_free__E)
                  20010b2c    00000004     release_pem4.oem4 (.text:ti_uia_loggers_LoggerStopMode_getFilterLevel__E)
                  20010b30    00000084     sysbios.aem4 : BIOS.obj (.text:xdc_runtime_Core_constructObject__I)
                  20010bb4    00000004     ti.uia.loggers.aem4 : LoggerStopMode.oem4 (.text:ti_uia_loggers_LoggerStopMode_getInstanceId__E)
                  20010bb8    00000080     sysbios.aem4 : BIOS.obj (.text:ti_sysbios_family_arm_m3_TimestampProvider_get64__E)
                  20010c38    00000080                  : BIOS.obj (.text:ti_sysbios_knl_Swi_Module_startup__E)
                  20010cb8    0000007c                  : BIOS.obj (.text:xdc_runtime_Core_deleteObject__I)
                  20010d34    0000007a     rtsv7M4_T_le_eabi.lib : memset_t2.obj (.text)
                  20010dae    00000002     release_pem4.oem4 (.text:ti_uia_loggers_LoggerStopMode_setFilterLevel__E)
                  20010db0    00000078     drivers_cc32xx.aem4 : GPIOCC32XX.oem4 (.text:GPIO_hwiIntFxn)
                  20010e28    00000078                         : PowerCC32XX.oem4 (.text:Power_init)
                  20010ea0    00000078     sysbios.aem4 : BIOS.obj (.text:ti_sysbios_utils_Load_taskCreateHook__E)
                  20010f18    00000075                  : BIOS.obj (.text:xdc_runtime_System_formatNum__I)
                  20010f8d    00000001     --HOLE-- [fill = 0]
                  20010f8e    00000002     ti.uia.loggers.aem4 : LoggerStopMode.oem4 (.text:ti_uia_loggers_LoggerStopMode_setPriority__E)
                  20010f90    00000074     sysbios.aem4 : BIOS.obj (.text:ti_sysbios_family_arm_m3_Hwi_Module_startup__E)
                  20011004    00000074     ti.uia.runtime.aem4 : QueueDescriptor.oem4 (.text:ti_uia_runtime_QueueDescriptor_addToList__E)
                  20011078    00000070     sysbios.aem4 : BIOS.obj (.text:ti_sysbios_heaps_HeapMem_initPrimary__I)
                  200110e8    0000006c                  : BIOS.obj (.text:ti_sysbios_knl_Swi_restoreHwi__E)
                  20011154    00000068     drivers_cc32xx.aem4 : PowerCC32XX.oem4 (.text:PowerCC32XX_setParkState)
                  200111bc    00000068     rtsv7M4_T_le_eabi.lib : copy_decompress_lzss.obj (.text:decompress:lzss)
                  20011224    00000004     ti.uia.loggers.aem4 : LoggerStopMode.oem4 (.text:ti_uia_loggers_LoggerStopMode_getMaxLength__E)
                  20011228    00000068     sysbios.aem4 : BIOS.obj (.text:ti_sysbios_utils_Load_addTask__E)
                  20011290    00000066     ti.uia.loggers.aem4 : LoggerStopMode.oem4 (.text:ti_uia_loggers_LoggerStopMode_flush__E)
                  200112f6    00000002     release_pem4.oem4 (.text:xdc_runtime_Startup_reset__I)
                  200112f8    00000064     drivers_cc32xx.aem4 : GPIOCC32XX.oem4 (.text:GPIO_toggle)
                  2001135c    00000004     ti.uia.loggers.aem4 : LoggerStopMode.oem4 (.text:ti_uia_loggers_LoggerStopMode_getPriority__E)
                  20011360    00000064     sysbios.aem4 : BIOS.obj (.text:ti_sysbios_family_arm_lm4_Timer_Module_startup__E)
                  200113c4    00000004     ti.uia.loggers.aem4 : LoggerStopMode.oem4 (.text:ti_uia_loggers_LoggerStopMode_getTransferType__E)
                  200113c8    00000064     sysbios.aem4 : BIOS.obj (.text:ti_sysbios_utils_Load_idleFxn__E)
                  2001142c    00000060     driverlib.a : prcm.obj (.text:PRCMSysResetCauseGet)
                  2001148c    00000004     release_pem4.oem4 (.text:xdc_runtime_System_Module_GateProxy_enter__E)
                  20011490    00000060     sysbios.aem4 : BIOS.obj (.text:ti_sysbios_family_arm_m3_Hwi_excReserved__I)
                  200114f0    00000060                  : BIOS.obj (.text:ti_sysbios_family_arm_m3_TimestampProvider_get32__E)
                  20011550    00000060                  : BIOS.obj (.text:ti_sysbios_knl_Clock_logTick__E)
                  200115b0    00000060                  : BIOS.obj (.text:ti_sysbios_utils_Load_logCPULoad__I)
                  20011610    00000060                  : BIOS.obj (.text:xdc_runtime_Assert_raise__I)
                  20011670    0000005c     drivers_cc32xx.aem4 : PowerCC32XX.oem4 (.text:Power_setDependency)
                  200116cc    00000004     release_pem4.oem4 (.text:xdc_runtime_System_Module_GateProxy_leave__E)
                  200116d0    0000005c     sysbios.aem4 : BIOS.obj (.text:ti_sysbios_family_arm_m3_Timer_setPeriod__E)
                  2001172c    00000004     --HOLE-- [fill = 0]
                  20011730    0000005c                  : BIOS.obj (.text:ti_sysbios_family_arm_m3_Timer_start__E)
                  2001178c    00000004     --HOLE-- [fill = 0]
                  20011790    0000005c                  : BIOS.obj (.text:ti_sysbios_knl_Swi_schedule__I)
                  200117ec    00000004     --HOLE-- [fill = 0]
                  200117f0    0000005c                  : BIOS.obj (.text:xdc_runtime_Startup_exec__E)
                  2001184c    00000058     drivers_cc32xx.aem4 : GPIOCC32XX.oem4 (.text:GPIO_setCallback)
                  200118a4    00000058     driverlib.a : prcm.obj (.text:PRCMPeripheralReset)
                  200118fc    00000054     release_pem4.oem4 (.text:ti_sysbios_family_arm_m3_Hwi_create)
                  20011950    00000054     sysbios.aem4 : BIOS.obj (.text:ti_sysbios_family_arm_m3_Hwi_excSvCall__I)
                  200119a4    00000054     release_pem4.oem4 (.text:ti_sysbios_utils_Load_hwiBeginHook__E)
                  200119f8    00000054     sysbios.aem4 : BIOS.obj (.text:ti_sysbios_utils_Load_taskSwitchHook__E)
                  20011a4c    00000004     --HOLE-- [fill = 0]
                  20011a50    00000054                  : BIOS.obj (.text:xdc_runtime_Core_assignLabel__I)
                  20011aa4    00000052     drivers_cc32xx.aem4 : PowerCC32XX.oem4 (.text:PowerCC32XX_parkPin)
                  20011af6    00000052                         : PowerCC32XX_asm.oem4 (.text:PowerCC32XX_resumeLPDS)
                  20011b48    00000050     sysbios.aem4 : BIOS.obj (.text:ti_sysbios_family_arm_m3_Hwi_excNoIsr__I)
                  20011b98    00000050                  : BIOS.obj (.text:ti_sysbios_utils_Load_taskDeleteHook__E)
                  20011be8    0000004c     drivers_cc32xx.aem4 : GPIOCC32XX.oem4 (.text:GPIO_enableInt)
                  20011c34    0000004c                         : PowerCC32XX.oem4 (.text:restorePeriphClocks)
                  20011c80    0000004c     rtsv7M4_T_le_eabi.lib : cpy_tbl.obj (.text)
                  20011ccc    00000004     --HOLE-- [fill = 0]
                  20011cd0    0000004c     sysbios.aem4 : BIOS.obj (.text:ti_sysbios_family_arm_m3_Hwi_excNmi__I)
                  20011d1c    0000004c                  : m3_TaskSupport_asm.obj (.text:ti_sysbios_family_arm_m3_TaskSupport_buildTaskStack)
                  20011d68    0000004c                  : BIOS.obj (.text:ti_sysbios_family_arm_m3_Timer_setPeriodMicroSecs__E)
                  20011db4    00000004     --HOLE-- [fill = 0]
                  20011db8    0000004c                  : BIOS.obj (.text:ti_sysbios_heaps_HeapMem_getStats__E)
                  20011e04    00000004     --HOLE-- [fill = 0]
                  20011e08    0000004c                  : BIOS.obj (.text:ti_sysbios_knl_Swi_runLoop__I)
                  20011e54    00000004     --HOLE-- [fill = 0]
                  20011e58    0000004c                  : BIOS.obj (.text:ti_sysbios_knl_Task_allBlockedFunction__I)
                  20011ea4    0000004c     ti.uia.loggers.aem4 : LoggerStopMode.oem4 (.text:ti_uia_loggers_LoggerStopMode_Module_startup__E)
                  20011ef0    00000048     driverlib.a : flash.obj (.text:FlashDisable)
                  20011f38    00000048                 : prcm.obj (.text:PRCMLPDSEnter)
                  20011f80    00000048                 : prcm.obj (.text:PRCMPeripheralClkEnable)
                  20011fc8    00000048     rtsv7M4_T_le_eabi.lib : fd_toi_t2.obj (.text)
                  20012010    00000048     sysbios.aem4 : BIOS.obj (.text:ti_sysbios_family_arm_m3_Hwi_disableInterrupt__E)
                  20012058    00000048                  : BIOS.obj (.text:ti_sysbios_family_arm_m3_Hwi_enableInterrupt__E)
                  200120a0    00000048                  : m3_Hwi_asm_switch.obj (.text:ti_sysbios_family_arm_m3_Hwi_initStacks__E)
                  200120e8    00000048                  : BIOS.obj (.text:ti_sysbios_family_arm_m3_Timer_initDevice__I)
                  20012130    00000048                  : BIOS.obj (.text:ti_sysbios_knl_Task_deleteTerminatedTasksFunc__I)
                  20012178    00000046                  : BIOS.obj (.text:xdc_runtime_Core_assignParams__I)
                  200121be    00000002     --HOLE-- [fill = 0]
                  200121c0    00000044     driverlib.a : prcm.obj (.text:PRCMLPDSRestoreInfoSet)
                  20012204    00000044     drivers_cc32xx.aem4 : PowerCC32XX_asm.oem4 (.text:PowerCC32XX_enterLPDS)
                  20012248    00000044     boot.aem4 : boot.oem4 (.text)
                  2001228c    00000044     drivers_cc32xx.aem4 : PowerCC32XX.oem4 (.text:notify)
                  200122d0    00000044     rtsv7M4_T_le_eabi.lib : fd_tou_t2.obj (.text)
                  20012314    00000004     --HOLE-- [fill = 0]
                  20012318    00000044     sysbios.aem4 : BIOS.obj (.text:ti_sysbios_family_arm_lm4_Timer_isrStub__E)
                  2001235c    00000004     --HOLE-- [fill = 0]
                  20012360    00000044                  : BIOS.obj (.text:ti_sysbios_family_arm_m3_Hwi_getStackInfo__E)
                  200123a4    00000004     --HOLE-- [fill = 0]
                  200123a8    00000044                  : BIOS.obj (.text:ti_sysbios_utils_Load_removeTask__E)
                  200123ec    00000004     --HOLE-- [fill = 0]
                  200123f0    00000044                  : BIOS.obj (.text:ti_sysbios_utils_Load_swiBeginHook__E)
                  20012434    00000044     ti.uia.loggers.aem4 : LoggerStopMode.oem4 (.text:ti_uia_loggers_LoggerStopMode_initBuffer__I)
                  20012478    00000044     sysbios.aem4 : BIOS.obj (.text:xdc_runtime_System_atexit__E)
                  200124bc    00000040     dpl_cc32xx.aem4 : HwiP_tirtos.oem4 (.text:HwiP_create)
                  200124fc    00000040     driverlib.a : pin.obj (.text:PinModeSet)
                  2001253c    00000040     rtsv7M4_T_le_eabi.lib : u_divt2.obj (.text)
                  2001257c    00000004     --HOLE-- [fill = 0]
                  20012580    00000040     sysbios.aem4 : BIOS.obj (.text:ti_sysbios_family_arm_lm4_Timer_startup__E)
                  200125c0    00000040                  : BIOS.obj (.text:ti_sysbios_family_arm_m3_Timer_Module_startup__E)
                  20012600    00000040                  : BIOS.obj (.text:ti_sysbios_heaps_HeapMem_Instance_init__E)
                  20012640    0000003c     drivers_cc32xx.aem4 : PowerCC32XX.oem4 (.text:Power_setConstraint)
                  2001267c    0000003c     dpl_cc32xx.aem4 : PowerCC32XX_tirtos.oem4 (.text:getCountsRTC)
                  200126b8    0000003c     sysbios.aem4 : BIOS.obj (.text:ti_sysbios_knl_Clock_walkQueuePeriodic__E)
                  200126f4    00000004     --HOLE-- [fill = 0]
                  200126f8    0000003c                  : BIOS.obj (.text:ti_sysbios_knl_Swi_restore__E)
                  20012734    00000004     --HOLE-- [fill = 0]
                  20012738    0000003c                  : BIOS.obj (.text:ti_sysbios_utils_Load_hwiEndHook__E)
                  20012774    00000004     --HOLE-- [fill = 0]
                  20012778    0000003c                  : BIOS.obj (.text:xdc_runtime_System_processAtExit__E)
                  200127b4    00000038     driverlib.a : prcm.obj (.text:PRCMLPDSEnterKeepDebugIf)
                  200127ec    00000038     rtsv7M4_T_le_eabi.lib : fs_tod_t2.obj (.text)
                  20012824    00000038     release_pem4.oem4 (.text:ti_sysbios_BIOS_startFunc__I)
                  2001285c    00000004     --HOLE-- [fill = 0]
                  20012860    00000038     sysbios.aem4 : BIOS.obj (.text:ti_sysbios_knl_Task_processVitalTaskFlag__I)
                  20012898    00000036     drivers_cc32xx.aem4 : PowerCC32XX.oem4 (.text:PowerCC32XX_restoreParkedPin)
                  200128ce    00000002     --HOLE-- [fill = 0]
                  200128d0    00000034     driverlib.a : pin.obj (.text:PinModeGet)
                  20012904    00000004     --HOLE-- [fill = 0]
                  20012908    00000034     sysbios.aem4 : BIOS.obj (.text:ti_sysbios_family_arm_m3_Timer_periodicStub__I)
                  2001293c    00000034     release_pem4.oem4 (.text:ti_sysbios_knl_Semaphore_create)
                  20012970    00000034     sysbios.aem4 : BIOS.obj (.text:ti_sysbios_utils_Load_startup__E)
                  200129a4    00000004     --HOLE-- [fill = 0]
                  200129a8    00000034                  : BIOS.obj (.text:ti_sysbios_utils_Load_swiEndHook__E)
                  200129dc    00000034     ti.uia.loggers.aem4 : LoggerStopMode.oem4 (.text:ti_uia_loggers_LoggerStopMode_reset__E)
                  20012a10    00000032     sysbios.aem4 : BIOS.obj (.text:ti_sysbios_hal_Hwi_initStack)
                  20012a42    00000006     driverlib.a : utils.obj (.text:UtilsDelay)
                  20012a48    00000032     sysbios.aem4 : BIOS.obj (.text:ti_sysbios_knl_Semaphore_pendTimeout__I)
                  20012a7a    00000002     --HOLE-- [fill = 0]
                  20012a7c    00000030     release_pem4.oem4 (.text:ti_sysbios_BIOS_atExitFunc__I)
                  20012aac    00000004     --HOLE-- [fill = 0]
                  20012ab0    00000030     sysbios.aem4 : BIOS.obj (.text:ti_sysbios_family_arm_lm4_Timer_stop__E)
                  20012ae0    00000030                  : BIOS.obj (.text:ti_sysbios_family_arm_m3_TaskSupport_start__E)
                  20012b10    00000030     release_pem4.oem4 (.text:ti_sysbios_gates_GateHwi_Object__create__S)
                  20012b40    00000030     release_pem4.oem4 (.text:ti_sysbios_gates_GateMutex_Object__create__S)
                  20012b70    00000030     sysbios.aem4 : BIOS.obj (.text:ti_sysbios_gates_GateMutex_enter__E)
                  20012ba0    00000030     release_pem4.oem4 (.text:ti_sysbios_heaps_HeapMem_Object__create__S)
                  20012bd0    00000030     release_pem4.oem4 (.text:ti_sysbios_knl_Semaphore_construct)
                  20012c00    00000030     release_pem4.oem4 (.text:ti_uia_loggers_LoggerStopMode_Object__create__S)
                  20012c30    0000002e     rtsv7M4_T_le_eabi.lib : i_tofd_t2.obj (.text)
                  20012c5e    00000002     --HOLE-- [fill = 0]
                  20012c60    0000002c     dpl_cc32xx.aem4 : SemaphoreP_tirtos.oem4 (.text:SemaphoreP_createBinary)
                  20012c8c    0000002c     release_pem4.oem4 (.text:ti_sysbios_knl_Clock_doTick__I)
                  20012cb8    0000002c     release_pem4.oem4 (.text:ti_sysbios_knl_Queue_construct)
                  20012ce4    00000004     --HOLE-- [fill = 0]
                  20012ce8    0000002c     sysbios.aem4 : BIOS.obj (.text:ti_sysbios_knl_Task_restore__E)
                  20012d14    00000028     driverlib.a : prcm.obj (.text:PRCMPeripheralClkDisable)
                  20012d3c    00000028     dpl_cc32xx.aem4 : PowerCC32XX_tirtos.oem4 (.text:PowerCC32XX_initPolicy)
                  20012d64    00000028     drivers_cc32xx.aem4 : PowerCC32XX.oem4 (.text:Power_registerNotify)
                  20012d8c    00000026                         : List.oem4 (.text:List_put)
                  20012db2    00000006     --HOLE-- [fill = 0]
                  20012db8    00000026     sysbios.aem4 : BIOS.obj (.text:xdc_runtime_System_printf_va__F)
                  20012dde    00000002     --HOLE-- [fill = 0]
                  20012de0    00000024     release_pem4.oem4 (.text:ti_sysbios_BIOS_registerRTSLock__I)
                  20012e04    00000024     release_pem4.oem4 (.text:ti_sysbios_BIOS_removeRTSLock__I)
                  20012e28    00000024     sysbios.aem4 : BIOS.obj (.text:ti_sysbios_family_arm_m3_Timer_startup__E)
                  20012e4c    00000024     release_pem4.oem4 (.text:ti_sysbios_gates_GateMutex_Object__delete__S)
                  20012e70    00000024     sysbios.aem4 : BIOS.obj (.text:ti_sysbios_knl_Clock_Module_startup__E)
                  20012e94    00000004     --HOLE-- [fill = 0]
                  20012e98    00000024                  : BIOS.obj (.text:ti_sysbios_knl_Semaphore_Instance_init__E)
                  20012ebc    00000024     release_pem4.oem4 (.text:ti_sysbios_knl_Semaphore_Object__delete__S)
                  20012ee0    00000024     sysbios.aem4 : BIOS.obj (.text:ti_sysbios_knl_Task_restoreHwi__E)
                  20012f04    00000004     --HOLE-- [fill = 0]
                  20012f08    00000024                  : BIOS.obj (.text:xdc_runtime_Error_policyMin__E)
                  20012f2c    00000004     --HOLE-- [fill = 0]
                  20012f30    00000022                  : BIOS.obj (.text:ti_sysbios_family_arm_lm4_Timer_write__I)
                  20012f52    00000002     --HOLE-- [fill = 0]
                  20012f54    00000020     release_pem4.oem4 (.text:ti_sysbios_BIOS_rtsLock__I)
                  20012f74    00000020     sysbios.aem4 : m3_Hwi_asm.obj (.text:ti_sysbios_family_arm_m3_Hwi_excHandlerAsm__I)
                  20012f94    00000004     --HOLE-- [fill = 0]
                  20012f98    00000020                  : BIOS.obj (.text:ti_sysbios_family_arm_m3_Hwi_excHandler__I)
                  20012fb8    00000020                  : BIOS.obj (.text:ti_sysbios_family_arm_m3_TimestampProvider_Module_startup__E)
                  20012fd8    00000020     release_pem4.oem4 (.text:ti_sysbios_gates_GateHwi_Object__delete__S)
                  20012ff8    00000020     release_pem4.oem4 (.text:ti_sysbios_heaps_HeapMem_Object__delete__S)
                  20013018    00000020     sysbios.aem4 : BIOS.obj (.text:ti_sysbios_knl_Idle_run__E)
                  20013038    00000020     release_pem4.oem4 (.text:ti_sysbios_knl_Semaphore_destruct)
                  20013058    00000020     release_pem4.oem4 (.text:ti_sysbios_knl_Task_Object__delete__S)
                  20013078    00000020     release_pem4.oem4 (.text:ti_uia_loggers_LoggerStopMode_Object__delete__S)
                  20013098    0000001e     sysbios.aem4 : m3_Hwi_asm_switch.obj (.text:ti_sysbios_family_xxx_Hwi_switchAndRunFunc)
                  200130b6    00000002     --HOLE-- [fill = 0]
                  200130b8    0000001c     driverlib.a : pin.obj (.text:PinToPadGet)
                  200130d4    00000004     --HOLE-- [fill = 0]
                  200130d8    0000001c     sysbios.aem4 : BIOS.obj (.text:ti_sysbios_family_arm_m3_Timer_stop__E)
                  200130f4    00000004     --HOLE-- [fill = 0]
                  200130f8    0000001c                  : BIOS.obj (.text:ti_sysbios_gates_GateMutex_Instance_init__E)
                  20013114    0000001c     release_pem4.oem4 (.text:ti_sysbios_knl_Queue_destruct)
                  20013130    0000001c     sysbios.aem4 : BIOS.obj (.text:ti_sysbios_knl_Queue_put__E)
                  2001314c    00000004     --HOLE-- [fill = 0]
                  20013150    0000001c                  : BIOS.obj (.text:ti_sysbios_knl_Task_enter__I)
                  2001316c    0000001c     ti.uia.loggers.aem4 : LoggerStopMode.oem4 (.text:ti_uia_loggers_LoggerStopMode_Instance_init__E)
                  20013188    0000001a     sysbios.aem4 : m3_Hwi_asm.obj (.text:ti_sysbios_family_arm_m3_Hwi_pendSV__I)
                  200131a2    0000001a     release_pem4.oem4 (.text:xdc_runtime_System_printf__E)
                  200131bc    00000018     drivers_cc32xx.aem4 : PowerCC32XX.oem4 (.text:Power_idleFunc)
                  200131d4    00000018     rtsv7M4_T_le_eabi.lib : args_main.obj (.text)
                  200131ec    00000018                           : ll_mul_t2.obj (.text)
                  20013204    00000018     release_pem4.oem4 (.text:ti_sysbios_BIOS_rtsUnlock__I)
                  2001321c    00000018     release_pem4.oem4 (.text:ti_sysbios_family_arm_lm4_Timer_Module__startupDone__F)
                  20013234    00000018     release_pem4.oem4 (.text:ti_sysbios_family_arm_m3_Hwi_Handle__label__S)
                  2001324c    00000018     release_pem4.oem4 (.text:ti_sysbios_family_arm_m3_Hwi_Module__startupDone__F)
                  20013264    00000018     release_pem4.oem4 (.text:ti_sysbios_family_arm_m3_Timer_Module__startupDone__F)
                  2001327c    00000018     release_pem4.oem4 (.text:ti_sysbios_gates_GateHwi_Handle__label__S)
                  20013294    00000018     release_pem4.oem4 (.text:ti_sysbios_gates_GateMutex_Handle__label__S)
                  200132ac    00000004     --HOLE-- [fill = 0]
                  200132b0    00000018     sysbios.aem4 : BIOS.obj (.text:ti_sysbios_gates_GateMutex_leave__E)
                  200132c8    00000018     release_pem4.oem4 (.text:ti_sysbios_heaps_HeapMem_Handle__label__S)
                  200132e0    00000018     release_pem4.oem4 (.text:ti_sysbios_knl_Swi_Handle__label__S)
                  200132f8    00000018     release_pem4.oem4 (.text:ti_sysbios_knl_Task_Handle__label__S)
                  20013310    00000018     release_pem4.oem4 (.text:ti_uia_loggers_LoggerStopMode_Handle__label__S)
                  20013328    00000018     sysbios.aem4 : BIOS.obj (.text:xdc_runtime_System_exit__E)
                  20013340    00000016     driverlib.a : prcm.obj (.text:PRCMHIBRegRead)
                  20013356    00000016                 : prcm.obj (.text:PRCMHIBRegWrite)
                  2001336c    00000016     release_pem4.oem4 (.text:ti_sysbios_BIOS_exitFunc__I)
                  20013382    00000016     ti.uia.loggers.aem4 : LoggerStopMode.oem4 (.text:ti_uia_loggers_LoggerStopMode_disable__E)
                  20013398    00000016                         : LoggerStopMode.oem4 (.text:ti_uia_loggers_LoggerStopMode_enable__E)
                  200133ae    00000002     --HOLE-- [fill = 0]
                  200133b0    00000014     drivers_cc32xx.aem4 : PowerCC32XX.oem4 (.text:Power_getDependencyCount)
                  200133c4    00000014     rtsv7M4_T_le_eabi.lib : _lock.obj (.text)
                  200133d8    00000014                           : strlen.obj (.text)
                  200133ec    00000014     release_pem4.oem4 (.text:ti_sysbios_family_arm_m3_Hwi_Object__get__S)
                  20013400    00000014     sysbios.aem4 : BIOS.obj (.text:ti_sysbios_family_arm_m3_Hwi_switchFromBootStack__E)
                  20013414    00000014     release_pem4.oem4 (.text:ti_sysbios_heaps_HeapMem_Object__get__S)
                  20013428    00000014     sysbios.aem4 : BIOS.obj (.text:ti_sysbios_knl_Clock_tickReconfig__E)
                  2001343c    00000014     release_pem4.oem4 (.text:ti_sysbios_knl_Swi_Object__get__S)
                  20013450    00000014     release_pem4.oem4 (.text:ti_sysbios_knl_Task_Object__first__S)
                  20013464    00000014     release_pem4.oem4 (.text:ti_sysbios_knl_Task_Object__get__S)
                  20013478    00000014     release_pem4.oem4 (.text:ti_sysbios_knl_Task_Object__next__S)
                  2001348c    00000012     dpl_cc32xx.aem4 : SemaphoreP_tirtos.oem4 (.text:SemaphoreP_pend)
                  2001349e    00000012     mian.obj (.text:main)
                  200134b0    00000012     sysbios.aem4 : BIOS.obj (.text:ti_sysbios_hal_Hwi_Module_startup__E)
                  200134c2    00000006     --HOLE-- [fill = 0]
                  200134c8    00000012                  : BIOS.obj (.text:ti_sysbios_hal_Timer_Module_startup__E)
                  200134da    00000012     release_pem4.oem4 (.text:xdc_runtime_Startup_exec__I)
                  200134ec    00000010     dpl_cc32xx.aem4 : HwiP_tirtos.oem4 (.text:HwiP_Params_init)
                  200134fc    00000004     --HOLE-- [fill = 0]
                  20013500    00000010     sysbios.aem4 : BIOS.obj (.text:ti_sysbios_BIOS_getCpuFreq__E)
                  20013510    00000010                  : BIOS.obj (.text:ti_sysbios_BIOS_setThreadType__E)
                  20013520    00000010                  : BIOS.obj (.text:ti_sysbios_BIOS_start__E)
                  20013530    00000010                  : m3_TaskSupport_asm.obj (.text:ti_sysbios_family_arm_m3_TaskSupport_glue)
                  20013540    00000010                  : m3_TaskSupport_asm.obj (.text:ti_sysbios_family_arm_m3_TaskSupport_swap__E)
                  20013550    00000010                  : BIOS.obj (.text:ti_sysbios_gates_GateMutex_Instance_finalize__E)
                  20013560    00000010     release_pem4.oem4 (.text:ti_sysbios_knl_Mailbox_Object__get__S)
                  20013570    00000010     sysbios.aem4 : BIOS.obj (.text:ti_sysbios_knl_Semaphore_Instance_finalize__E)
                  20013580    00000010                  : BIOS.obj (.text:ti_sysbios_knl_Swi_disable__E)
                  20013590    00000010                  : BIOS.obj (.text:ti_sysbios_knl_Task_disable__E)
                  200135a0    00000010     release_pem4.oem4 (.text:ti_uia_loggers_LoggerStopMode_Object__get__S)
                  200135b0    00000010     ti.uia.loggers.aem4 : LoggerStopMode.oem4 (.text:ti_uia_loggers_LoggerStopMode_isEmpty__E)
                  200135c0    00000010     sysbios.aem4 : BIOS.obj (.text:xdc_runtime_Gate_leaveSystem__E)
                  200135d0    00000010                  : BIOS.obj (.text:xdc_runtime_SysCallback_abort__E)
                  200135e0    00000010                  : BIOS.obj (.text:xdc_runtime_SysCallback_exit__E)
                  200135f0    00000010                  : BIOS.obj (.text:xdc_runtime_SysCallback_putch__E)
                  20013600    00000010                  : BIOS.obj (.text:xdc_runtime_SysCallback_ready__E)
                  20013610    0000000e     rtsv7M4_T_le_eabi.lib : copy_decompress_none.obj (.text:decompress:none)
                  2001361e    00000002     --HOLE-- [fill = 0]
                  20013620    0000000e     sysbios.aem4 : BIOS.obj (.text:ti_sysbios_knl_Idle_loop__E)
                  2001362e    00000002     --HOLE-- [fill = 0]
                  20013630    0000000e                  : BIOS.obj (.text:ti_sysbios_knl_Queue_empty__E)
                  2001363e    0000000c     CC3220S_LAUNCHXL.obj (.text:CC3220S_LAUNCHXL_initGeneral)
                  2001364a    00000002     --HOLE-- [fill = 0]
                  2001364c    0000000c     drivers_cc32xx.aem4 : PowerCC32XX.oem4 (.text:Power_getConstraintMask)
                  20013658    0000000c     dpl_cc32xx.aem4 : SemaphoreP_tirtos.oem4 (.text:SemaphoreP_delete)
                  20013664    0000000c     rtsv7M4_T_le_eabi.lib : copy_zero_init.obj (.text:decompress:ZI)
                  20013670    0000000c     release_pem4.oem4 (.text:ti_sysbios_family_arm_m3_Hwi_Params__init__S)
                  2001367c    00000004     --HOLE-- [fill = 0]
                  20013680    0000000c     sysbios.aem4 : BIOS.obj (.text:ti_sysbios_family_arm_m3_Hwi_disableFxn__E)
                  2001368c    00000004     --HOLE-- [fill = 0]
                  20013690    0000000c                  : BIOS.obj (.text:ti_sysbios_gates_GateHwi_enter__E)
                  2001369c    00000004     --HOLE-- [fill = 0]
                  200136a0    0000000c                  : BIOS.obj (.text:ti_sysbios_knl_Clock_getTicks__E)
                  200136ac    00000004     --HOLE-- [fill = 0]
                  200136b0    0000000c                  : BIOS.obj (.text:ti_sysbios_knl_Clock_setTicks__E)
                  200136bc    00000004     --HOLE-- [fill = 0]
                  200136c0    0000000c                  : BIOS.obj (.text:ti_sysbios_knl_Clock_tickStart__E)
                  200136cc    00000004     --HOLE-- [fill = 0]
                  200136d0    0000000c                  : BIOS.obj (.text:ti_sysbios_knl_Clock_tickStop__E)
                  200136dc    0000000c     release_pem4.oem4 (.text:ti_sysbios_knl_Queue_Object__get__S)
                  200136e8    0000000c     release_pem4.oem4 (.text:ti_sysbios_knl_Semaphore_Params__init__S)
                  200136f4    00000004     --HOLE-- [fill = 0]
                  200136f8    0000000c     sysbios.aem4 : BIOS.obj (.text:ti_sysbios_utils_Load_taskRegHook__E)
                  20013704    00000004     --HOLE-- [fill = 0]
                  20013708    0000000c                  : BIOS.obj (.text:xdc_runtime_Gate_enterSystem__E)
                  20013714    00000004     --HOLE-- [fill = 0]
                  20013718    0000000c                  : BIOS.obj (.text:xdc_runtime_Startup_rtsDone__E)
                  20013724    0000000a     drivers_cc32xx.aem4 : List.oem4 (.text:List_empty)
                  2001372e    0000000a     leds_controll.obj (.text:led_function)
                  20013738    0000000a     release_pem4.oem4 (.text:xdc_runtime_IHeap_alloc)
                  20013742    0000000a     release_pem4.oem4 (.text:xdc_runtime_IHeap_free)
                  2001374c    00000008     sysbios.aem4 : BIOS.obj (.text:ti_sysbios_family_arm_lm4_Timer_masterDisable__I)
                  20013754    00000004     --HOLE-- [fill = 0]
                  20013758    00000008                  : BIOS.obj (.text:ti_sysbios_family_arm_m3_Hwi_doSwiRestore__I)
                  20013760    00000008                  : BIOS.obj (.text:ti_sysbios_family_arm_m3_Hwi_startup__E)
                  20013768    00000008                  : BIOS.obj (.text:ti_sysbios_knl_Task_getHookContext__E)
                  20013770    00000006                  : BIOS.obj (.text:ti_sysbios_family_arm_m3_Hwi_doTaskRestore__I)
                  20013776    00000002     --HOLE-- [fill = 0]
                  20013778    00000006                  : BIOS.obj (.text:ti_sysbios_family_arm_m3_Hwi_restoreFxn__E)
                  2001377e    00000002     --HOLE-- [fill = 0]
                  20013780    00000006                  : BIOS.obj (.text:ti_sysbios_gates_GateHwi_leave__E)
                  20013786    00000002     --HOLE-- [fill = 0]
                  20013788    00000006                  : BIOS.obj (.text:ti_sysbios_heaps_HeapMem_isBlocking__E)
                  2001378e    00000002     --HOLE-- [fill = 0]
                  20013790    00000006                  : BIOS.obj (.text:ti_sysbios_knl_Queue_Instance_init__E)
                  20013796    00000002     --HOLE-- [fill = 0]
                  20013798    00000006                  : BIOS.obj (.text:ti_sysbios_knl_Swi_startup__E)
                  2001379e    00000002     --HOLE-- [fill = 0]
                  200137a0    00000006                  : BIOS.obj (.text:xdc_runtime_System_Module_startup__E)
                  200137a6    00000002     --HOLE-- [fill = 0]
                  200137a8    00000004                  : BIOS.obj (.text:ti_sysbios_family_arm_m3_Timer_getMaxTicks__E)
                  200137ac    00000004     --HOLE-- [fill = 0]
                  200137b0    00000004                  : BIOS.obj (.text:ti_sysbios_gates_GateHwi_query__E)
                  200137b4    00000004     --HOLE-- [fill = 0]
                  200137b8    00000004                  : BIOS.obj (.text:ti_sysbios_gates_GateMutex_query__E)
                  200137bc    00000004     --HOLE-- [fill = 0]
                  200137c0    00000004                  : BIOS.obj (.text:ti_sysbios_knl_Task_startup__E)
                  200137c4    00000004     --HOLE-- [fill = 0]
                  200137c8    00000004                  : BIOS.obj (.text:xdc_runtime_SysCallback_defaultReady)
                  200137cc    00000004     --HOLE-- [fill = 0]
                  200137d0    00000002                  : BIOS.obj (.text:ti_sysbios_BIOS_linkedWithIncorrectBootLibrary__E)
                  200137d2    00000006     --HOLE-- [fill = 0]
                  200137d8    00000002                  : BIOS.obj (.text:ti_sysbios_gates_GateHwi_Instance_init__E)
                  200137da    00000006     --HOLE-- [fill = 0]
                  200137e0    00000002                  : BIOS.obj (.text:xdc_runtime_SysCallback_defaultAbort)
                  200137e2    00000006     --HOLE-- [fill = 0]
                  200137e8    00000002                  : BIOS.obj (.text:xdc_runtime_SysCallback_defaultExit)
                  200137ea    00000006     --HOLE-- [fill = 0]
                  200137f0    00000002                  : BIOS.obj (.text:xdc_runtime_SysCallback_defaultPutch)
                  200137f2    00000006     --HOLE-- [fill = 0]
                  200137f8    00000002                  : BIOS.obj (.text:xdc_runtime_System_abortSpin__E)
                  200137fa    00000006     --HOLE-- [fill = 0]
                  20013800    00000002                  : BIOS.obj (.text:xdc_runtime_System_exitSpin__E)

.bss       0    20013880    00001230     UNINITIALIZED
                  20013880    00000400     (.common:ti_uia_loggers_LoggerStopMode_Instance_State_1_packetArray__A)
                  20013c80    00000400     (.common:ti_uia_loggers_LoggerStopMode_Instance_State_2_packetArray__A)
                  20014080    0000030c     (.common:ti_sysbios_family_arm_m3_Hwi_dispatchTable)
                  2001438c    00000004     drivers_cc32xx.aem4 : GPIOCC32XX.oem4 (.bss)
                  20014390    00000200     release_pem4.oem4 (.bss:taskStackSection)
                  20014590    00000020     drivers_cc32xx.aem4 : GPIOCC32XX.oem4 (.bss:gpioCallbackInfo)
                  200145b0    00000014                         : GPIOCC32XX.oem4 (.bss:powerNotifyObj)
                  200145c4    00000004     (.common:ti_sysbios_family_arm_m3_Hwi_Instance_State_0_hookEnv__A)
                  200145c8    0000000c     dpl_cc32xx.aem4 : PowerCC32XX_tirtos.oem4 (.bss)
                  200145d4    00000004     (.common:ti_sysbios_family_arm_m3_Hwi_Instance_State_1_hookEnv__A)
                  200145d8    00000004     (.common:ti_sysbios_knl_Swi_Instance_State_0_hookEnv__A)
                  200145dc    00000004     (.common:ti_sysbios_knl_Task_Instance_State_0_hookEnv__A)
                  200145e0    00000020     --HOLE--
                  20014600    00000200     (.common:ti_uia_loggers_LoggerStopMode_Instance_State_0_packetArray__A)
                  20014800    0000012c     (.common:PowerCC32XX_contextSave)
                  2001492c    00000054     --HOLE--
                  20014980    00000030     (.common:ti_uia_loggers_LoggerStopMode_Instance_State_0_hdr__A)
                  200149b0    00000050     --HOLE--
                  20014a00    00000030     (.common:ti_uia_loggers_LoggerStopMode_Instance_State_1_hdr__A)
                  20014a30    00000050     --HOLE--
                  20014a80    00000030     (.common:ti_uia_loggers_LoggerStopMode_Instance_State_2_hdr__A)

.const     0    20014ab0    000008d3     
                  20014ab0    00000100     driverlib.a : pin.obj (.const:g_ulPinToPadMap)
                  20014bb0    000000a8                 : prcm.obj (.const:PRCM_PeriphRegsList)
                  20014c58    00000060     release_pem4.oem4 (.const:ti_uia_loggers_LoggerStopMode_Module__FXNS__C)
                  20014cb8    00000048     release_pem4.oem4 (.const:.string)
                  20014d00    00000040     CC3220S_LAUNCHXL.obj (.const:PowerCC32XX_config)
                  20014d40    0000003c     release_pem4.oem4 (.const:ti_sysbios_knl_Task_Object__PARAMS__C)
                  20014d7c    00000030     release_pem4.oem4 (.const:ti_sysbios_family_arm_m3_Hwi_Object__PARAMS__C)
                  20014dac    00000030     release_pem4.oem4 (.const:xdc_runtime_Startup_sfxnTab__A)
                  20014ddc    00000028     release_pem4.oem4 (.const:ti_sysbios_heaps_HeapMem_Module__FXNS__C)
                  20014e04    00000028     release_pem4.oem4 (.const:ti_uia_loggers_LoggerStopMode_Object__PARAMS__C)
                  20014e2c    00000024     release_pem4.oem4 (.const:ti_sysbios_gates_GateHwi_Module__FXNS__C)
                  20014e50    00000024     release_pem4.oem4 (.const:ti_sysbios_gates_GateMutex_Module__FXNS__C)
                  20014e74    00000024     release_pem4.oem4 (.const:ti_sysbios_heaps_HeapMem_Object__PARAMS__C)
                  20014e98    00000024     release_pem4.oem4 (.const:ti_sysbios_knl_Semaphore_Object__PARAMS__C)
                  20014ebc    00000021     drivers_cc32xx.aem4 : GPIOCC32XX.oem4 (.const:.string:pinTable)
                  20014edd    00000001     release_pem4.oem4 (.const:ti_sysbios_knl_Clock_tickMode__C)
                  20014ede    00000002     release_pem4.oem4 (.const:ti_sysbios_family_arm_m3_Hwi_Module__id__C)
                  20014ee0    00000020     release_pem4.oem4 (.const:ti_sysbios_family_arm_m3_Hwi_Object__DESC__C)
                  20014f00    00000020     release_pem4.oem4 (.const:ti_sysbios_gates_GateHwi_Object__DESC__C)
                  20014f20    00000020     release_pem4.oem4 (.const:ti_sysbios_gates_GateMutex_Object__DESC__C)
                  20014f40    00000020     release_pem4.oem4 (.const:ti_sysbios_heaps_HeapMem_Object__DESC__C)
                  20014f60    00000020     release_pem4.oem4 (.const:ti_sysbios_knl_Queue_Object__DESC__C)
                  20014f80    00000020     release_pem4.oem4 (.const:ti_sysbios_knl_Semaphore_Object__DESC__C)
                  20014fa0    00000020     release_pem4.oem4 (.const:ti_sysbios_knl_Task_Object__DESC__C)
                  20014fc0    00000020     release_pem4.oem4 (.const:ti_uia_loggers_LoggerStopMode_Object__DESC__C)
                  20014fe0    00000018     release_pem4.oem4 (.const:ti_sysbios_gates_GateHwi_Object__PARAMS__C)
                  20014ff8    00000018     release_pem4.oem4 (.const:ti_sysbios_gates_GateMutex_Object__PARAMS__C)
                  20015010    00000018     release_pem4.oem4 (.const:ti_sysbios_knl_Queue_Object__PARAMS__C)
                  20015028    00000018     release_pem4.oem4 (.const:ti_sysbios_knl_Swi_hooks__A)
                  20015040    00000018     release_pem4.oem4 (.const:ti_sysbios_knl_Task_hooks__A)
                  20015058    00000018     release_pem4.oem4 (.const:xdc_runtime_Startup_sfxnRts__A)
                  20015070    00000014     CC3220S_LAUNCHXL.obj (.const:GPIOCC32XX_config)
                  20015084    00000014     drivers_cc32xx.aem4 : GPIOCC32XX.oem4 (.const:gpioBaseAddresses)
                  20015098    00000014                         : GPIOCC32XX.oem4 (.const:powerResources)
                  200150ac    00000014     release_pem4.oem4 (.const:ti_sysbios_family_arm_m3_Hwi_hooks__A)
                  200150c0    00000010     release_pem4.oem4 (.const:xdc_runtime_Startup_firstFxns__A)
                  200150d0    0000000c     release_pem4.oem4 (.const:ti_sysbios_knl_Idle_funcList__A)
                  200150dc    00000008     drivers_cc32xx.aem4 : GPIOCC32XX.oem4 (.const:outPinTypes)
                  200150e4    00000008     release_pem4.oem4 (.const:ti_sysbios_family_arm_m3_Hwi_excHookFuncs__A)
                  200150ec    00000008     release_pem4.oem4 (.const:ti_sysbios_family_arm_m3_Hwi_hooks__C)
                  200150f4    00000008     release_pem4.oem4 (.const:ti_sysbios_knl_Idle_funcList__C)
                  200150fc    00000008     release_pem4.oem4 (.const:ti_sysbios_knl_Swi_hooks__C)
                  20015104    00000008     release_pem4.oem4 (.const:ti_sysbios_knl_Task_hooks__C)
                  2001510c    00000008     release_pem4.oem4 (.const:xdc_runtime_Startup_firstFxns__C)
                  20015114    00000008     release_pem4.oem4 (.const:xdc_runtime_Startup_lastFxns__C)
                  2001511c    00000006     drivers_cc32xx.aem4 : GPIOCC32XX.oem4 (.const:.string:interruptType)
                  20015122    00000006                         : GPIOCC32XX.oem4 (.const:inPinTypes)
                  20015128    00000006                         : GPIOCC32XX.oem4 (.const:outPinStrengths)
                  2001512e    00000004                         : GPIOCC32XX.oem4 (.const:.string:portInterruptIds)
                  20015132    00000002     release_pem4.oem4 (.const:ti_sysbios_family_arm_m3_Hwi_Module__loggerDefined__C)
                  20015134    00000004     release_pem4.oem4 (.const:ti_sysbios_family_arm_lm4_Timer_enableFunc__C)
                  20015138    00000004     release_pem4.oem4 (.const:ti_sysbios_family_arm_lm4_Timer_numTimerDevices__C)
                  2001513c    00000004     release_pem4.oem4 (.const:ti_sysbios_family_arm_lm4_Timer_startupNeeded__C)
                  20015140    00000004     release_pem4.oem4 (.const:ti_sysbios_family_arm_m3_Hwi_E_NMI__C)
                  20015144    00000004     release_pem4.oem4 (.const:ti_sysbios_family_arm_m3_Hwi_E_alreadyDefined__C)
                  20015148    00000004     release_pem4.oem4 (.const:ti_sysbios_family_arm_m3_Hwi_E_busFault__C)
                  2001514c    00000004     release_pem4.oem4 (.const:ti_sysbios_family_arm_m3_Hwi_E_debugMon__C)
                  20015150    00000004     release_pem4.oem4 (.const:ti_sysbios_family_arm_m3_Hwi_E_hardFault__C)
                  20015154    00000004     release_pem4.oem4 (.const:ti_sysbios_family_arm_m3_Hwi_E_memFault__C)
                  20015158    00000004     release_pem4.oem4 (.const:ti_sysbios_family_arm_m3_Hwi_E_noIsr__C)
                  2001515c    00000004     release_pem4.oem4 (.const:ti_sysbios_family_arm_m3_Hwi_E_reserved__C)
                  20015160    00000004     release_pem4.oem4 (.const:ti_sysbios_family_arm_m3_Hwi_E_svCall__C)
                  20015164    00000004     release_pem4.oem4 (.const:ti_sysbios_family_arm_m3_Hwi_E_usageFault__C)
                  20015168    00000004     release_pem4.oem4 (.const:ti_sysbios_family_arm_m3_Hwi_LD_end__C)
                  2001516c    00000004     release_pem4.oem4 (.const:ti_sysbios_family_arm_m3_Hwi_LM_begin__C)
                  20015170    00000004     release_pem4.oem4 (.const:ti_sysbios_family_arm_m3_Hwi_Module__diagsEnabled__C)
                  20015174    00000004     release_pem4.oem4 (.const:ti_sysbios_family_arm_m3_Hwi_Module__diagsIncluded__C)
                  20015178    00000004     release_pem4.oem4 (.const:ti_sysbios_family_arm_m3_Hwi_Module__diagsMask__C)
                  2001517c    00000004     release_pem4.oem4 (.const:ti_sysbios_family_arm_m3_Hwi_Module__loggerFxn1__C)
                  20015180    00000004     release_pem4.oem4 (.const:ti_sysbios_family_arm_m3_Hwi_Module__loggerFxn8__C)
                  20015184    00000004     release_pem4.oem4 (.const:ti_sysbios_family_arm_m3_Hwi_Module__loggerObj__C)
                  20015188    00000004     release_pem4.oem4 (.const:ti_sysbios_family_arm_m3_Hwi_NUM_INTERRUPTS__C)
                  2001518c    00000004     release_pem4.oem4 (.const:ti_sysbios_family_arm_m3_Hwi_Object__count__C)
                  20015190    00000004     release_pem4.oem4 (.const:ti_sysbios_family_arm_m3_Hwi_Object__heap__C)
                  20015194    00000004     release_pem4.oem4 (.const:ti_sysbios_family_arm_m3_Hwi_ccr__C)
                  20015198    00000004     release_pem4.oem4 (.const:ti_sysbios_family_arm_m3_Hwi_excHandlerFunc__C)
                  2001519c    00000004     release_pem4.oem4 (.const:ti_sysbios_family_arm_m3_Hwi_excHookFuncs__C)
                  200151a0    00000004     release_pem4.oem4 (.const:ti_sysbios_family_arm_m3_Hwi_nullIsrFunc__C)
                  200151a4    00000004     release_pem4.oem4 (.const:ti_sysbios_family_arm_m3_Hwi_priGroup__C)
                  200151a8    00000004     release_pem4.oem4 (.const:ti_sysbios_family_arm_m3_Hwi_swiDisable__C)
                  200151ac    00000004     release_pem4.oem4 (.const:ti_sysbios_family_arm_m3_Hwi_swiRestoreHwi__C)
                  200151b0    00000004     release_pem4.oem4 (.const:ti_sysbios_family_arm_m3_Timer_E_cannotSupport__C)
                  200151b4    00000004     release_pem4.oem4 (.const:ti_sysbios_family_arm_m3_Timer_startupNeeded__C)
                  200151b8    00000004     release_pem4.oem4 (.const:ti_sysbios_gates_GateMutex_Instance_State_sem__O)
                  200151bc    00000004     release_pem4.oem4 (.const:ti_sysbios_heaps_HeapMem_E_memory__C)
                  200151c0    00000004     release_pem4.oem4 (.const:ti_sysbios_heaps_HeapMem_Module__gateObj__C)
                  200151c4    00000004     release_pem4.oem4 (.const:ti_sysbios_heaps_HeapMem_Object__count__C)
                  200151c8    00000004     release_pem4.oem4 (.const:ti_sysbios_heaps_HeapMem_primaryHeapBaseAddr__C)
                  200151cc    00000004     release_pem4.oem4 (.const:ti_sysbios_heaps_HeapMem_primaryHeapEndAddr__C)
                  200151d0    00000004     release_pem4.oem4 (.const:ti_sysbios_heaps_HeapMem_reqAlign__C)
                  200151d4    00000004     release_pem4.oem4 (.const:ti_sysbios_knl_Clock_LM_begin__C)
                  200151d8    00000004     release_pem4.oem4 (.const:ti_sysbios_knl_Clock_LM_tick__C)
                  200151dc    00000004     release_pem4.oem4 (.const:ti_sysbios_knl_Clock_LW_delayed__C)
                  200151e0    00000004     release_pem4.oem4 (.const:ti_sysbios_knl_Clock_Module_State_clockQ__O)
                  200151e4    00000004     release_pem4.oem4 (.const:ti_sysbios_knl_Clock_Module__diagsEnabled__C)
                  200151e8    00000004     release_pem4.oem4 (.const:ti_sysbios_knl_Clock_Module__diagsIncluded__C)
                  200151ec    00000004     release_pem4.oem4 (.const:ti_sysbios_knl_Clock_Module__diagsMask__C)
                  200151f0    00000004     release_pem4.oem4 (.const:ti_sysbios_knl_Clock_Module__loggerFxn1__C)
                  200151f4    00000004     release_pem4.oem4 (.const:ti_sysbios_knl_Clock_Module__loggerFxn2__C)
                  200151f8    00000004     release_pem4.oem4 (.const:ti_sysbios_knl_Clock_Module__loggerObj__C)
                  200151fc    00000004     release_pem4.oem4 (.const:ti_sysbios_knl_Clock_tickPeriod__C)
                  20015200    00000004     release_pem4.oem4 (.const:ti_sysbios_knl_Mailbox_Instance_State_freeQue__O)
                  20015204    00000004     release_pem4.oem4 (.const:ti_sysbios_knl_Mailbox_Object__count__C)
                  20015208    00000004     release_pem4.oem4 (.const:ti_sysbios_knl_Mailbox_maxTypeAlign__C)
                  2001520c    00000004     release_pem4.oem4 (.const:ti_sysbios_knl_Semaphore_Instance_State_pendQ__O)
                  20015210    00000004     release_pem4.oem4 (.const:ti_sysbios_knl_Semaphore_LM_pend__C)
                  20015214    00000004     release_pem4.oem4 (.const:ti_sysbios_knl_Semaphore_LM_post__C)
                  20015218    00000004     release_pem4.oem4 (.const:ti_sysbios_knl_Semaphore_Module__diagsEnabled__C)
                  2001521c    00000004     release_pem4.oem4 (.const:ti_sysbios_knl_Semaphore_Module__diagsIncluded__C)
                  20015220    00000004     release_pem4.oem4 (.const:ti_sysbios_knl_Semaphore_Module__diagsMask__C)
                  20015224    00000004     release_pem4.oem4 (.const:ti_sysbios_knl_Semaphore_Module__loggerFxn2__C)
                  20015228    00000004     release_pem4.oem4 (.const:ti_sysbios_knl_Semaphore_Module__loggerFxn4__C)
                  2001522c    00000004     release_pem4.oem4 (.const:ti_sysbios_knl_Semaphore_Module__loggerObj__C)
                  20015230    00000004     release_pem4.oem4 (.const:ti_sysbios_knl_Swi_LD_end__C)
                  20015234    00000004     release_pem4.oem4 (.const:ti_sysbios_knl_Swi_LM_begin__C)
                  20015238    00000004     release_pem4.oem4 (.const:ti_sysbios_knl_Swi_LM_post__C)
                  2001523c    00000004     release_pem4.oem4 (.const:ti_sysbios_knl_Swi_Module__diagsEnabled__C)
                  20015240    00000004     release_pem4.oem4 (.const:ti_sysbios_knl_Swi_Module__diagsIncluded__C)
                  20015244    00000004     release_pem4.oem4 (.const:ti_sysbios_knl_Swi_Module__diagsMask__C)
                  20015248    00000004     release_pem4.oem4 (.const:ti_sysbios_knl_Swi_Module__loggerFxn1__C)
                  2001524c    00000004     release_pem4.oem4 (.const:ti_sysbios_knl_Swi_Module__loggerFxn4__C)
                  20015250    00000004     release_pem4.oem4 (.const:ti_sysbios_knl_Swi_Module__loggerObj__C)
                  20015254    00000004     release_pem4.oem4 (.const:ti_sysbios_knl_Swi_Object__count__C)
                  20015258    00000004     release_pem4.oem4 (.const:ti_sysbios_knl_Swi_numConstructedSwis__C)
                  2001525c    00000004     release_pem4.oem4 (.const:ti_sysbios_knl_Task_E_deleteNotAllowed__C)
                  20015260    00000004     release_pem4.oem4 (.const:ti_sysbios_knl_Task_LD_block__C)
                  20015264    00000004     release_pem4.oem4 (.const:ti_sysbios_knl_Task_LD_exit__C)
                  20015268    00000004     release_pem4.oem4 (.const:ti_sysbios_knl_Task_LD_ready__C)
                  2001526c    00000004     release_pem4.oem4 (.const:ti_sysbios_knl_Task_LM_switch__C)
                  20015270    00000004     release_pem4.oem4 (.const:ti_sysbios_knl_Task_Module_State_inactiveQ__O)
                  20015274    00000004     release_pem4.oem4 (.const:ti_sysbios_knl_Task_Module_State_terminatedQ__O)
                  20015278    00000004     release_pem4.oem4 (.const:ti_sysbios_knl_Task_Module__diagsEnabled__C)
                  2001527c    00000004     release_pem4.oem4 (.const:ti_sysbios_knl_Task_Module__diagsIncluded__C)
                  20015280    00000004     release_pem4.oem4 (.const:ti_sysbios_knl_Task_Module__diagsMask__C)
                  20015284    00000004     release_pem4.oem4 (.const:ti_sysbios_knl_Task_Module__loggerFxn2__C)
                  20015288    00000004     release_pem4.oem4 (.const:ti_sysbios_knl_Task_Module__loggerFxn4__C)
                  2001528c    00000004     release_pem4.oem4 (.const:ti_sysbios_knl_Task_Module__loggerObj__C)
                  20015290    00000004     release_pem4.oem4 (.const:ti_sysbios_knl_Task_Object__count__C)
                  20015294    00000004     release_pem4.oem4 (.const:ti_sysbios_knl_Task_Object__heap__C)
                  20015298    00000004     release_pem4.oem4 (.const:ti_sysbios_knl_Task_allBlockedFunc__C)
                  2001529c    00000004     release_pem4.oem4 (.const:ti_sysbios_knl_Task_numConstructedTasks__C)
                  200152a0    00000004     release_pem4.oem4 (.const:ti_sysbios_utils_Load_LS_cpuLoad__C)
                  200152a4    00000004     release_pem4.oem4 (.const:ti_sysbios_utils_Load_LS_hwiLoad__C)
                  200152a8    00000004     release_pem4.oem4 (.const:ti_sysbios_utils_Load_LS_swiLoad__C)
                  200152ac    00000004     release_pem4.oem4 (.const:ti_sysbios_utils_Load_LS_taskLoad__C)
                  200152b0    00000004     release_pem4.oem4 (.const:ti_sysbios_utils_Load_Module_State_taskList__O)
                  200152b4    00000004     release_pem4.oem4 (.const:ti_sysbios_utils_Load_Module__diagsEnabled__C)
                  200152b8    00000004     release_pem4.oem4 (.const:ti_sysbios_utils_Load_Module__diagsIncluded__C)
                  200152bc    00000004     release_pem4.oem4 (.const:ti_sysbios_utils_Load_Module__diagsMask__C)
                  200152c0    00000004     release_pem4.oem4 (.const:ti_sysbios_utils_Load_Module__loggerFxn1__C)
                  200152c4    00000004     release_pem4.oem4 (.const:ti_sysbios_utils_Load_Module__loggerFxn2__C)
                  200152c8    00000004     release_pem4.oem4 (.const:ti_sysbios_utils_Load_Module__loggerFxn4__C)
                  200152cc    00000004     release_pem4.oem4 (.const:ti_sysbios_utils_Load_Module__loggerObj__C)
                  200152d0    00000004     release_pem4.oem4 (.const:ti_sysbios_utils_Load_postUpdate__C)
                  200152d4    00000004     release_pem4.oem4 (.const:ti_sysbios_utils_Load_windowInMs__C)
                  200152d8    00000004     release_pem4.oem4 (.const:ti_uia_loggers_LoggerStopMode_Module__diagsEnabled__C)
                  200152dc    00000004     release_pem4.oem4 (.const:ti_uia_loggers_LoggerStopMode_Module__diagsIncluded__C)
                  200152e0    00000004     release_pem4.oem4 (.const:ti_uia_loggers_LoggerStopMode_Module__diagsMask__C)
                  200152e4    00000004     release_pem4.oem4 (.const:ti_uia_loggers_LoggerStopMode_Object__count__C)
                  200152e8    00000004     release_pem4.oem4 (.const:ti_uia_runtime_ILoggerSnapshot_Interface__BASE__C)
                  200152ec    00000004     release_pem4.oem4 (.const:ti_uia_runtime_IUIATransfer_Interface__BASE__C)
                  200152f0    00000004     release_pem4.oem4 (.const:xdc_runtime_Assert_E_assertFailed__C)
                  200152f4    00000004     release_pem4.oem4 (.const:xdc_runtime_Error_E_memory__C)
                  200152f8    00000004     release_pem4.oem4 (.const:xdc_runtime_Error_policyFxn__C)
                  200152fc    00000004     release_pem4.oem4 (.const:xdc_runtime_IFilterLogger_Interface__BASE__C)
                  20015300    00000004     release_pem4.oem4 (.const:xdc_runtime_IGateProvider_Interface__BASE__C)
                  20015304    00000004     release_pem4.oem4 (.const:xdc_runtime_IHeap_Interface__BASE__C)
                  20015308    00000004     release_pem4.oem4 (.const:xdc_runtime_ILogger_Interface__BASE__C)
                  2001530c    00000004     release_pem4.oem4 (.const:xdc_runtime_IModule_Interface__BASE__C)
                  20015310    00000004     release_pem4.oem4 (.const:xdc_runtime_Memory_defaultHeapInstance__C)
                  20015314    00000004     release_pem4.oem4 (.const:xdc_runtime_Startup_execImpl__C)
                  20015318    00000004     release_pem4.oem4 (.const:xdc_runtime_Startup_maxPasses__C)
                  2001531c    00000004     release_pem4.oem4 (.const:xdc_runtime_Startup_sfxnRts__C)
                  20015320    00000004     release_pem4.oem4 (.const:xdc_runtime_Startup_sfxnTab__C)
                  20015324    00000004     release_pem4.oem4 (.const:xdc_runtime_SysCallback_abortFxn__C)
                  20015328    00000004     release_pem4.oem4 (.const:xdc_runtime_SysCallback_exitFxn__C)
                  2001532c    00000004     release_pem4.oem4 (.const:xdc_runtime_SysCallback_putchFxn__C)
                  20015330    00000004     release_pem4.oem4 (.const:xdc_runtime_SysCallback_readyFxn__C)
                  20015334    00000004     release_pem4.oem4 (.const:xdc_runtime_System_Module__gateObj__C)
                  20015338    00000004     release_pem4.oem4 (.const:xdc_runtime_System_abortFxn__C)
                  2001533c    00000004     release_pem4.oem4 (.const:xdc_runtime_System_exitFxn__C)
                  20015340    00000004     release_pem4.oem4 (.const:xdc_runtime_System_extendFxn__C)
                  20015344    00000004     release_pem4.oem4 (.const:xdc_runtime_System_maxAtexitHandlers__C)
                  20015348    00000004     release_pem4.oem4 (.const:xdc_runtime_Text_charTab__C)
                  2001534c    00000004     release_pem4.oem4 (.const:xdc_runtime_Text_nameEmpty__C)
                  20015350    00000004     release_pem4.oem4 (.const:xdc_runtime_Text_nameStatic__C)
                  20015354    00000004     release_pem4.oem4 (.const:xdc_runtime_Text_nameUnknown__C)
                  20015358    00000002     release_pem4.oem4 (.const:ti_sysbios_family_arm_m3_Timer_Module__id__C)
                  2001535a    00000002     release_pem4.oem4 (.const:ti_sysbios_family_arm_m3_TimestampProvider_configTimer__C)
                  2001535c    00000002     release_pem4.oem4 (.const:ti_sysbios_heaps_HeapMem_Module__id__C)
                  2001535e    00000002     release_pem4.oem4 (.const:ti_sysbios_knl_Clock_Module__id__C)
                  20015360    00000002     release_pem4.oem4 (.const:ti_sysbios_knl_Clock_Module__loggerDefined__C)
                  20015362    00000002     release_pem4.oem4 (.const:ti_sysbios_knl_Semaphore_Module__id__C)
                  20015364    00000002     release_pem4.oem4 (.const:ti_sysbios_knl_Semaphore_Module__loggerDefined__C)
                  20015366    00000002     release_pem4.oem4 (.const:ti_sysbios_knl_Swi_Module__id__C)
                  20015368    00000002     release_pem4.oem4 (.const:ti_sysbios_knl_Swi_Module__loggerDefined__C)
                  2001536a    00000002     release_pem4.oem4 (.const:ti_sysbios_knl_Task_Module__id__C)
                  2001536c    00000002     release_pem4.oem4 (.const:ti_sysbios_knl_Task_Module__loggerDefined__C)
                  2001536e    00000002     release_pem4.oem4 (.const:ti_sysbios_utils_Load_Module__id__C)
                  20015370    00000002     release_pem4.oem4 (.const:ti_sysbios_utils_Load_Module__loggerDefined__C)
                  20015372    00000002     release_pem4.oem4 (.const:ti_sysbios_utils_Load_autoAddTasks__C)
                  20015374    00000002     release_pem4.oem4 (.const:ti_sysbios_utils_Load_updateInIdle__C)
                  20015376    00000002     release_pem4.oem4 (.const:ti_uia_loggers_LoggerStopMode_Module__id__C)
                  20015378    00000002     release_pem4.oem4 (.const:ti_uia_loggers_LoggerStopMode_isTimestampEnabled__C)
                  2001537a    00000002     release_pem4.oem4 (.const:xdc_runtime_Memory_Module__id__C)
                  2001537c    00000002     release_pem4.oem4 (.const:xdc_runtime_Text_charCnt__C)
                  2001537e    00000002     release_pem4.oem4 (.const:xdc_runtime_Text_isLoaded__C)
                  20015380    00000001     release_pem4.oem4 (.const:ti_sysbios_knl_Clock_tickSource__C)
                  20015381    00000001     release_pem4.oem4 (.const:xdc_runtime_Error_policy__C)
                  20015382    00000001     release_pem4.oem4 (.const:xdc_runtime_Text_charTab__A)

.data      0    20015384    0000082c     UNINITIALIZED
                  20015384    0000016c     drivers_cc32xx.aem4 : PowerCC32XX.oem4 (.data:PowerCC32XX_module)
                  200154f0    000000f8     CC3220S_LAUNCHXL.obj (.data:parkInfo)
                  200155e8    0000009c     release_pem4.oem4 (.data:ti_uia_loggers_LoggerStopMode_Object__table__V)
                  20015684    00000098     release_pem4.oem4 (.data:ti_sysbios_utils_Load_Module__state__V)
                  2001571c    00000080     release_pem4.oem4 (.data:ti_sysbios_knl_Swi_Module_State_0_readyQ__A)
                  2001579c    00000080     release_pem4.oem4 (.data:ti_sysbios_knl_Task_Module_State_0_readyQ__A)
                  2001581c    00000050     release_pem4.oem4 (.data:ti_sysbios_knl_Task_Object__table__V)
                  2001586c    00000044     release_pem4.oem4 (.data:ti_sysbios_knl_Task_Module__state__V)
                  200158b0    00000040     release_pem4.oem4 (.data:ti_sysbios_family_arm_lm4_Timer_Object__table__V)
                  200158f0    00000038     release_pem4.oem4 (.data:ti_sysbios_gates_GateMutex_Object__table__V)
                  20015928    00000034     release_pem4.oem4 (.data:ti_sysbios_family_arm_m3_Hwi_Module__state__V)
                  2001595c    00000030     release_pem4.oem4 (.data:ti_sysbios_family_arm_m3_Hwi_Object__table__V)
                  2001598c    00000030     release_pem4.oem4 (.data:ti_sysbios_family_arm_m3_Timer_Object__table__V)
                  200159bc    00000030     release_pem4.oem4 (.data:ti_sysbios_knl_Swi_Object__table__V)
                  200159ec    0000002c     release_pem4.oem4 (.data:ti_sysbios_knl_Clock_Module__state__V)
                  20015a18    00000024     release_pem4.oem4 (.data:ti_sysbios_BIOS_Module__state__V)
                  20015a3c    00000020     release_pem4.oem4 (.data:ti_sysbios_family_arm_lm4_Timer_Module_State_0_device__A)
                  20015a5c    00000020     release_pem4.oem4 (.data:xdc_runtime_Error_IgnoreBlock)
                  20015a7c    0000001c     release_pem4.oem4 (.data:ti_sysbios_knl_Swi_Module__state__V)
                  20015a98    0000001c     release_pem4.oem4 (.data:ti_sysbios_utils_Load_Module_State_0_taskEnv__A)
                  20015ab4    00000018     release_pem4.oem4 (.data:ti_sysbios_heaps_HeapMem_Object__table__V)
                  20015acc    00000010     release_pem4.oem4 (.data:ti_sysbios_family_arm_lm4_Timer_Module_State_0_handles__A)
                  20015adc    0000000c     CC3220S_LAUNCHXL.obj (.data:gpioPinConfigs)
                  20015ae8    0000000c     release_pem4.oem4 (.data:ti_sysbios_family_arm_lm4_Timer_Module__state__V)
                  20015af4    0000000c     release_pem4.oem4 (.data:ti_sysbios_family_arm_m3_Timer_Module__state__V)
                  20015b00    0000000c     release_pem4.oem4 (.data:ti_sysbios_knl_Task_Module__root__V)
                  20015b0c    0000000c     release_pem4.oem4 (.data:ti_uia_runtime_QueueDescriptor_Module__state__V)
                  20015b18    00000009     drivers_cc32xx.aem4 : GPIOCC32XX.oem4 (.data)
                  20015b21    00000001     dpl_cc32xx.aem4 : PowerCC32XX_tirtos.oem4 (.data)
                  20015b22    00000002     release_pem4.oem4 (.data:ti_sysbios_family_arm_m3_Hwi_Module_State_0_excActive__A)
                  20015b24    00000008     rtsv7M4_T_le_eabi.lib : _lock.obj (.data:$O1$$)
                  20015b2c    00000008     CC3220S_LAUNCHXL.obj (.data:gpioCallbackFunctions)
                  20015b34    00000008     ti.uia.runtime.aem4 : QueueDescriptor.oem4 (.data)
                  20015b3c    00000008     release_pem4.oem4 (.data:ti_sysbios_family_arm_m3_Hwi_Module__root__V)
                  20015b44    00000008     release_pem4.oem4 (.data:ti_sysbios_gates_GateHwi_Module__root__V)
                  20015b4c    00000008     release_pem4.oem4 (.data:ti_sysbios_gates_GateMutex_Module__root__V)
                  20015b54    00000008     release_pem4.oem4 (.data:ti_sysbios_heaps_HeapMem_Module__root__V)
                  20015b5c    00000008     release_pem4.oem4 (.data:ti_sysbios_knl_Queue_Module__root__V)
                  20015b64    00000008     release_pem4.oem4 (.data:ti_sysbios_knl_Semaphore_Module__root__V)
                  20015b6c    00000008     release_pem4.oem4 (.data:ti_uia_loggers_LoggerStopMode_Module__root__V)
                  20015b74    00000008     release_pem4.oem4 (.data:xdc_runtime_Startup_Module__state__V)
                  20015b7c    00000008     release_pem4.oem4 (.data:xdc_runtime_System_Module_State_0_atexitHandlers__A)
                  20015b84    00000008     release_pem4.oem4 (.data:xdc_runtime_System_Module__state__V)
                  20015b8c    00000004     rtsv7M4_T_le_eabi.lib : stkdepth_vars.obj (.data)
                  20015b90    00000004     release_pem4.oem4 (.data:ti_sysbios_family_arm_m3_Hwi_Module_State_0_excContext__A)
                  20015b94    00000004     release_pem4.oem4 (.data:ti_sysbios_family_arm_m3_Hwi_Module_State_0_excStack__A)
                  20015b98    00000004     release_pem4.oem4 (.data:ti_sysbios_family_arm_m3_TimestampProvider_Module__state__V)
                  20015b9c    00000004     release_pem4.oem4 (.data:ti_sysbios_gates_GateHwi_Object__table__V)
                  20015ba0    00000004     release_pem4.oem4 (.data:ti_sysbios_knl_Task_Module_State_0_idleTask__A)
                  20015ba4    00000004     release_pem4.oem4 (.data:ti_sysbios_utils_Load_Module_State_0_runningTask__A)
                  20015ba8    00000004     release_pem4.oem4 (.data:ti_sysbios_utils_Load_Module_State_0_taskStartTime__A)
                  20015bac    00000004     release_pem4.oem4 (.data:xdc_runtime_Memory_Module__state__V)

.cinit     0    20015bb0    00000300     
                  20015bb0    000002d7     (.cinit..data.load) [load image, compression = lzss]
                  20015e87    00000001     --HOLE-- [fill = 0]
                  20015e88    0000000c     (__TI_handler_table)
                  20015e94    00000004     --HOLE-- [fill = 0]
                  20015e98    00000008     (.cinit..bss.load) [load image, compression = zero_init]
                  20015ea0    00000010     (__TI_cinit_table)

.init_array 
*          0    20004000    00000000     UNINITIALIZED

.bootVecs 
*          0    00000000    00000008     DSECT
                  00000000    00000008     boot.aem4 : boot.oem4 (.bootVecs)

xdc.meta   0    00000000    0000012b     COPY SECTION
                  00000000    0000012b     release_pem4.oem4 (xdc.meta)

xdc.noload 
*          0    00000000    00000000     COPY SECTION

MODULE SUMMARY

       Module                     code    ro data   rw data
       ------                     ----    -------   -------
    .\
       CC3220S_LAUNCHXL.obj       12      84        268    
    +--+--------------------------+-------+---------+---------+
       Total:                     12      84        268    
                                                           
    .\application\
       mian.obj                   18      0         0      
       leds_controll.obj          10      0         0      
    +--+--------------------------+-------+---------+---------+
       Total:                     28      0         0      
                                                           
    C:\A-Z\programming\my_projects\Kinerert\RTOS\CCS_cc3220_workspace_labs2\Lab_1_blink_TIMER_CC3220S_tirtos_ccs\Debug\configPkg\package\cfg\
       release_pem4.oem4          3488    1708      6222   
    +--+--------------------------+-------+---------+---------+
       Total:                     3488    1708      6222   
                                                           
    C:/ti/simplelink_cc32xx_sdk_1_40_01_00/kernel/tirtos/packages/ti/dpl/lib/dpl_cc32xx.aem4
       PowerCC32XX_tirtos.oem4    536     0         13     
       HwiP_tirtos.oem4           84      0         0      
       SemaphoreP_tirtos.oem4     78      0         0      
    +--+--------------------------+-------+---------+---------+
       Total:                     698     0         13     
                                                           
    C:/ti/simplelink_cc32xx_sdk_1_40_01_00/source/ti/devices/cc32xx/driverlib/ccs/Release/driverlib.a
       prcm.obj                   1604    168       0      
       pin.obj                    144     256       0      
       flash.obj                  72      0         0      
       utils.obj                  6       0         0      
    +--+--------------------------+-------+---------+---------+
       Total:                     1826    424       0      
                                                           
    C:/ti/simplelink_cc32xx_sdk_1_40_01_00/source/ti/drivers/lib/drivers_cc32xx.aem4
       PowerCC32XX.oem4           1992    0         664    
       GPIOCC32XX.oem4            1192    103       65     
       PowerCC32XX_asm.oem4       150     0         0      
       List.oem4                  56      0         0      
    +--+--------------------------+-------+---------+---------+
       Total:                     3390    103       729    
                                                           
    C:\A-Z\programming\my_projects\Kinerert\RTOS\CCS_cc3220_workspace_labs2\Lab_1_blink_TIMER_CC3220S_tirtos_ccs\src\sysbios\sysbios.aem4
       BIOS.obj                   17244   0         0      
       m3_Hwi_asm.obj             262     0         0      
       m3_TaskSupport_asm.obj     108     0         0      
       m3_Hwi_asm_switch.obj      102     0         0      
    +--+--------------------------+-------+---------+---------+
       Total:                     17716   0         0      
                                                           
    C:\ti\ccsv7\tools\compiler\ti-cgt-arm_16.9.3.LTS\lib\rtsv7M4_T_le_eabi.lib
[...]
20014d40  ti_sysbios_knl_Task_Object__PARAMS__C                           
20014d7c  ti_sysbios_family_arm_m3_Hwi_Object__PARAMS__C                  
20014dac  xdc_runtime_Startup_sfxnTab__A                                  
20014ddc  ti_sysbios_heaps_HeapMem_Module__FXNS__C                        
20014e04  ti_uia_loggers_LoggerStopMode_Object__PARAMS__C                 
20014e2c  ti_sysbios_gates_GateHwi_Module__FXNS__C                        
20014e50  ti_sysbios_gates_GateMutex_Module__FXNS__C                      
20014e74  ti_sysbios_heaps_HeapMem_Object__PARAMS__C                      
20014e98  ti_sysbios_knl_Semaphore_Object__PARAMS__C                      
20014edd  ti_sysbios_knl_Clock_tickMode__C                                
20014ede  ti_sysbios_family_arm_m3_Hwi_Module__id__C                      
20014ee0  ti_sysbios_family_arm_m3_Hwi_Object__DESC__C                    
20014f00  ti_sysbios_gates_GateHwi_Object__DESC__C                        
20014f20  ti_sysbios_gates_GateMutex_Object__DESC__C                      
20014f40  ti_sysbios_heaps_HeapMem_Object__DESC__C                        
20014f60  ti_sysbios_knl_Queue_Object__DESC__C                            
20014f80  ti_sysbios_knl_Semaphore_Object__DESC__C                        
20014fa0  ti_sysbios_knl_Task_Object__DESC__C                             
20014fc0  ti_uia_loggers_LoggerStopMode_Object__DESC__C                   
20014fe0  ti_sysbios_gates_GateHwi_Object__PARAMS__C                      
20014ff8  ti_sysbios_gates_GateMutex_Object__PARAMS__C                    
20015010  ti_sysbios_knl_Queue_Object__PARAMS__C                          
20015028  ti_sysbios_knl_Swi_hooks__A                                     
20015040  ti_sysbios_knl_Task_hooks__A                                    
20015058  xdc_runtime_Startup_sfxnRts__A                                  
20015070  GPIOCC32XX_config                                               
200150ac  ti_sysbios_family_arm_m3_Hwi_hooks__A                           
200150c0  xdc_runtime_Startup_firstFxns__A                                
200150d0  ti_sysbios_knl_Idle_funcList__A                                 
200150dc  outPinTypes                                                     
200150e4  ti_sysbios_family_arm_m3_Hwi_excHookFuncs__A                    
200150ec  ti_sysbios_family_arm_m3_Hwi_hooks__C                           
200150f4  ti_sysbios_knl_Idle_funcList__C                                 
200150fc  ti_sysbios_knl_Swi_hooks__C                                     
20015104  ti_sysbios_knl_Task_hooks__C                                    
2001510c  xdc_runtime_Startup_firstFxns__C                                
20015114  xdc_runtime_Startup_lastFxns__C                                 
20015122  inPinTypes                                                      
20015128  outPinStrengths                                                 
20015132  ti_sysbios_family_arm_m3_Hwi_Module__loggerDefined__C           
20015134  ti_sysbios_family_arm_lm4_Timer_enableFunc__C                   
20015138  ti_sysbios_family_arm_lm4_Timer_numTimerDevices__C              
2001513c  ti_sysbios_family_arm_lm4_Timer_startupNeeded__C                
20015140  ti_sysbios_family_arm_m3_Hwi_E_NMI__C                           
20015144  ti_sysbios_family_arm_m3_Hwi_E_alreadyDefined__C                
20015148  ti_sysbios_family_arm_m3_Hwi_E_busFault__C                      
2001514c  ti_sysbios_family_arm_m3_Hwi_E_debugMon__C                      
20015150  ti_sysbios_family_arm_m3_Hwi_E_hardFault__C                     
20015154  ti_sysbios_family_arm_m3_Hwi_E_memFault__C                      
20015158  ti_sysbios_family_arm_m3_Hwi_E_noIsr__C                         
2001515c  ti_sysbios_family_arm_m3_Hwi_E_reserved__C                      
20015160  ti_sysbios_family_arm_m3_Hwi_E_svCall__C                        
20015164  ti_sysbios_family_arm_m3_Hwi_E_usageFault__C                    
20015168  ti_sysbios_family_arm_m3_Hwi_LD_end__C                          
2001516c  ti_sysbios_family_arm_m3_Hwi_LM_begin__C                        
20015170  ti_sysbios_family_arm_m3_Hwi_Module__diagsEnabled__C            
20015174  ti_sysbios_family_arm_m3_Hwi_Module__diagsIncluded__C           
20015178  ti_sysbios_family_arm_m3_Hwi_Module__diagsMask__C               
2001517c  ti_sysbios_family_arm_m3_Hwi_Module__loggerFxn1__C              
20015180  ti_sysbios_family_arm_m3_Hwi_Module__loggerFxn8__C              
20015184  ti_sysbios_family_arm_m3_Hwi_Module__loggerObj__C               
20015188  ti_sysbios_family_arm_m3_Hwi_NUM_INTERRUPTS__C                  
2001518c  ti_sysbios_family_arm_m3_Hwi_Object__count__C                   
20015190  ti_sysbios_family_arm_m3_Hwi_Object__heap__C                    
20015194  ti_sysbios_family_arm_m3_Hwi_ccr__C                             
20015198  ti_sysbios_family_arm_m3_Hwi_excHandlerFunc__C                  
2001519c  ti_sysbios_family_arm_m3_Hwi_excHookFuncs__C                    
200151a0  ti_sysbios_family_arm_m3_Hwi_nullIsrFunc__C                     
200151a4  ti_sysbios_family_arm_m3_Hwi_priGroup__C                        
200151a8  ti_sysbios_family_arm_m3_Hwi_swiDisable__C                      
200151ac  ti_sysbios_family_arm_m3_Hwi_swiRestoreHwi__C                   
200151b0  ti_sysbios_family_arm_m3_Timer_E_cannotSupport__C               
200151b4  ti_sysbios_family_arm_m3_Timer_startupNeeded__C                 
200151b8  ti_sysbios_gates_GateMutex_Instance_State_sem__O                
200151bc  ti_sysbios_heaps_HeapMem_E_memory__C                            
200151c0  ti_sysbios_heaps_HeapMem_Module__gateObj__C                     
200151c4  ti_sysbios_heaps_HeapMem_Object__count__C                       
200151c8  ti_sysbios_heaps_HeapMem_primaryHeapBaseAddr__C                 
200151cc  ti_sysbios_heaps_HeapMem_primaryHeapEndAddr__C                  
200151d0  ti_sysbios_heaps_HeapMem_reqAlign__C                            
200151d4  ti_sysbios_knl_Clock_LM_begin__C                                
200151d8  ti_sysbios_knl_Clock_LM_tick__C                                 
200151dc  ti_sysbios_knl_Clock_LW_delayed__C                              
200151e0  ti_sysbios_knl_Clock_Module_State_clockQ__O                     
200151e4  ti_sysbios_knl_Clock_Module__diagsEnabled__C                    
200151e8  ti_sysbios_knl_Clock_Module__diagsIncluded__C                   
200151ec  ti_sysbios_knl_Clock_Module__diagsMask__C                       
200151f0  ti_sysbios_knl_Clock_Module__loggerFxn1__C                      
200151f4  ti_sysbios_knl_Clock_Module__loggerFxn2__C                      
200151f8  ti_sysbios_knl_Clock_Module__loggerObj__C                       
200151fc  ti_sysbios_knl_Clock_tickPeriod__C                              
20015200  ti_sysbios_knl_Mailbox_Instance_State_freeQue__O                
20015204  ti_sysbios_knl_Mailbox_Object__count__C                         
20015208  ti_sysbios_knl_Mailbox_maxTypeAlign__C                          
2001520c  ti_sysbios_knl_Semaphore_Instance_State_pendQ__O                
20015210  ti_sysbios_knl_Semaphore_LM_pend__C                             
20015214  ti_sysbios_knl_Semaphore_LM_post__C                             
20015218  ti_sysbios_knl_Semaphore_Module__diagsEnabled__C                
2001521c  ti_sysbios_knl_Semaphore_Module__diagsIncluded__C               
20015220  ti_sysbios_knl_Semaphore_Module__diagsMask__C                   
20015224  ti_sysbios_knl_Semaphore_Module__loggerFxn2__C                  
20015228  ti_sysbios_knl_Semaphore_Module__loggerFxn4__C                  
2001522c  ti_sysbios_knl_Semaphore_Module__loggerObj__C                   
20015230  ti_sysbios_knl_Swi_LD_end__C                                    
20015234  ti_sysbios_knl_Swi_LM_begin__C                                  
20015238  ti_sysbios_knl_Swi_LM_post__C                                   
2001523c  ti_sysbios_knl_Swi_Module__diagsEnabled__C                      
20015240  ti_sysbios_knl_Swi_Module__diagsIncluded__C                     
20015244  ti_sysbios_knl_Swi_Module__diagsMask__C                         
20015248  ti_sysbios_knl_Swi_Module__loggerFxn1__C                        
2001524c  ti_sysbios_knl_Swi_Module__loggerFxn4__C                        
20015250  ti_sysbios_knl_Swi_Module__loggerObj__C                         
20015254  ti_sysbios_knl_Swi_Object__count__C                             
20015258  ti_sysbios_knl_Swi_numConstructedSwis__C                        
2001525c  ti_sysbios_knl_Task_E_deleteNotAllowed__C                       
20015260  ti_sysbios_knl_Task_LD_block__C                                 
20015264  ti_sysbios_knl_Task_LD_exit__C                                  
20015268  ti_sysbios_knl_Task_LD_ready__C                                 
2001526c  ti_sysbios_knl_Task_LM_switch__C                                
20015270  ti_sysbios_knl_Task_Module_State_inactiveQ__O                   
20015274  ti_sysbios_knl_Task_Module_State_terminatedQ__O                 
20015278  ti_sysbios_knl_Task_Module__diagsEnabled__C                     
2001527c  ti_sysbios_knl_Task_Module__diagsIncluded__C                    
20015280  ti_sysbios_knl_Task_Module__diagsMask__C                        
20015284  ti_sysbios_knl_Task_Module__loggerFxn2__C                       
20015288  ti_sysbios_knl_Task_Module__loggerFxn4__C                       
2001528c  ti_sysbios_knl_Task_Module__loggerObj__C                        
20015290  ti_sysbios_knl_Task_Object__count__C                            
20015294  ti_sysbios_knl_Task_Object__heap__C                             
20015298  ti_sysbios_knl_Task_allBlockedFunc__C                           
2001529c  ti_sysbios_knl_Task_numConstructedTasks__C                      
200152a0  ti_sysbios_utils_Load_LS_cpuLoad__C                             
200152a4  ti_sysbios_utils_Load_LS_hwiLoad__C                             
200152a8  ti_sysbios_utils_Load_LS_swiLoad__C                             
200152ac  ti_sysbios_utils_Load_LS_taskLoad__C                            
200152b0  ti_sysbios_utils_Load_Module_State_taskList__O                  
200152b4  ti_sysbios_utils_Load_Module__diagsEnabled__C                   
200152b8  ti_sysbios_utils_Load_Module__diagsIncluded__C                  
200152bc  ti_sysbios_utils_Load_Module__diagsMask__C                      
200152c0  ti_sysbios_utils_Load_Module__loggerFxn1__C                     
200152c4  ti_sysbios_utils_Load_Module__loggerFxn2__C                     
200152c8  ti_sysbios_utils_Load_Module__loggerFxn4__C                     
200152cc  ti_sysbios_utils_Load_Module__loggerObj__C                      
200152d0  ti_sysbios_utils_Load_postUpdate__C                             
200152d4  ti_sysbios_utils_Load_windowInMs__C                             
200152d8  ti_uia_loggers_LoggerStopMode_Module__diagsEnabled__C           
200152dc  ti_uia_loggers_LoggerStopMode_Module__diagsIncluded__C          
200152e0  ti_uia_loggers_LoggerStopMode_Module__diagsMask__C              
200152e4  ti_uia_loggers_LoggerStopMode_Object__count__C                  
200152e8  ti_uia_runtime_ILoggerSnapshot_Interface__BASE__C               
200152ec  ti_uia_runtime_IUIATransfer_Interface__BASE__C                  
200152f0  xdc_runtime_Assert_E_assertFailed__C                            
200152f4  xdc_runtime_Error_E_memory__C                                   
200152f8  xdc_runtime_Error_policyFxn__C                                  
200152fc  xdc_runtime_IFilterLogger_Interface__BASE__C                    
20015300  xdc_runtime_IGateProvider_Interface__BASE__C                    
20015304  xdc_runtime_IHeap_Interface__BASE__C                            
20015308  xdc_runtime_ILogger_Interface__BASE__C                          
2001530c  xdc_runtime_IModule_Interface__BASE__C                          
20015310  xdc_runtime_Memory_defaultHeapInstance__C                       
20015314  xdc_runtime_Startup_execImpl__C                                 
20015318  xdc_runtime_Startup_maxPasses__C                                
2001531c  xdc_runtime_Startup_sfxnRts__C                                  
20015320  xdc_runtime_Startup_sfxnTab__C                                  
20015324  xdc_runtime_SysCallback_abortFxn__C                             
20015328  xdc_runtime_SysCallback_exitFxn__C                              
2001532c  xdc_runtime_SysCallback_putchFxn__C                             
20015330  xdc_runtime_SysCallback_readyFxn__C                             
20015334  xdc_runtime_System_Module__gateObj__C                           
20015338  xdc_runtime_System_abortFxn__C                                  
2001533c  xdc_runtime_System_exitFxn__C                                   
20015340  xdc_runtime_System_extendFxn__C                                 
20015344  xdc_runtime_System_maxAtexitHandlers__C                         
20015348  xdc_runtime_Text_charTab__C                                     
2001534c  xdc_runtime_Text_nameEmpty__C                                   
20015350  xdc_runtime_Text_nameStatic__C                                  
20015354  xdc_runtime_Text_nameUnknown__C                                 
20015358  ti_sysbios_family_arm_m3_Timer_Module__id__C                    
2001535a  ti_sysbios_family_arm_m3_TimestampProvider_configTimer__C       
2001535c  ti_sysbios_heaps_HeapMem_Module__id__C                          
2001535e  ti_sysbios_knl_Clock_Module__id__C                              
20015360  ti_sysbios_knl_Clock_Module__loggerDefined__C                   
20015362  ti_sysbios_knl_Semaphore_Module__id__C                          
20015364  ti_sysbios_knl_Semaphore_Module__loggerDefined__C               
20015366  ti_sysbios_knl_Swi_Module__id__C                                
20015368  ti_sysbios_knl_Swi_Module__loggerDefined__C                     
2001536a  ti_sysbios_knl_Task_Module__id__C                               
2001536c  ti_sysbios_knl_Task_Module__loggerDefined__C                    
2001536e  ti_sysbios_utils_Load_Module__id__C                             
20015370  ti_sysbios_utils_Load_Module__loggerDefined__C                  
20015372  ti_sysbios_utils_Load_autoAddTasks__C                           
20015374  ti_sysbios_utils_Load_updateInIdle__C                           
20015376  ti_uia_loggers_LoggerStopMode_Module__id__C                     
20015378  ti_uia_loggers_LoggerStopMode_isTimestampEnabled__C             
2001537a  xdc_runtime_Memory_Module__id__C                                
2001537c  xdc_runtime_Text_charCnt__C                                     
2001537e  xdc_runtime_Text_isLoaded__C                                    
20015380  ti_sysbios_knl_Clock_tickSource__C                              
20015381  xdc_runtime_Error_policy__C                                     
20015382  xdc_runtime_Text_charTab__A                                     
20015384  PowerCC32XX_module                                              
200154f0  parkInfo                                                        
200155e8  ti_uia_loggers_LoggerStopMode_Object__table__V                  
20015684  ti_sysbios_utils_Load_Module__state__V                          
2001571c  ti_sysbios_knl_Swi_Module_State_0_readyQ__A                     
2001579c  ti_sysbios_knl_Task_Module_State_0_readyQ__A                    
2001581c  ti_sysbios_knl_Task_Object__table__V                            
2001586c  ti_sysbios_knl_Task_Module__state__V                            
200158b0  ti_sysbios_family_arm_lm4_Timer_Object__table__V                
200158f0  ti_sysbios_gates_GateMutex_Object__table__V                     
20015928  ti_sysbios_family_arm_m3_Hwi_Module__state__V                   
2001595c  ti_sysbios_family_arm_m3_Hwi_Object__table__V                   
2001598c  ti_sysbios_family_arm_m3_Timer_Object__table__V                 
200159bc  ti_sysbios_knl_Swi_Object__table__V                             
200159ec  ti_sysbios_knl_Clock_Module__state__V                           
20015a18  ti_sysbios_BIOS_Module__state__V                                
20015a3c  ti_sysbios_family_arm_lm4_Timer_Module_State_0_device__A        
20015a5c  xdc_runtime_Error_IgnoreBlock                                   
20015a7c  ti_sysbios_knl_Swi_Module__state__V                             
20015a98  ti_sysbios_utils_Load_Module_State_0_taskEnv__A                 
20015ab4  ti_sysbios_heaps_HeapMem_Object__table__V                       
20015acc  ti_sysbios_family_arm_lm4_Timer_Module_State_0_handles__A       
20015adc  gpioPinConfigs                                                  
20015ae8  ti_sysbios_family_arm_lm4_Timer_Module__state__V                
20015af4  ti_sysbios_family_arm_m3_Timer_Module__state__V                 
20015b00  ti_sysbios_knl_Task_Module__root__V                             
20015b0c  ti_uia_runtime_QueueDescriptor_Module__state__V                 
20015b22  ti_sysbios_family_arm_m3_Hwi_Module_State_0_excActive__A        
20015b24  _lock                                                           
20015b28  _unlock                                                         
20015b2c  gpioCallbackFunctions                                           
20015b34  ti_uia_runtime_QueueDescriptor_gPtrToFirstDescriptor            
20015b38  ti_uia_runtime_QueueDescriptor_gUpdateCount                     
20015b3c  ti_sysbios_family_arm_m3_Hwi_Module__root__V                    
20015b44  ti_sysbios_gates_GateHwi_Module__root__V                        
20015b4c  ti_sysbios_gates_GateMutex_Module__root__V                      
20015b54  ti_sysbios_heaps_HeapMem_Module__root__V                        
20015b5c  ti_sysbios_knl_Queue_Module__root__V                            
20015b64  ti_sysbios_knl_Semaphore_Module__root__V                        
20015b6c  ti_uia_loggers_LoggerStopMode_Module__root__V                   
20015b74  xdc_runtime_Startup_Module__state__V                            
20015b7c  xdc_runtime_System_Module_State_0_atexitHandlers__A             
20015b84  xdc_runtime_System_Module__state__V                             
20015b8c  main_func_sp                                                    
20015b90  ti_sysbios_family_arm_m3_Hwi_Module_State_0_excContext__A       
20015b94  ti_sysbios_family_arm_m3_Hwi_Module_State_0_excStack__A         
20015b98  ti_sysbios_family_arm_m3_TimestampProvider_Module__state__V     
20015b9c  ti_sysbios_gates_GateHwi_Object__table__V                       
20015ba0  ti_sysbios_knl_Task_Module_State_0_idleTask__A                  
20015ba4  ti_sysbios_utils_Load_Module_State_0_runningTask__A             
20015ba8  ti_sysbios_utils_Load_Module_State_0_taskStartTime__A           
20015bac  xdc_runtime_Memory_Module__state__V                             
20015bb0  __TI_static_base__                                              
20015e88  __TI_Handler_Table_Base                                         
20015e94  __TI_Handler_Table_Limit                                        
20015ea0  __TI_CINIT_Base                                                 
20015eb0  __TI_CINIT_Limit                                                
e000e000  ti_sysbios_family_arm_m3_Hwi_nvic                               
ffffffff  __TI_pprof_out_hndl                                             
ffffffff  __TI_prof_data_size                                             
ffffffff  __TI_prof_data_start                                            
ffffffff  __binit__                                                       
ffffffff  __c_args__                                                      
ffffffff  binit                                                           
UNDEFED   SHT$$INIT_ARRAY$$Base                                           
UNDEFED   SHT$$INIT_ARRAY$$Limit                                          

[692 symbols]
