******************************************************************************
                  TI ARM Linker PC v16.9.6                     
******************************************************************************
>> Linked Wed Feb 28 22:28:13 2018

OUTPUT FILE NAME:   <Lab_9_ADC-GPIO_SAMPLE_CC3220S_tirtos_ccs.out>
ENTRY POINT SYMBOL: "_c_int00"  address: 2000e151


MEMORY CONFIGURATION

         name            origin    length      used     unused   attr    fill
----------------------  --------  ---------  --------  --------  ----  --------
  SRAM0                 20000000   00004000  0000070c  000038f4  RW X
  SRAM                  20004000   0003c000  00018732  000238ce  RW X


SEGMENT ALLOCATION MAP

run origin  load origin   length   init length attrs members
----------  ----------- ---------- ----------- ----- -------
20003c00    20003c00    00000400   00000000    rw-
  20003c00    20003c00    00000400   00000000    rw- .stack
20004000    20004000    00014120   0000c11a    r-x
  20004000    20004000    0000003c   0000003c    r-- .resetVecs
  20004040    20004040    0000c0da   0000c0da    r-x .text
  20010120    20010120    00008000   00000000    r-- .priheap
20018180    20018180    00002930   00000000    rw-
  20018180    20018180    00002930   00000000    rw- .bss
2001aab0    2001aab0    00000c7c   00000c7c    r--
  2001aab0    2001aab0    00000c7c   00000c7c    r-- .const
2001b72c    2001b72c    00000c70   00000000    rw-
  2001b72c    2001b72c    00000c70   00000000    rw- .data
2001c3a0    2001c3a0    00000400   00000400    r--
  2001c3a0    2001c3a0    00000400   00000400    r-- .cinit


SECTION ALLOCATION MAP

 output                                  attributes/
section   page    origin      length       input sections
--------  ----  ----------  ----------   ----------------
.vecs      0    20000000    0000030c     NOLOAD SECTION
                  20000000    0000030c     release_pem4.oem4 (.vecs)

.stack     0    20003c00    00000400     UNINITIALIZED
                  20003c00    00000400     --HOLE--

.resetVecs 
*          0    20004000    0000003c     
                  20004000    0000003c     release_pem4.oem4 (.resetVecs)

.text      0    20004040    0000c0da     
                  20004040    00001122     rtsv7M4_T_le_eabi.lib : _printfi.obj (.text)
                  20005162    00000006     drivers_cc32xx.aem4 : ADCCC32XX.oem4 (.text:ADCCC32XX_control)
                  20005168    0000048d     sysbios.aem4 : BIOS.obj (.text:xdc_runtime_System_doPrint__I)
                  200055f5    00000001     --HOLE-- [fill = 0]
                  200055f6    00000002     drivers_cc32xx.aem4 : I2CCC32XX.oem4 (.text:I2CCC32XX_cancel)
                  200055f8    00000430     sysbios.aem4 : BIOS.obj (.text:ti_sysbios_family_arm_m3_Hwi_excDumpRegs__I)
                  20005a28    0000042c     driverlib.a : prcm.obj (.text:PRCMCC3200MCUInit)
                  20005e54    00000270     drivers_cc32xx.aem4 : UARTCC32XX.oem4 (.text:UARTCC32XX_open)
                  200060c4    00000004     dpl_cc32xx.aem4 : ClockP_tirtos.oem4 (.text:ClockP_getCpuFreq)
                  200060c8    000001fc     sysbios.aem4 : BIOS.obj (.text:ti_sysbios_family_arm_m3_Hwi_excHandlerMax__I)
                  200062c4    000001f4     rtsv7M4_T_le_eabi.lib : ull_div_t2.obj (.text)
                  200064b8    000001e4     ADC_Control.obj (.text:ADCTask_func)
                  2000669c    000001cc     drivers_cc32xx.aem4 : GPIOCC32XX.oem4 (.text:GPIO_setConfig)
                  20006868    000001c4     rtsv7M4_T_le_eabi.lib : fopen.obj (.text)
                  20006a2c    000001b8     dpl_cc32xx.aem4 : PowerCC32XX_tirtos.oem4 (.text:PowerCC32XX_sleepPolicy)
                  20006be4    000001b6     rtsv7M4_T_le_eabi.lib : fd_add_t2.obj (.text)
                  20006d9a    00000006     dpl_cc32xx.aem4 : ClockP_tirtos.oem4 (.text:ClockP_Params_init)
                  20006da0    0000018c     sysbios.aem4 : BIOS.obj (.text:ti_sysbios_family_arm_m3_Hwi_dispatchC__I)
                  20006f2c    00000004     dpl_cc32xx.aem4 : ClockP_tirtos.oem4 (.text:ClockP_setTimeout)
                  20006f30    00000188     sysbios.aem4 : BIOS.obj (.text:ti_sysbios_family_arm_m3_Hwi_excBusFault__I)
                  200070b8    00000180                  : BIOS.obj (.text:ti_sysbios_family_arm_m3_Hwi_excUsageFault__I)
                  20007238    0000017c                  : BIOS.obj (.text:ti_sysbios_knl_Semaphore_pend__E)
                  200073b4    00000004     dpl_cc32xx.aem4 : ClockP_tirtos.oem4 (.text:ClockP_start)
                  200073b8    00000178     sysbios.aem4 : BIOS.obj (.text:ti_sysbios_knl_Swi_run__I)
                  20007530    00000170                  : BIOS.obj (.text:ti_sysbios_knl_Task_Instance_finalize__E)
                  200076a0    00000170     release_pem4.oem4 (.text:xdc_runtime_System_printfExtend__I)
                  20007810    00000164     sysbios.aem4 : BIOS.obj (.text:ti_sysbios_family_arm_m3_Hwi_excMemFault__I)
                  20007974    00000004     dpl_cc32xx.aem4 : ClockP_tirtos.oem4 (.text:ClockP_stop)
                  20007978    00000160     sysbios.aem4 : BIOS.obj (.text:ti_sysbios_utils_Load_logLoads__I)
                  20007ad8    00000150     i2c_control.obj (.text:i2c_function)
                  20007c28    00000150     drivers_cc32xx.aem4 : PowerCC32XX.oem4 (.text:parkPins)
                  20007d78    0000013c     sysbios.aem4 : BIOS.obj (.text:ti_sysbios_knl_Clock_workFunc__E)
                  20007eb4    00000138     release_pem4.oem4 (.text:ti_uia_loggers_LoggerStopMode_writeMemoryRange__E)
                  20007fec    00000136     rtsv7M4_T_le_eabi.lib : fd_div_t2.obj (.text)
                  20008122    00000002     drivers_cc32xx.aem4 : I2CCC32XX.oem4 (.text:I2CCC32XX_init)
                  20008124    00000134     rtsv7M4_T_le_eabi.lib : fputs.obj (.text)
                  20008258    00000128     sysbios.aem4 : BIOS.obj (.text:ti_sysbios_family_arm_lm4_Timer_start__E)
                  20008380    00000122     drivers_cc32xx.aem4 : I2CCC32XX.oem4 (.text:I2CCC32XX_hwiFxn)
                  200084a2    00000002                         : PWMTimerCC32XX.oem4 (.text:PWMTimerCC32XX_init)
                  200084a4    00000120                         : UARTCC32XX.oem4 (.text:UARTCC32XX_close)
                  200085c4    00000004     dpl_cc32xx.aem4 : HwiP_tirtos.oem4 (.text:HwiP_clearInterrupt)
                  200085c8    0000011c     sysbios.aem4 : BIOS.obj (.text:xdc_runtime_Startup_startMods__I)
                  200086e4    00000118     drivers_cc32xx.aem4 : PowerCC32XX.oem4 (.text:Power_sleep)
                  200087fc    00000004     dpl_cc32xx.aem4 : HwiP_tirtos.oem4 (.text:HwiP_disable)
                  20008800    00000118     sysbios.aem4 : BIOS.obj (.text:ti_sysbios_knl_Task_postInit__I)
                  20008918    0000010c     drivers_cc32xx.aem4 : I2CCC32XX.oem4 (.text:I2CCC32XX_open)
                  20008a24    00000004     dpl_cc32xx.aem4 : HwiP_tirtos.oem4 (.text:HwiP_disableInterrupt)
                  20008a28    0000010c     sysbios.aem4 : BIOS.obj (.text:ti_sysbios_family_arm_m3_Hwi_postInit__I)
                  20008b34    00000004     dpl_cc32xx.aem4 : HwiP_tirtos.oem4 (.text:HwiP_enableInterrupt)
                  20008b38    0000010c     sysbios.aem4 : BIOS.obj (.text:ti_sysbios_knl_Task_sleep__E)
                  20008c44    0000010c     release_pem4.oem4 (.text:ti_uia_loggers_LoggerStopMode_write8__E)
                  20008d50    00000108     sysbios.aem4 : BIOS.obj (.text:ti_sysbios_knl_Task_schedule__I)
                  20008e58    000000fc     rtsv7M4_T_le_eabi.lib : fd_mul_t2.obj (.text)
                  20008f54    00000004     drivers_cc32xx.aem4 : List.oem4 (.text:List_head)
                  20008f58    000000fc     sysbios.aem4 : BIOS.obj (.text:ti_sysbios_knl_Task_startCore__E)
                  20009054    000000f4     release_pem4.oem4 (.text:ti_uia_loggers_LoggerStopMode_write4__E)
                  20009148    000000f0     drivers_cc32xx.aem4 : PWMTimerCC32XX.oem4 (.text:PWMTimerCC32XX_open)
                  20009238    000000f0     sysbios.aem4 : BIOS.obj (.text:ti_sysbios_knl_Task_exit__E)
                  20009328    000000ee     drivers_cc32xx.aem4 : UARTCC32XX.oem4 (.text:UARTCC32XX_control)
                  20009416    00000002                         : UARTCC32XX.oem4 (.text:UARTCC32XX_init)
                  20009418    000000e8     release_pem4.oem4 (.text:ti_uia_loggers_LoggerStopMode_write1__E)
                  20009500    000000e8     release_pem4.oem4 (.text:ti_uia_loggers_LoggerStopMode_write2__E)
                  200095e8    000000dc     PWM_Control.obj (.text:PWM_function)
                  200096c4    000000dc     rtsv7M4_T_le_eabi.lib : setvbuf.obj (.text)
                  200097a0    000000dc     sysbios.aem4 : BIOS.obj (.text:ti_sysbios_family_arm_m3_Hwi_Instance_init__E)
                  2000987c    00000004     drivers_cc32xx.aem4 : List.oem4 (.text:List_next)
                  20009880    000000d8     sysbios.aem4 : BIOS.obj (.text:ti_sysbios_family_arm_m3_Hwi_excDebugMon__I)
                  20009958    000000d8                  : BIOS.obj (.text:ti_sysbios_knl_Swi_post__E)
                  20009a30    000000d8     release_pem4.oem4 (.text:ti_uia_loggers_LoggerStopMode_write0__E)
                  20009b08    000000d4     sysbios.aem4 : BIOS.obj (.text:ti_sysbios_family_arm_m3_Hwi_excHardFault__I)
                  20009bdc    000000d0     rtsv7M4_T_le_eabi.lib : s_scalbn.obj (.text)
                  20009cac    00000004     dpl_cc32xx.aem4 : SemaphoreP_tirtos.oem4 (.text:SemaphoreP_post)
                  20009cb0    000000d0     sysbios.aem4 : BIOS.obj (.text:ti_sysbios_heaps_HeapMem_alloc__E)
                  20009d80    000000cc                  : m3_Hwi_asm.obj (.text:ti_sysbios_family_arm_m3_Hwi_dispatch__I)
                  20009e4c    00000004     release_pem4.oem4 (.text:ti_sysbios_BIOS_RtsGateProxy_enter__E)
                  20009e50    000000cc     sysbios.aem4 : BIOS.obj (.text:ti_sysbios_utils_Load_updateThreadContexts__E)
                  20009f1c    000000c8     rtsv7M4_T_le_eabi.lib : fflush.obj (.text)
                  20009fe4    000000c4     drivers_cc32xx.aem4 : GPIOCC32XX.oem4 (.text:GPIO_init)
                  2000a0a8    000000c4                         : PWMTimerCC32XX.oem4 (.text:PWMTimerCC32XX_stop)
                  2000a16c    00000004     release_pem4.oem4 (.text:ti_sysbios_BIOS_RtsGateProxy_leave__E)
                  2000a170    000000c4     sysbios.aem4 : BIOS.obj (.text:ti_sysbios_knl_Semaphore_post__E)
                  2000a234    000000c0     drivers_cc32xx.aem4 : UARTCC32XX.oem4 (.text:UARTCC32XX_write)
                  2000a2f4    000000bc     rtsv7M4_T_le_eabi.lib : open.obj (.text)
                  2000a3b0    000000bc     sysbios.aem4 : BIOS.obj (.text:ti_sysbios_knl_Task_unblockI__E)
                  2000a46c    00000004                  : BIOS.obj (.text:ti_sysbios_family_arm_lm4_Timer_masterEnable__I)
                  2000a470    000000bc                  : BIOS.obj (.text:xdc_runtime_Core_createObject__I)
                  2000a52c    000000b8     drivers_cc32xx.aem4 : PWMTimerCC32XX.oem4 (.text:PWMTimerCC32XX_setDuty)
                  2000a5e4    000000b8                         : UARTCC32XX.oem4 (.text:initHw)
                  2000a69c    000000b8                         : UARTCC32XX.oem4 (.text:readIsrTextBlocking)
                  2000a754    000000b4                         : UARTCC32XX.oem4 (.text:UARTCC32XX_readPolling)
                  2000a808    000000b4                         : PowerCC32XX.oem4 (.text:restoreParkedPins)
                  2000a8bc    00000004     release_pem4.oem4 (.text:ti_sysbios_family_arm_m3_Hwi_delete)
                  2000a8c0    000000b0     sysbios.aem4 : BIOS.obj (.text:ti_sysbios_utils_Load_updateLoads__E)
                  2000a970    000000ae     drivers_cc32xx.aem4 : UARTCC32XX.oem4 (.text:readIsrTextCallback)
                  2000aa1e    000000ac     rtsv7M4_T_le_eabi.lib : _io_perm.obj (.text)
                  2000aaca    000000aa     drivers_cc32xx.aem4 : UARTCC32XX.oem4 (.text:readTaskBlocking)
                  2000ab74    000000a8                         : PowerCC32XX.oem4 (.text:PowerCC32XX_configureWakeup)
                  2000ac1c    00000004     release_pem4.oem4 (.text:ti_sysbios_family_arm_m3_TaskSupport_Module__startupDone__S)
                  2000ac20    000000a8     sysbios.aem4 : BIOS.obj (.text:ti_sysbios_knl_Task_blockI__E)
                  2000acc8    000000a4     drivers_cc32xx.aem4 : I2CCC32XX.oem4 (.text:I2CCC32XX_transfer)
                  2000ad6c    000000a4                         : PWMTimerCC32XX.oem4 (.text:initHw)
                  2000ae10    000000a2                         : UARTCC32XX.oem4 (.text:writeData)
                  2000aeb2    00000002     rtsv7M4_T_le_eabi.lib : i_div0.obj (.text)
                  2000aeb4    000000a0     auto_init.aem4 : auto_init.oem4 (.text)
                  2000af54    00000004     release_pem4.oem4 (.text:ti_sysbios_hal_Timer_TimerProxy_start__E)
                  2000af58    000000a0     sysbios.aem4 : BIOS.obj (.text:ti_sysbios_family_arm_lm4_Timer_enableCC3200__I)
                  2000aff8    0000009c     rtsv7M4_T_le_eabi.lib : memcpy_t2.obj (.text)
                  2000b094    00000098     drivers_cc32xx.aem4 : PWMTimerCC32XX.oem4 (.text:PWMTimerCC32XX_setPeriod)
                  2000b12c    00000098                         : GPIOCC32XX.oem4 (.text:powerNotifyFxn)
                  2000b1c4    00000098     rtsv7M4_T_le_eabi.lib : fclose.obj (.text)
                  2000b25c    00000098                           : fputc.obj (.text)
                  2000b2f4    00000098     UART_control.obj (.text:uart_function)
                  2000b38c    00000094     drivers_cc32xx.aem4 : ADCCC32XX.oem4 (.text:ADCCC32XX_open)
                  2000b420    00000094     sysbios.aem4 : BIOS.obj (.text:ti_sysbios_family_arm_m3_Hwi_Instance_finalize__E)
                  2000b4b4    00000090     drivers_cc32xx.aem4 : PowerCC32XX.oem4 (.text:restoreNVICRegs)
                  2000b544    00000004     release_pem4.oem4 (.text:ti_sysbios_heaps_HeapMem_Module_GateProxy_enter__E)
                  2000b548    00000090     sysbios.aem4 : BIOS.obj (.text:ti_sysbios_knl_Swi_postInit__I)
                  2000b5d8    00000090                  : BIOS.obj (.text:ti_sysbios_knl_Task_Module_startup__E)
                  2000b668    00000090     ti.uia.loggers.aem4 : LoggerStopMode.oem4 (.text:ti_uia_loggers_LoggerStopMode_initQueueDescriptor__E)
                  2000b6f8    0000008c     drivers_cc32xx.aem4 : I2CCC32XX.oem4 (.text:I2CCC32XX_close)
                  2000b784    0000008c                         : UARTCC32XX.oem4 (.text:readIsrBinaryBlocking)
                  2000b810    0000008c     sysbios.aem4 : BIOS.obj (.text:ti_sysbios_family_arm_lm4_Timer_enableTimers__I)
                  2000b89c    00000004     release_pem4.oem4 (.text:ti_sysbios_heaps_HeapMem_Module_GateProxy_leave__E)
                  2000b8a0    0000008c     sysbios.aem4 : BIOS.obj (.text:ti_sysbios_utils_Load_updateCurrentThreadTime__E)
                  2000b92c    00000088     drivers_cc32xx.aem4 : PWMTimerCC32XX.oem4 (.text:PWMTimerCC32XX_close)
                  2000b9b4    00000004     release_pem4.oem4 (.text:ti_sysbios_knl_Clock_TimerProxy_getMaxTicks__E)
                  2000b9b8    00000088     sysbios.aem4 : BIOS.obj (.text:ti_sysbios_family_arm_m3_Hwi_initNVIC__E)
                  2000ba40    00000088                  : BIOS.obj (.text:ti_sysbios_knl_Mailbox_Module_startup__E)
                  2000bac8    00000088                  : BIOS.obj (.text:xdc_runtime_Memory_alloc__E)
                  2000bb50    00000086     drivers_cc32xx.aem4 : I2CCC32XX.oem4 (.text:I2CCC32XX_primeTransfer)
                  2000bbd6    00000086     rtsv7M4_T_le_eabi.lib : fd_cmp_t2.obj (.text:__aeabi_cdcmple)
                  2000bc5c    00000086                           : fd_cmp_t2.obj (.text:__aeabi_cdrcmple)
                  2000bce2    00000002     release_pem4.oem4 (.text:ti_sysbios_BIOS_nullFunc__I)
                  2000bce4    00000084     drivers_cc32xx.aem4 : PowerCC32XX.oem4 (.text:saveNVICRegs)
                  2000bd68    00000084     sysbios.aem4 : BIOS.obj (.text:ti_sysbios_heaps_HeapMem_free__E)
                  2000bdec    00000004     release_pem4.oem4 (.text:ti_sysbios_knl_Clock_TimerProxy_setPeriodMicroSecs__E)
                  2000bdf0    00000084     sysbios.aem4 : BIOS.obj (.text:xdc_runtime_Core_constructObject__I)
                  2000be74    00000080     drivers_cc32xx.aem4 : UARTCC32XX.oem4 (.text:readIsrBinaryCallback)
                  2000bef4    00000004     release_pem4.oem4 (.text:ti_sysbios_knl_Clock_TimerProxy_start__E)
                  2000bef8    00000080     sysbios.aem4 : BIOS.obj (.text:ti_sysbios_family_arm_m3_TimestampProvider_get64__E)
                  2000bf78    00000080                  : BIOS.obj (.text:ti_sysbios_knl_Swi_Module_startup__E)
                  2000bff8    0000007c     drivers_cc32xx.aem4 : ADCCC32XX.oem4 (.text:ADCCC32XX_close)
                  2000c074    00000004     release_pem4.oem4 (.text:ti_sysbios_knl_Clock_TimerProxy_stop__E)
                  2000c078    0000007c     sysbios.aem4 : BIOS.obj (.text:xdc_runtime_Core_deleteObject__I)
                  2000c0f4    0000007a     drivers_cc32xx.aem4 : UARTCC32XX.oem4 (.text:readTaskCallback)
                  2000c16e    0000007a     rtsv7M4_T_le_eabi.lib : memset_t2.obj (.text)
                  2000c1e8    00000078     drivers_cc32xx.aem4 : GPIOCC32XX.oem4 (.text:GPIO_hwiIntFxn)
                  2000c260    00000078                         : PowerCC32XX.oem4 (.text:Power_init)
                  2000c2d8    00000078     sysbios.aem4 : BIOS.obj (.text:ti_sysbios_utils_Load_taskCreateHook__E)
                  2000c350    00000075                  : BIOS.obj (.text:xdc_runtime_System_formatNum__I)
                  2000c3c5    00000001     --HOLE-- [fill = 0]
                  2000c3c6    00000074     drivers_cc32xx.aem4 : UARTCC32XX.oem4 (.text:UARTCC32XX_hwiIntFxn)
                  2000c43a    00000006                         : I2CCC32XX.oem4 (.text:I2CCC32XX_control)
                  2000c440    00000074     sysbios.aem4 : BIOS.obj (.text:ti_sysbios_family_arm_m3_Hwi_Module_startup__E)
                  2000c4b4    00000074     ti.uia.runtime.aem4 : QueueDescriptor.oem4 (.text:ti_uia_runtime_QueueDescriptor_addToList__E)
                  2000c528    00000070     rtsv7M4_T_le_eabi.lib : getdevice.obj (.text)
                  2000c598    00000070                           : printf.obj (.text)
                  2000c608    00000070     sysbios.aem4 : BIOS.obj (.text:ti_sysbios_heaps_HeapMem_initPrimary__I)
                  2000c678    0000006c                  : BIOS.obj (.text:ti_sysbios_knl_Swi_restoreHwi__E)
                  2000c6e4    00000068     drivers_cc32xx.aem4 : PWMTimerCC32XX.oem4 (.text:PWMTimerCC32XX_start)
                  2000c74c    00000068     rtsv7M4_T_le_eabi.lib : copy_decompress_lzss.obj (.text:decompress:lzss)
                  2000c7b4    00000068     drivers_cc32xx.aem4 : I2CCC32XX.oem4 (.text:initHw)
                  2000c81c    00000068     rtsv7M4_T_le_eabi.lib : hostlseek.obj (.text)
                  2000c884    00000068                           : hostrename.obj (.text)
                  2000c8ec    00000068                           : trgmsg.obj (.text)
                  2000c954    00000066     drivers_cc32xx.aem4 : UARTCC32XX.oem4 (.text:UARTCC32XX_writeCancel)
                  2000c9ba    00000066     ti.uia.loggers.aem4 : LoggerStopMode.oem4 (.text:ti_uia_loggers_LoggerStopMode_flush__E)
                  2000ca20    00000064     drivers_cc32xx.aem4 : ADCCC32XX.oem4 (.text:ADCCC32XX_convert)
                  2000ca84    00000064                         : PowerCC32XX.oem4 (.text:PowerCC32XX_setParkState)
                  2000cae8    00000064     rtsv7M4_T_le_eabi.lib : fseek.obj (.text)
                  2000cb4c    00000004     release_pem4.oem4 (.text:ti_sysbios_knl_Clock_delete)
                  2000cb50    00000064     sysbios.aem4 : BIOS.obj (.text:ti_sysbios_family_arm_lm4_Timer_Module_startup__E)
                  2000cbb4    00000004     release_pem4.oem4 (.text:ti_sysbios_knl_Semaphore_delete)
                  2000cbb8    00000064     sysbios.aem4 : BIOS.obj (.text:ti_sysbios_utils_Load_addTask__E)
                  2000cc1c    00000004     release_pem4.oem4 (.text:ti_sysbios_knl_Task_delete)
                  2000cc20    00000064     sysbios.aem4 : BIOS.obj (.text:ti_sysbios_utils_Load_idleFxn__E)
                  2000cc84    00000062     drivers_cc32xx.aem4 : UARTCC32XX.oem4 (.text:UARTCC32XX_writePolling)
                  2000cce6    00000002     release_pem4.oem4 (.text:ti_uia_loggers_LoggerStopMode_setFilterLevel__E)
                  2000cce8    00000060     driverlib.a : prcm.obj (.text:PRCMSysResetCauseGet)
                  2000cd48    00000060     rtsv7M4_T_le_eabi.lib : hostopen.obj (.text)
                  2000cda8    00000060                           : sprintf.obj (.text)
                  2000ce08    00000060     sysbios.aem4 : BIOS.obj (.text:ti_sysbios_family_arm_m3_Hwi_excReserved__I)
                  2000ce68    00000060                  : BIOS.obj (.text:ti_sysbios_family_arm_m3_TimestampProvider_get32__E)
                  2000cec8    00000060                  : BIOS.obj (.text:ti_sysbios_knl_Clock_logTick__E)
                  2000cf28    00000060                  : BIOS.obj (.text:ti_sysbios_utils_Load_logCPULoad__I)
                  2000cf88    0000005c     drivers_cc32xx.aem4 : PowerCC32XX.oem4 (.text:Power_setDependency)
                  2000cfe4    0000005c     rtsv7M4_T_le_eabi.lib : close.obj (.text)
                  2000d040    0000005c                           : s_frexp.obj (.text)
                  2000d09c    00000004     ti.uia.loggers.aem4 : LoggerStopMode.oem4 (.text:ti_uia_loggers_LoggerStopMode_getContents__E)
                  2000d0a0    0000005c     sysbios.aem4 : BIOS.obj (.text:ti_sysbios_family_arm_m3_Timer_setPeriod__E)
                  2000d0fc    00000004     release_pem4.oem4 (.text:ti_uia_loggers_LoggerStopMode_getFilterLevel__E)
                  2000d100    0000005c     sysbios.aem4 : BIOS.obj (.text:ti_sysbios_family_arm_m3_Timer_start__E)
                  2000d15c    00000004     ti.uia.loggers.aem4 : LoggerStopMode.oem4 (.text:ti_uia_loggers_LoggerStopMode_getInstanceId__E)
                  2000d160    0000005c     sysbios.aem4 : BIOS.obj (.text:ti_sysbios_knl_Clock_Instance_init__E)
                  2000d1bc    00000004     ti.uia.loggers.aem4 : LoggerStopMode.oem4 (.text:ti_uia_loggers_LoggerStopMode_getMaxLength__E)
                  2000d1c0    0000005c     sysbios.aem4 : BIOS.obj (.text:ti_sysbios_knl_Swi_schedule__I)
                  2000d21c    00000004     ti.uia.loggers.aem4 : LoggerStopMode.oem4 (.text:ti_uia_loggers_LoggerStopMode_getPriority__E)
                  2000d220    0000005c     sysbios.aem4 : BIOS.obj (.text:xdc_runtime_Assert_raise__I)
                  2000d27c    00000004     ti.uia.loggers.aem4 : LoggerStopMode.oem4 (.text:ti_uia_loggers_LoggerStopMode_getTransferType__E)
                  2000d280    0000005c     sysbios.aem4 : BIOS.obj (.text:xdc_runtime_Startup_exec__E)
                  2000d2dc    00000058     drivers_cc32xx.aem4 : GPIOCC32XX.oem4 (.text:GPIO_setCallback)
                  2000d334    00000058     driverlib.a : prcm.obj (.text:PRCMPeripheralReset)
                  2000d38c    00000058     drivers_cc32xx.aem4 : PowerCC32XX.oem4 (.text:Power_releaseDependency)
                  2000d3e4    00000058     rtsv7M4_T_le_eabi.lib : hostread.obj (.text)
                  2000d43c    00000058                           : hostwrite.obj (.text)
                  2000d494    00000054                           : ltoa.obj (.text)
                  2000d4e8    00000054     release_pem4.oem4 (.text:ti_sysbios_family_arm_m3_Hwi_create)
                  2000d53c    00000004     release_pem4.oem4 (.text:xdc_runtime_System_Module_GateProxy_enter__E)
                  2000d540    00000054     sysbios.aem4 : BIOS.obj (.text:ti_sysbios_family_arm_m3_Hwi_excSvCall__I)
                  2000d594    00000054     release_pem4.oem4 (.text:ti_sysbios_utils_Load_hwiBeginHook__E)
                  2000d5e8    00000054     sysbios.aem4 : BIOS.obj (.text:ti_sysbios_utils_Load_taskSwitchHook__E)
                  2000d63c    00000004     release_pem4.oem4 (.text:xdc_runtime_System_Module_GateProxy_leave__E)
                  2000d640    00000054     sysbios.aem4 : BIOS.obj (.text:xdc_runtime_Core_assignLabel__I)
                  2000d694    00000052     drivers_cc32xx.aem4 : PowerCC32XX.oem4 (.text:PowerCC32XX_parkPin)
                  2000d6e6    00000052                         : PowerCC32XX_asm.oem4 (.text:PowerCC32XX_resumeLPDS)
                  2000d738    00000050                         : TimerCC32XX.oem4 (.text:TimerCC32XX_allocateTimerResource)
                  2000d788    00000050     sysbios.aem4 : BIOS.obj (.text:ti_sysbios_family_arm_m3_Hwi_excNoIsr__I)
                  2000d7d8    00000050                  : BIOS.obj (.text:ti_sysbios_utils_Load_taskDeleteHook__E)
                  2000d828    0000004c     drivers_cc32xx.aem4 : GPIOCC32XX.oem4 (.text:GPIO_enableInt)
                  2000d874    0000004c                         : I2CCC32XX.oem4 (.text:I2CCC32XX_completeTransfer)
                  2000d8c0    0000004c                         : PowerCC32XX.oem4 (.text:restorePeriphClocks)
                  2000d90c    0000004c     rtsv7M4_T_le_eabi.lib : atoi.obj (.text)
                  2000d958    0000004c                           : cpy_tbl.obj (.text)
                  2000d9a4    00000002     ti.uia.loggers.aem4 : LoggerStopMode.oem4 (.text:ti_uia_loggers_LoggerStopMode_setPriority__E)
                  2000d9a6    00000002     release_pem4.oem4 (.text:xdc_runtime_Startup_reset__I)
                  2000d9a8    0000004c     sysbios.aem4 : BIOS.obj (.text:ti_sysbios_family_arm_m3_Hwi_excNmi__I)
                  2000d9f4    0000004c                  : m3_TaskSupport_asm.obj (.text:ti_sysbios_family_arm_m3_TaskSupport_buildTaskStack)
                  2000da40    0000004c                  : BIOS.obj (.text:ti_sysbios_family_arm_m3_Timer_setPeriodMicroSecs__E)
                  2000da8c    00000004     --HOLE-- [fill = 0]
                  2000da90    0000004c                  : BIOS.obj (.text:ti_sysbios_heaps_HeapMem_getStats__E)
                  2000dadc    00000004     --HOLE-- [fill = 0]
                  2000dae0    0000004c                  : BIOS.obj (.text:ti_sysbios_knl_Swi_runLoop__I)
                  2000db2c    00000004     --HOLE-- [fill = 0]
                  2000db30    0000004c                  : BIOS.obj (.text:ti_sysbios_knl_Task_allBlockedFunction__I)
                  2000db7c    0000004c     ti.uia.loggers.aem4 : LoggerStopMode.oem4 (.text:ti_uia_loggers_LoggerStopMode_Module_startup__E)
                  2000dbc8    00000048     dpl_cc32xx.aem4 : ClockP_tirtos.oem4 (.text:ClockP_create)
                  2000dc10    00000048     driverlib.a : flash.obj (.text:FlashDisable)
                  2000dc58    00000048                 : prcm.obj (.text:PRCMLPDSEnter)
                  2000dca0    00000048                 : prcm.obj (.text:PRCMPeripheralClkEnable)
                  2000dce8    00000048     drivers_cc32xx.aem4 : PowerCC32XX.oem4 (.text:Power_releaseConstraint)
                  2000dd30    00000048     rtsv7M4_T_le_eabi.lib : fd_toi_t2.obj (.text)
                  2000dd78    00000048     sysbios.aem4 : BIOS.obj (.text:ti_sysbios_family_arm_m3_Hwi_disableInterrupt__E)
                  2000ddc0    00000048                  : BIOS.obj (.text:ti_sysbios_family_arm_m3_Hwi_enableInterrupt__E)
                  2000de08    00000048                  : m3_Hwi_asm_switch.obj (.text:ti_sysbios_family_arm_m3_Hwi_initStacks__E)
                  2000de50    00000048                  : BIOS.obj (.text:ti_sysbios_family_arm_m3_Timer_initDevice__I)
                  2000de98    00000048                  : BIOS.obj (.text:ti_sysbios_knl_Task_deleteTerminatedTasksFunc__I)
                  2000dee0    00000048                  : BIOS.obj (.text:ti_sysbios_utils_Load_swiBeginHook__E)
                  2000df28    00000046     drivers_cc32xx.aem4 : RingBuf.oem4 (.text:RingBuf_put)
                  2000df6e    00000002     --HOLE-- [fill = 0]
                  2000df70    00000046     sysbios.aem4 : BIOS.obj (.text:xdc_runtime_Core_assignParams__I)
                  2000dfb6    00000002     --HOLE-- [fill = 0]
                  2000dfb8    00000044     drivers_cc32xx.aem4 : ADC.oem4 (.text:ADC_init)
                  2000dffc    00000044                         : I2C.oem4 (.text:I2C_init)
                  2000e040    00000044     driverlib.a : prcm.obj (.text:PRCMLPDSRestoreInfoSet)
                  2000e084    00000044     drivers_cc32xx.aem4 : PWM.oem4 (.text:PWM_init)
                  2000e0c8    00000044                         : PowerCC32XX_asm.oem4 (.text:PowerCC32XX_enterLPDS)
                  2000e10c    00000044                         : UART.oem4 (.text:UART_init)
                  2000e150    00000044     boot.aem4 : boot.oem4 (.text)
                  2000e194    00000044     drivers_cc32xx.aem4 : PWMTimerCC32XX.oem4 (.text:getDutyCounts)
                  2000e1d8    00000044                         : PWMTimerCC32XX.oem4 (.text:getPeriodCounts)
                  2000e21c    00000044                         : PowerCC32XX.oem4 (.text:notify)
                  2000e260    00000044     rtsv7M4_T_le_eabi.lib : fd_tou_t2.obj (.text)
                  2000e2a4    00000044                           : hostclose.obj (.text)
                  2000e2e8    00000044                           : hostunlink.obj (.text)
                  2000e32c    00000004     --HOLE-- [fill = 0]
                  2000e330    00000044     sysbios.aem4 : BIOS.obj (.text:ti_sysbios_family_arm_lm4_Timer_isrStub__E)
                  2000e374    00000004     --HOLE-- [fill = 0]
                  2000e378    00000044                  : BIOS.obj (.text:ti_sysbios_family_arm_m3_Hwi_getStackInfo__E)
                  2000e3bc    00000004     --HOLE-- [fill = 0]
                  2000e3c0    00000044                  : BIOS.obj (.text:ti_sysbios_utils_Load_removeTask__E)
                  2000e404    00000044     ti.uia.loggers.aem4 : LoggerStopMode.oem4 (.text:ti_uia_loggers_LoggerStopMode_initBuffer__I)
                  2000e448    00000044     sysbios.aem4 : BIOS.obj (.text:xdc_runtime_System_atexit__E)
                  2000e48c    00000040     dpl_cc32xx.aem4 : HwiP_tirtos.oem4 (.text:HwiP_create)
                  2000e4cc    00000040     driverlib.a : pin.obj (.text:PinModeSet)
                  2000e50c    00000040     drivers_cc32xx.aem4 : RingBuf.oem4 (.text:RingBuf_get)
                  2000e54c    00000040                         : UARTCC32XX.oem4 (.text:UARTCC32XX_read)
                  2000e58c    00000040     rtsv7M4_T_le_eabi.lib : u_divt2.obj (.text)
                  2000e5cc    00000004     --HOLE-- [fill = 0]
                  2000e5d0    00000040     sysbios.aem4 : BIOS.obj (.text:ti_sysbios_family_arm_lm4_Timer_startup__E)
                  2000e610    00000040                  : BIOS.obj (.text:ti_sysbios_family_arm_m3_Timer_Module_startup__E)
                  2000e650    00000040                  : BIOS.obj (.text:ti_sysbios_heaps_HeapMem_Instance_init__E)
                  2000e690    0000003c     drivers_cc32xx.aem4 : ADC.oem4 (.text:ADC_open)
                  2000e6cc    0000003c                         : I2C.oem4 (.text:I2C_open)
                  2000e708    0000003c                         : PWM.oem4 (.text:PWM_open)
                  2000e744    0000003c                         : PowerCC32XX.oem4 (.text:Power_setConstraint)
                  2000e780    0000003c     dpl_cc32xx.aem4 : SemaphoreP_tirtos.oem4 (.text:SemaphoreP_create)
                  2000e7bc    0000003c     drivers_cc32xx.aem4 : UART.oem4 (.text:UART_open)
                  2000e7f8    0000003c     dpl_cc32xx.aem4 : PowerCC32XX_tirtos.oem4 (.text:getCountsRTC)
                  2000e834    0000003c     release_pem4.oem4 (.text:ti_sysbios_knl_Clock_create)
                  2000e870    0000003c     sysbios.aem4 : BIOS.obj (.text:ti_sysbios_knl_Clock_walkQueuePeriodic__E)
                  2000e8ac    00000004     --HOLE-- [fill = 0]
                  2000e8b0    0000003c                  : BIOS.obj (.text:ti_sysbios_knl_Swi_restore__E)
                  2000e8ec    00000004     --HOLE-- [fill = 0]
                  2000e8f0    0000003c                  : BIOS.obj (.text:ti_sysbios_utils_Load_hwiEndHook__E)
                  2000e92c    00000004     --HOLE-- [fill = 0]
                  2000e930    0000003c                  : BIOS.obj (.text:xdc_runtime_System_processAtExit__E)
                  2000e96c    0000003a     I2C_Utils.obj (.text:SensorI2C_WriteRead)
                  2000e9a6    0000003a     drivers_cc32xx.aem4 : PWMTimerCC32XX.oem4 (.text:getPowerMgrId)
                  2000e9e0    00000038                         : GPIOCC32XX.oem4 (.text:GPIO_read)
                  2000ea18    00000038     driverlib.a : prcm.obj (.text:PRCMLPDSEnterKeepDebugIf)
                  2000ea50    00000038     rtsv7M4_T_le_eabi.lib : fs_tod_t2.obj (.text)
                  2000ea88    00000038     release_pem4.oem4 (.text:ti_sysbios_BIOS_startFunc__I)
                  2000eac0    00000038     sysbios.aem4 : BIOS.obj (.text:ti_sysbios_knl_Task_processVitalTaskFlag__I)
                  2000eaf8    00000038                  : BIOS.obj (.text:usleep)
                  2000eb30    00000036     drivers_cc32xx.aem4 : PowerCC32XX.oem4 (.text:PowerCC32XX_restoreParkedPin)
                  2000eb66    00000036                         : UARTCC32XX.oem4 (.text:UARTCC32XX_readCancel)
                  2000eb9c    00000036     rtsv7M4_T_le_eabi.lib : strncpy.obj (.text)
                  2000ebd2    00000002     --HOLE-- [fill = 0]
                  2000ebd4    00000034     driverlib.a : pin.obj (.text:PinModeGet)
                  2000ec08    00000034     drivers_cc32xx.aem4 : PowerCC32XX.oem4 (.text:PowerCC32XX_restoreParkState)
                  2000ec3c    00000034                         : TimerCC32XX.oem4 (.text:TimerCC32XX_freeTimerResource)
                  2000ec70    00000034                         : TimerCC32XX.oem4 (.text:getPowerMgrId)
                  2000eca4    00000004     --HOLE-- [fill = 0]
                  2000eca8    00000034     sysbios.aem4 : BIOS.obj (.text:ti_sysbios_family_arm_m3_Timer_periodicStub__I)
                  2000ecdc    00000034     release_pem4.oem4 (.text:ti_sysbios_knl_Semaphore_create)
                  2000ed10    00000034     sysbios.aem4 : BIOS.obj (.text:ti_sysbios_utils_Load_startup__E)
                  2000ed44    00000004     --HOLE-- [fill = 0]
                  2000ed48    00000034                  : BIOS.obj (.text:ti_sysbios_utils_Load_swiEndHook__E)
                  2000ed7c    00000034     ti.uia.loggers.aem4 : LoggerStopMode.oem4 (.text:ti_uia_loggers_LoggerStopMode_reset__E)
                  2000edb0    00000032     sysbios.aem4 : BIOS.obj (.text:ti_sysbios_hal_Hwi_initStack)
                  2000ede2    00000006     drivers_cc32xx.aem4 : PWMTimerCC32XX.oem4 (.text:PWMTimerCC32XX_control)
                  2000ede8    00000032     sysbios.aem4 : BIOS.obj (.text:ti_sysbios_knl_Semaphore_pendTimeout__I)
                  2000ee1a    00000002     --HOLE-- [fill = 0]
                  2000ee1c    00000030     release_pem4.oem4 (.text:ti_sysbios_BIOS_atExitFunc__I)
                  2000ee4c    00000004     --HOLE-- [fill = 0]
                  2000ee50    00000030     sysbios.aem4 : BIOS.obj (.text:ti_sysbios_family_arm_lm4_Timer_stop__E)
                  2000ee80    00000030                  : BIOS.obj (.text:ti_sysbios_family_arm_m3_TaskSupport_start__E)
                  2000eeb0    00000030     release_pem4.oem4 (.text:ti_sysbios_gates_GateHwi_Object__create__S)
                  2000eee0    00000030     release_pem4.oem4 (.text:ti_sysbios_gates_GateMutex_Object__create__S)
                  2000ef10    00000030     sysbios.aem4 : BIOS.obj (.text:ti_sysbios_gates_GateMutex_enter__E)
                  2000ef40    00000030     release_pem4.oem4 (.text:ti_sysbios_heaps_HeapMem_Object__create__S)
                  2000ef70    00000030     release_pem4.oem4 (.text:ti_sysbios_knl_Semaphore_construct)
                  2000efa0    00000030     release_pem4.oem4 (.text:ti_uia_loggers_LoggerStopMode_Object__create__S)
                  2000efd0    00000030     GPIO_control.obj (.text:warning_turn_off)
                  2000f000    0000002e     rtsv7M4_T_le_eabi.lib : i_tofd_t2.obj (.text)
                  2000f02e    0000002e     release_pem4.oem4 (.text:ti_sysbios_rts_gnu_MemAlloc_alloc)
                  2000f05c    0000002c     drivers_cc32xx.aem4 : PowerCC32XX.oem4 (.text:PowerCC32XX_getParkState)
                  2000f088    0000002c     dpl_cc32xx.aem4 : SemaphoreP_tirtos.oem4 (.text:SemaphoreP_createBinary)
                  2000f0b4    0000002c     rtsv7M4_T_le_eabi.lib : unlink.obj (.text)
                  2000f0e0    0000002c     release_pem4.oem4 (.text:ti_sysbios_knl_Clock_doTick__I)
                  2000f10c    0000002c     release_pem4.oem4 (.text:ti_sysbios_knl_Queue_construct)
                  2000f138    0000002c     sysbios.aem4 : BIOS.obj (.text:ti_sysbios_knl_Task_restore__E)
                  2000f164    00000028     driverlib.a : prcm.obj (.text:PRCMPeripheralClkDisable)
                  2000f18c    00000028     dpl_cc32xx.aem4 : PowerCC32XX_tirtos.oem4 (.text:PowerCC32XX_initPolicy)
                  2000f1b4    00000028     drivers_cc32xx.aem4 : PowerCC32XX.oem4 (.text:Power_registerNotify)
                  2000f1dc    00000028     main.obj (.text:main)
                  2000f204    00000028     rtsv7M4_T_le_eabi.lib : lseek.obj (.text)
                  2000f22c    00000028                           : write.obj (.text)
                  2000f254    00000026     drivers_cc32xx.aem4 : List.oem4 (.text:List_put)
                  2000f27a    00000006     driverlib.a : utils.obj (.text:UtilsDelay)
                  2000f280    00000026     sysbios.aem4 : BIOS.obj (.text:xdc_runtime_System_printf_va__F)
                  2000f2a6    00000002     --HOLE-- [fill = 0]
                  2000f2a8    00000024     release_pem4.oem4 (.text:ti_sysbios_BIOS_registerRTSLock__I)
                  2000f2cc    00000024     release_pem4.oem4 (.text:ti_sysbios_BIOS_removeRTSLock__I)
                  2000f2f0    00000024     sysbios.aem4 : BIOS.obj (.text:ti_sysbios_family_arm_m3_Timer_startup__E)
                  2000f314    00000024     release_pem4.oem4 (.text:ti_sysbios_gates_GateMutex_Object__delete__S)
                  2000f338    00000024     sysbios.aem4 : BIOS.obj (.text:ti_sysbios_knl_Clock_Module_startup__E)
                  2000f35c    00000024     release_pem4.oem4 (.text:ti_sysbios_knl_Clock_Object__delete__S)
                  2000f380    00000024     sysbios.aem4 : BIOS.obj (.text:ti_sysbios_knl_Clock_start__E)
                  2000f3a4    00000004     --HOLE-- [fill = 0]
                  2000f3a8    00000024                  : BIOS.obj (.text:ti_sysbios_knl_Semaphore_Instance_init__E)
                  2000f3cc    00000024     release_pem4.oem4 (.text:ti_sysbios_knl_Semaphore_Object__delete__S)
                  2000f3f0    00000024     sysbios.aem4 : BIOS.obj (.text:ti_sysbios_knl_Task_restoreHwi__E)
                  2000f414    00000004     --HOLE-- [fill = 0]
                  2000f418    00000024                  : BIOS.obj (.text:xdc_runtime_Error_policyMin__E)
                  2000f43c    00000004     --HOLE-- [fill = 0]
                  2000f440    00000022                  : BIOS.obj (.text:ti_sysbios_family_arm_lm4_Timer_write__I)
                  2000f462    00000002     --HOLE-- [fill = 0]
                  2000f464    00000020     drivers_cc32xx.aem4 : ADCCC32XX.oem4 (.text:ADCCC32XX_convertToMicroVolts)
                  2000f484    00000020     GPIO_control.obj (.text:GPIO_function)
                  2000f4a4    00000020     drivers_cc32xx.aem4 : PowerCC32XX.oem4 (.text:Power_unregisterNotify)
                  2000f4c4    00000020                         : RingBuf.oem4 (.text:RingBuf_peek)
                  2000f4e4    00000020                         : UARTCC32XX.oem4 (.text:getPowerMgrId)
                  2000f504    00000020     rtsv7M4_T_le_eabi.lib : memchr.obj (.text)
                  2000f524    00000020                           : u_tofd_t2.obj (.text)
                  2000f544    00000004     --HOLE-- [fill = 0]
                  2000f548    00000020     sysbios.aem4 : BIOS.obj (.text:sleep)
                  2000f568    00000020     release_pem4.oem4 (.text:ti_sysbios_BIOS_rtsLock__I)
                  2000f588    00000020     release_pem4.oem4 (.text:ti_sysbios_family_arm_m3_Hwi_Object__delete__S)
                  2000f5a8    00000020     sysbios.aem4 : BIOS.obj (.text:ti_sysbios_family_arm_m3_Hwi_clearInterrupt__E)
                  2000f5c8    00000020                  : m3_Hwi_asm.obj (.text:ti_sysbios_family_arm_m3_Hwi_excHandlerAsm__I)
                  2000f5e8    00000020                  : BIOS.obj (.text:ti_sysbios_family_arm_m3_Hwi_excHandler__I)
                  2000f608    00000020                  : BIOS.obj (.text:ti_sysbios_family_arm_m3_TimestampProvider_Module_startup__E)
                  2000f628    00000020     release_pem4.oem4 (.text:ti_sysbios_gates_GateHwi_Object__delete__S)
                  2000f648    00000020     release_pem4.oem4 (.text:ti_sysbios_heaps_HeapMem_Object__delete__S)
                  2000f668    00000020     sysbios.aem4 : BIOS.obj (.text:ti_sysbios_knl_Idle_run__E)
                  2000f688    00000020     release_pem4.oem4 (.text:ti_sysbios_knl_Semaphore_destruct)
                  2000f6a8    00000020     release_pem4.oem4 (.text:ti_sysbios_knl_Task_Object__delete__S)
                  2000f6c8    00000020     release_pem4.oem4 (.text:ti_uia_loggers_LoggerStopMode_Object__delete__S)
                  2000f6e8    00000020     sysbios.aem4 : BIOS.obj (.text:xdc_runtime_SysMin_Module_startup__E)
                  2000f708    00000020                  : BIOS.obj (.text:xdc_runtime_SysStd_abort__E)
                  2000f728    0000001e                  : m3_Hwi_asm_switch.obj (.text:ti_sysbios_family_xxx_Hwi_switchAndRunFunc)
                  2000f746    00000002     --HOLE-- [fill = 0]
                  2000f748    0000001c     driverlib.a : pin.obj (.text:PinToPadGet)
                  2000f764    0000001c     rtsv7M4_T_le_eabi.lib : memccpy.obj (.text)
                  2000f780    0000001c     sysbios.aem4 : BIOS.obj (.text:ti_sysbios_family_arm_m3_Timer_stop__E)
                  2000f79c    00000004     --HOLE-- [fill = 0]
                  2000f7a0    0000001c                  : BIOS.obj (.text:ti_sysbios_gates_GateMutex_Instance_init__E)
                  2000f7bc    00000004     --HOLE-- [fill = 0]
                  2000f7c0    0000001c                  : BIOS.obj (.text:ti_sysbios_knl_Clock_Instance_finalize__E)
                  2000f7dc    0000001c     release_pem4.oem4 (.text:ti_sysbios_knl_Queue_destruct)
                  2000f7f8    0000001c     sysbios.aem4 : BIOS.obj (.text:ti_sysbios_knl_Queue_put__E)
                  2000f814    00000004     --HOLE-- [fill = 0]
                  2000f818    0000001c                  : BIOS.obj (.text:ti_sysbios_knl_Task_enter__I)
                  2000f834    0000001c     ti.uia.loggers.aem4 : LoggerStopMode.oem4 (.text:ti_uia_loggers_LoggerStopMode_Instance_init__E)
                  2000f850    0000001a     release_pem4.oem4 (.text:free)
                  2000f86a    0000001a     sysbios.aem4 : m3_Hwi_asm.obj (.text:ti_sysbios_family_arm_m3_Hwi_pendSV__I)
                  2000f884    00000004     --HOLE-- [fill = 0]
                  2000f888    0000001a                  : BIOS.obj (.text:ti_sysbios_knl_Task_sleepTimeout__I)
                  2000f8a2    0000001a     release_pem4.oem4 (.text:xdc_runtime_System_printf__E)
                  2000f8bc    00000018     drivers_cc32xx.aem4 : PowerCC32XX.oem4 (.text:Power_idleFunc)
                  2000f8d4    00000018     driverlib.a : uart.obj (.text:UARTBusy)
                  2000f8ec    00000018                 : uart.obj (.text:UARTIntEnable)
                  2000f904    00000018     drivers_cc32xx.aem4 : UART.oem4 (.text:UART_Params_init)
                  2000f91c    00000018     rtsv7M4_T_le_eabi.lib : args_main.obj (.text)
                  2000f934    00000018                           : ll_mul_t2.obj (.text)
                  2000f94c    00000018                           : strcmp.obj (.text)
                  2000f964    00000018     release_pem4.oem4 (.text:ti_sysbios_BIOS_rtsUnlock__I)
                  2000f97c    00000018     release_pem4.oem4 (.text:ti_sysbios_family_arm_lm4_Timer_Module__startupDone__F)
                  2000f994    00000018     release_pem4.oem4 (.text:ti_sysbios_family_arm_m3_Hwi_Handle__label__S)
                  2000f9ac    00000018     release_pem4.oem4 (.text:ti_sysbios_family_arm_m3_Hwi_Module__startupDone__F)
                  2000f9c4    00000018     release_pem4.oem4 (.text:ti_sysbios_family_arm_m3_Timer_Module__startupDone__F)
                  2000f9dc    00000018     release_pem4.oem4 (.text:ti_sysbios_gates_GateHwi_Handle__label__S)
                  2000f9f4    00000018     release_pem4.oem4 (.text:ti_sysbios_gates_GateMutex_Handle__label__S)
                  2000fa0c    00000004     --HOLE-- [fill = 0]
                  2000fa10    00000018     sysbios.aem4 : BIOS.obj (.text:ti_sysbios_gates_GateMutex_leave__E)
                  2000fa28    00000018     release_pem4.oem4 (.text:ti_sysbios_heaps_HeapMem_Handle__label__S)
                  2000fa40    00000018     release_pem4.oem4 (.text:ti_sysbios_knl_Swi_Handle__label__S)
                  2000fa58    00000018     release_pem4.oem4 (.text:ti_sysbios_knl_Task_Handle__label__S)
                  2000fa70    00000018     sysbios.aem4 : BIOS.obj (.text:ti_sysbios_rts_ti_ReentSupport_getReent__F)
                  2000fa88    00000018     release_pem4.oem4 (.text:ti_sysbios_rts_ti_ReentSupport_getTlsAddr__I)
                  2000faa0    00000018     release_pem4.oem4 (.text:ti_uia_loggers_LoggerStopMode_Handle__label__S)
                  2000fab8    00000018     sysbios.aem4 : BIOS.obj (.text:xdc_runtime_Error_init__E)
                  2000fad0    00000018                  : BIOS.obj (.text:xdc_runtime_System_exit__E)
                  2000fae8    00000016     drivers_cc32xx.aem4 : List.oem4 (.text:List_remove)
                  2000fafe    00000016     driverlib.a : prcm.obj (.text:PRCMHIBRegRead)
                  2000fb14    00000016                 : prcm.obj (.text:PRCMHIBRegWrite)
                  2000fb2a    00000016     rtsv7M4_T_le_eabi.lib : strchr.obj (.text)
                  2000fb40    00000016     release_pem4.oem4 (.text:ti_sysbios_BIOS_exitFunc__I)
                  2000fb56    00000016     ti.uia.loggers.aem4 : LoggerStopMode.oem4 (.text:ti_uia_loggers_LoggerStopMode_disable__E)
                  2000fb6c    00000016                         : LoggerStopMode.oem4 (.text:ti_uia_loggers_LoggerStopMode_enable__E)
                  2000fb82    00000002     --HOLE-- [fill = 0]
                  2000fb84    00000014     drivers_cc32xx.aem4 : PWM.oem4 (.text:PWM_Params_init)
                  2000fb98    00000014                         : PowerCC32XX.oem4 (.text:Power_getDependencyCount)
                  2000fbac    00000014     GPIO_control.obj (.text:button_0_fxn)
                  2000fbc0    00000014     drivers_cc32xx.aem4 : UARTCC32XX.oem4 (.text:releasePowerConstraint)
                  2000fbd4    00000014     rtsv7M4_T_le_eabi.lib : _lock.obj (.text)
                  2000fbe8    00000014                           : strcpy.obj (.text)
                  2000fbfc    00000014                           : strlen.obj (.text)
                  2000fc10    00000014     release_pem4.oem4 (.text:ti_sysbios_family_arm_m3_Hwi_Object__get__S)
                  2000fc24    00000004     --HOLE-- [fill = 0]
                  2000fc28    00000014     sysbios.aem4 : BIOS.obj (.text:ti_sysbios_family_arm_m3_Hwi_switchFromBootStack__E)
                  2000fc3c    00000014     release_pem4.oem4 (.text:ti_sysbios_heaps_HeapMem_Object__get__S)
                  2000fc50    00000014     sysbios.aem4 : BIOS.obj (.text:ti_sysbios_knl_Clock_tickReconfig__E)
                  2000fc64    00000014     release_pem4.oem4 (.text:ti_sysbios_knl_Swi_Object__get__S)
                  2000fc78    00000014     release_pem4.oem4 (.text:ti_sysbios_knl_Task_Object__first__S)
                  2000fc8c    00000014     release_pem4.oem4 (.text:ti_sysbios_knl_Task_Object__get__S)
                  2000fca0    00000014     release_pem4.oem4 (.text:ti_sysbios_knl_Task_Object__next__S)
                  2000fcb4    00000012     drivers_cc32xx.aem4 : RingBuf.oem4 (.text:RingBuf_construct)
                  2000fcc6    00000012     dpl_cc32xx.aem4 : SemaphoreP_tirtos.oem4 (.text:SemaphoreP_pend)
                  2000fcd8    00000012     drivers_cc32xx.aem4 : PWMTimerCC32XX.oem4 (.text:postNotifyFxn)
                  2000fcea    00000006     --HOLE-- [fill = 0]
                  2000fcf0    00000012     sysbios.aem4 : BIOS.obj (.text:ti_sysbios_hal_Hwi_Module_startup__E)
                  2000fd02    00000006     --HOLE-- [fill = 0]
                  2000fd08    00000012                  : BIOS.obj (.text:ti_sysbios_hal_Timer_Module_startup__E)
                  2000fd1a    00000012     release_pem4.oem4 (.text:xdc_runtime_Startup_exec__I)
                  2000fd2c    00000010     dpl_cc32xx.aem4 : HwiP_tirtos.oem4 (.text:HwiP_Params_init)
                  2000fd3c    00000010     drivers_cc32xx.aem4 : I2C.oem4 (.text:I2C_Params_init)
                  2000fd4c    00000010                         : UARTCC32XX.oem4 (.text:readBlockingTimeout)
                  2000fd5c    00000004     --HOLE-- [fill = 0]
                  2000fd60    00000010     sysbios.aem4 : BIOS.obj (.text:ti_sysbios_BIOS_getCpuFreq__E)
                  2000fd70    00000010                  : BIOS.obj (.text:ti_sysbios_BIOS_setThreadType__E)
                  2000fd80    00000010                  : BIOS.obj (.text:ti_sysbios_BIOS_start__E)
                  2000fd90    00000010                  : m3_TaskSupport_asm.obj (.text:ti_sysbios_family_arm_m3_TaskSupport_glue)
                  2000fda0    00000010                  : m3_TaskSupport_asm.obj (.text:ti_sysbios_family_arm_m3_TaskSupport_swap__E)
                  2000fdb0    00000010                  : BIOS.obj (.text:ti_sysbios_gates_GateMutex_Instance_finalize__E)
                  2000fdc0    00000010     release_pem4.oem4 (.text:ti_sysbios_knl_Mailbox_Object__get__S)
                  2000fdd0    00000010     sysbios.aem4 : BIOS.obj (.text:ti_sysbios_knl_Semaphore_Instance_finalize__E)
                  2000fde0    00000010                  : BIOS.obj (.text:ti_sysbios_knl_Swi_disable__E)
                  2000fdf0    00000010                  : BIOS.obj (.text:ti_sysbios_knl_Task_disable__E)
                  2000fe00    00000010     release_pem4.oem4 (.text:ti_uia_loggers_LoggerStopMode_Object__get__S)
                  2000fe10    00000010     ti.uia.loggers.aem4 : LoggerStopMode.oem4 (.text:ti_uia_loggers_LoggerStopMode_isEmpty__E)
                  2000fe20    00000010     sysbios.aem4 : BIOS.obj (.text:xdc_runtime_Gate_leaveSystem__E)
                  2000fe30    00000010                  : BIOS.obj (.text:xdc_runtime_Memory_free__E)
                  2000fe40    0000000e     rtsv7M4_T_le_eabi.lib : copy_decompress_none.obj (.text:decompress:none)
                  2000fe4e    00000002     --HOLE-- [fill = 0]
                  2000fe50    0000000e     sysbios.aem4 : BIOS.obj (.text:ti_sysbios_knl_Idle_loop__E)
                  2000fe5e    00000002     --HOLE-- [fill = 0]
                  2000fe60    0000000e                  : BIOS.obj (.text:ti_sysbios_knl_Queue_empty__E)
                  2000fe6e    0000000c     CC3220S_LAUNCHXL.obj (.text:CC3220S_LAUNCHXL_initGeneral)
                  2000fe7a    0000000c     dpl_cc32xx.aem4 : ClockP_tirtos.oem4 (.text:ClockP_delete)
                  2000fe86    0000000c                     : HwiP_tirtos.oem4 (.text:HwiP_delete)
                  2000fe92    00000002     --HOLE-- [fill = 0]
                  2000fe94    0000000c     drivers_cc32xx.aem4 : PowerCC32XX.oem4 (.text:Power_getConstraintMask)
                  2000fea0    0000000c     dpl_cc32xx.aem4 : SemaphoreP_tirtos.oem4 (.text:SemaphoreP_delete)
                  2000feac    0000000c     rtsv7M4_T_le_eabi.lib : copy_zero_init.obj (.text:decompress:ZI)
                  2000feb8    0000000c     drivers_cc32xx.aem4 : I2CCC32XX.oem4 (.text:postNotify)
                  2000fec4    0000000c                         : UARTCC32XX.oem4 (.text:postNotifyFxn)
                  2000fed0    0000000c     release_pem4.oem4 (.text:ti_sysbios_family_arm_m3_Hwi_Params__init__S)
                  2000fedc    00000004     --HOLE-- [fill = 0]
                  2000fee0    0000000c     sysbios.aem4 : BIOS.obj (.text:ti_sysbios_family_arm_m3_Hwi_disableFxn__E)
                  2000feec    00000004     --HOLE-- [fill = 0]
                  2000fef0    0000000c                  : BIOS.obj (.text:ti_sysbios_gates_GateHwi_enter__E)
                  2000fefc    0000000c     release_pem4.oem4 (.text:ti_sysbios_knl_Clock_Params__init__S)
                  2000ff08    0000000c     sysbios.aem4 : BIOS.obj (.text:ti_sysbios_knl_Clock_getTicks__E)
                  2000ff14    00000004     --HOLE-- [fill = 0]
                  2000ff18    0000000c                  : BIOS.obj (.text:ti_sysbios_knl_Clock_setTicks__E)
                  2000ff24    00000004     --HOLE-- [fill = 0]
                  2000ff28    0000000c                  : BIOS.obj (.text:ti_sysbios_knl_Clock_tickStart__E)
                  2000ff34    00000004     --HOLE-- [fill = 0]
                  2000ff38    0000000c                  : BIOS.obj (.text:ti_sysbios_knl_Clock_tickStop__E)
                  2000ff44    0000000c     release_pem4.oem4 (.text:ti_sysbios_knl_Queue_Object__get__S)
                  2000ff50    0000000c     release_pem4.oem4 (.text:ti_sysbios_knl_Semaphore_Params__init__S)
                  2000ff5c    00000004     --HOLE-- [fill = 0]
                  2000ff60    0000000c     sysbios.aem4 : BIOS.obj (.text:ti_sysbios_knl_Task_self__E)
                  2000ff6c    00000004     --HOLE-- [fill = 0]
                  2000ff70    0000000c                  : BIOS.obj (.text:ti_sysbios_rts_ti_ReentSupport_taskRegHook__I)
                  2000ff7c    00000004     --HOLE-- [fill = 0]
                  2000ff80    0000000c                  : BIOS.obj (.text:ti_sysbios_utils_Load_taskRegHook__E)
                  2000ff8c    00000004     --HOLE-- [fill = 0]
                  2000ff90    0000000c                  : BIOS.obj (.text:xdc_runtime_Gate_enterSystem__E)
                  2000ff9c    00000004     --HOLE-- [fill = 0]
                  2000ffa0    0000000c                  : BIOS.obj (.text:xdc_runtime_Startup_rtsDone__E)
                  2000ffac    00000004     --HOLE-- [fill = 0]
                  2000ffb0    0000000c                  : BIOS.obj (.text:xdc_runtime_SysStd_exit__E)
                  2000ffbc    0000000a     drivers_cc32xx.aem4 : ADC.oem4 (.text:ADC_Params_init)
                  2000ffc6    0000000a                         : ADC.oem4 (.text:ADC_convert)
                  2000ffd0    0000000a                         : ADC.oem4 (.text:ADC_convertToMicroVolts)
                  2000ffda    0000000a                         : I2C.oem4 (.text:I2C_transfer)
                  2000ffe4    0000000a                         : List.oem4 (.text:List_empty)
                  2000ffee    0000000a                         : PWM.oem4 (.text:PWM_setDuty)
                  2000fff8    0000000a                         : PWM.oem4 (.text:PWM_start)
                  20010002    0000000a                         : UART.oem4 (.text:UART_close)
                  2001000c    0000000a                         : UART.oem4 (.text:UART_write)
                  20010016    0000000a     release_pem4.oem4 (.text:xdc_runtime_IHeap_alloc)
                  20010020    0000000a     release_pem4.oem4 (.text:xdc_runtime_IHeap_free)
                  2001002a    00000008     drivers_cc32xx.aem4 : ADCCC32XX.oem4 (.text:ADCCC32XX_init)
                  20010032    00000008                         : I2CCC32XX.oem4 (.text:I2CCC32XX_blockingCallback)
                  2001003a    00000008     dpl_cc32xx.aem4 : SemaphoreP_tirtos.oem4 (.text:SemaphoreP_Params_init)
                  20010042    00000008     drivers_cc32xx.aem4 : UARTCC32XX.oem4 (.text:readSemCallback)
                  2001004a    00000008     rtsv7M4_T_le_eabi.lib : s_copysign.obj (.text)
                  20010052    00000008     sysbios.aem4 : BIOS.obj (.text:ti_sysbios_family_arm_lm4_Timer_masterDisable__I)
                  2001005a    00000006     --HOLE-- [fill = 0]
                  20010060    00000008                  : BIOS.obj (.text:ti_sysbios_family_arm_m3_Hwi_doSwiRestore__I)
                  20010068    00000008                  : BIOS.obj (.text:ti_sysbios_family_arm_m3_Hwi_startup__E)
                  20010070    00000008                  : BIOS.obj (.text:ti_sysbios_knl_Task_getHookContext__E)
                  20010078    00000008     drivers_cc32xx.aem4 : UARTCC32XX.oem4 (.text:writeSemCallback)
                  20010080    00000006     sysbios.aem4 : BIOS.obj (.text:ti_sysbios_family_arm_m3_Hwi_doTaskRestore__I)
                  20010086    00000002     --HOLE-- [fill = 0]
                  20010088    00000006                  : BIOS.obj (.text:ti_sysbios_family_arm_m3_Hwi_restoreFxn__E)
                  2001008e    00000002     --HOLE-- [fill = 0]
                  20010090    00000006                  : BIOS.obj (.text:ti_sysbios_gates_GateHwi_leave__E)
                  20010096    00000002     --HOLE-- [fill = 0]
                  20010098    00000006                  : BIOS.obj (.text:ti_sysbios_hal_Timer_start__E)
                  2001009e    00000002     --HOLE-- [fill = 0]
                  200100a0    00000006                  : BIOS.obj (.text:ti_sysbios_heaps_HeapMem_isBlocking__E)
                  200100a6    00000002     --HOLE-- [fill = 0]
                  200100a8    00000006                  : BIOS.obj (.text:ti_sysbios_knl_Clock_stop__E)
                  200100ae    00000002     --HOLE-- [fill = 0]
                  200100b0    00000006                  : BIOS.obj (.text:ti_sysbios_knl_Queue_Instance_init__E)
                  200100b6    00000002     --HOLE-- [fill = 0]
                  200100b8    00000006                  : BIOS.obj (.text:ti_sysbios_knl_Swi_startup__E)
                  200100be    00000002     --HOLE-- [fill = 0]
                  200100c0    00000006                  : BIOS.obj (.text:xdc_runtime_System_Module_startup__E)
                  200100c6    00000002     --HOLE-- [fill = 0]
                  200100c8    00000004                  : BIOS.obj (.text:ti_sysbios_family_arm_m3_Timer_getMaxTicks__E)
                  200100cc    00000004     --HOLE-- [fill = 0]
                  200100d0    00000004                  : BIOS.obj (.text:ti_sysbios_gates_GateHwi_query__E)
                  200100d4    00000004     --HOLE-- [fill = 0]
                  200100d8    00000004                  : BIOS.obj (.text:ti_sysbios_gates_GateMutex_query__E)
                  200100dc    00000004     --HOLE-- [fill = 0]
                  200100e0    00000004                  : BIOS.obj (.text:ti_sysbios_knl_Clock_setTimeout__E)
                  200100e4    00000004     --HOLE-- [fill = 0]
                  200100e8    00000004                  : BIOS.obj (.text:ti_sysbios_knl_Task_startup__E)
                  200100ec    00000004     --HOLE-- [fill = 0]
                  200100f0    00000004                  : BIOS.obj (.text:xdc_runtime_SysStd_putch__E)
                  200100f4    00000004     --HOLE-- [fill = 0]
                  200100f8    00000004                  : BIOS.obj (.text:xdc_runtime_SysStd_ready__E)
                  200100fc    00000004     --HOLE-- [fill = 0]
                  20010100    00000002                  : BIOS.obj (.text:ti_sysbios_BIOS_linkedWithIncorrectBootLibrary__E)
                  20010102    00000006     --HOLE-- [fill = 0]
                  20010108    00000002                  : BIOS.obj (.text:ti_sysbios_gates_GateHwi_Instance_init__E)
                  2001010a    00000006     --HOLE-- [fill = 0]
                  20010110    00000002                  : BIOS.obj (.text:xdc_runtime_System_abortSpin__E)
                  20010112    00000006     --HOLE-- [fill = 0]
                  20010118    00000002                  : BIOS.obj (.text:xdc_runtime_System_exitSpin__E)

.priheap   0    20010120    00008000     UNINITIALIZED
                  20010120    00008000     --HOLE--

.bss       0    20018180    00002930     UNINITIALIZED
                  20018180    00001200     release_pem4.oem4 (.bss:taskStackSection)
                  20019380    00000400     (.common:ti_uia_loggers_LoggerStopMode_Instance_State_1_packetArray__A)
                  20019780    00000400     (.common:ti_uia_loggers_LoggerStopMode_Instance_State_2_packetArray__A)
                  20019b80    00000400     (.common:xdc_runtime_SysMin_Module_State_0_outbuf__A)
                  20019f80    0000030c     (.common:ti_sysbios_family_arm_m3_Hwi_dispatchTable)
                  2001a28c    00000050     (.common:i2cCC3220SObjects)
                  2001a2dc    00000020     drivers_cc32xx.aem4 : GPIOCC32XX.oem4 (.bss:gpioCallbackInfo)
                  2001a2fc    00000004     PWM_Control.obj (.bss)
                  2001a300    00000200     (.common:ti_uia_loggers_LoggerStopMode_Instance_State_0_packetArray__A)
                  2001a500    0000012c     (.common:PowerCC32XX_contextSave)
                  2001a62c    00000120     rtsv7M4_T_le_eabi.lib : trgmsg.obj (.bss:_CIOBUF_)
                  2001a74c    00000108     (.common:uartCC3220SObjects)
                  2001a854    000000a0     (.common:__TI_tmpnams)
                  2001a8f4    00000048     (.common:pwmTimerCC3220SObjects)
                  2001a93c    00000040     (.common:uartCC3220SRingBuffer)
                  2001a97c    00000004     drivers_cc32xx.aem4 : GPIOCC32XX.oem4 (.bss)
                  2001a980    00000030     (.common:ti_uia_loggers_LoggerStopMode_Instance_State_0_hdr__A)
                  2001a9b0    00000014                         : GPIOCC32XX.oem4 (.bss:powerNotifyObj)
                  2001a9c4    00000004                         : TimerCC32XX.oem4 (.bss:timerState)
                  2001a9c8    0000000c     dpl_cc32xx.aem4 : PowerCC32XX_tirtos.oem4 (.bss)
                  2001a9d4    00000008     (.common:parmbuf)
                  2001a9dc    00000008     (.common:ti_sysbios_knl_Task_Instance_State_0_hookEnv__A)
                  2001a9e4    00000008     (.common:ti_sysbios_knl_Task_Instance_State_1_hookEnv__A)
                  2001a9ec    00000008     (.common:ti_sysbios_knl_Task_Instance_State_2_hookEnv__A)
                  2001a9f4    00000008     (.common:ti_sysbios_knl_Task_Instance_State_3_hookEnv__A)
                  2001a9fc    00000004     (.common:ClockP_tickPeriod)
                  2001aa00    00000030     (.common:ti_uia_loggers_LoggerStopMode_Instance_State_1_hdr__A)
                  2001aa30    00000008     (.common:ti_sysbios_knl_Task_Instance_State_4_hookEnv__A)
                  2001aa38    00000004     (.common:adcCC3220SObjects)
                  2001aa3c    00000004     (.common:adcValue0MicroVolt)
                  2001aa40    00000004     (.common:ti_sysbios_family_arm_m3_Hwi_Instance_State_0_hookEnv__A)
                  2001aa44    00000004     (.common:ti_sysbios_family_arm_m3_Hwi_Instance_State_1_hookEnv__A)
                  2001aa48    00000004     (.common:ti_sysbios_knl_Swi_Instance_State_0_hookEnv__A)
                  2001aa4c    00000002     (.common:adcValue0)
                  2001aa4e    00000001     drivers_cc32xx.aem4 : I2CCC32XX.oem4 (.bss)
                  2001aa4f    00000001     (.common:alarm_on)
                  2001aa50    00000030     --HOLE--
                  2001aa80    00000030     (.common:ti_uia_loggers_LoggerStopMode_Instance_State_2_hdr__A)

.const     0    2001aab0    00000c7c     
                  2001aab0    00000101     rtsv7M4_T_le_eabi.lib : ctype.obj (.const:.string:_ctypes_)
                  2001abb1    00000001     release_pem4.oem4 (.const:ti_sysbios_knl_Clock_tickMode__C)
                  2001abb2    00000002     release_pem4.oem4 (.const:ti_sysbios_family_arm_m3_Hwi_Module__id__C)
                  2001abb4    00000100     driverlib.a : pin.obj (.const:g_ulPinToPadMap)
                  2001acb4    000000a8                 : prcm.obj (.const:PRCM_PeriphRegsList)
                  2001ad5c    00000060     release_pem4.oem4 (.const:ti_uia_loggers_LoggerStopMode_Module__FXNS__C)
                  2001adbc    00000048     release_pem4.oem4 (.const:.string)
                  2001ae04    00000048     CC3220S_LAUNCHXL.obj (.const:uartCC3220SHWAttrs)
                  2001ae4c    00000040     CC3220S_LAUNCHXL.obj (.const:PowerCC32XX_config)
                  2001ae8c    0000003c     release_pem4.oem4 (.const:ti_sysbios_knl_Task_Object__PARAMS__C)
                  2001aec8    00000034     release_pem4.oem4 (.const:xdc_runtime_Startup_sfxnTab__A)
                  2001aefc    00000030     release_pem4.oem4 (.const:ti_sysbios_family_arm_m3_Hwi_Object__PARAMS__C)
                  2001af2c    00000030     release_pem4.oem4 (.const:ti_sysbios_knl_Task_hooks__A)
                  2001af5c    00000028     drivers_cc32xx.aem4 : UARTCC32XX.oem4 (.const:UARTCC32XX_fxnTable)
                  2001af84    00000028     release_pem4.oem4 (.const:ti_sysbios_heaps_HeapMem_Module__FXNS__C)
                  2001afac    00000028     release_pem4.oem4 (.const:ti_uia_loggers_LoggerStopMode_Object__PARAMS__C)
                  2001afd4    00000024     drivers_cc32xx.aem4 : UART.oem4 (.const:UART_defaultParams)
                  2001aff8    00000024     release_pem4.oem4 (.const:ti_sysbios_gates_GateHwi_Module__FXNS__C)
                  2001b01c    00000024     release_pem4.oem4 (.const:ti_sysbios_gates_GateMutex_Module__FXNS__C)
                  2001b040    00000024     release_pem4.oem4 (.const:ti_sysbios_heaps_HeapMem_Object__PARAMS__C)
                  2001b064    00000024     release_pem4.oem4 (.const:ti_sysbios_knl_Clock_Object__PARAMS__C)
                  2001b088    00000024     release_pem4.oem4 (.const:ti_sysbios_knl_Semaphore_Object__PARAMS__C)
                  2001b0ac    00000021     drivers_cc32xx.aem4 : GPIOCC32XX.oem4 (.const:.string:pinTable)
                  2001b0cd    00000001     release_pem4.oem4 (.const:ti_sysbios_knl_Clock_tickSource__C)
                  2001b0ce    00000002     release_pem4.oem4 (.const:ti_sysbios_family_arm_m3_Hwi_Module__loggerDefined__C)
                  2001b0d0    00000020     drivers_cc32xx.aem4 : PWMTimerCC32XX.oem4 (.const:PWMTimerCC32XX_fxnTable)
                  2001b0f0    00000020                         : PWMTimerCC32XX.oem4 (.const:gpioPinIndexes)
                  2001b110    00000020                         : UARTCC32XX.oem4 (.const:staticFxnTable)
                  2001b130    00000020     release_pem4.oem4 (.const:ti_sysbios_family_arm_m3_Hwi_Object__DESC__C)
                  2001b150    00000020     release_pem4.oem4 (.const:ti_sysbios_gates_GateHwi_Object__DESC__C)
                  2001b170    00000020     release_pem4.oem4 (.const:ti_sysbios_gates_GateMutex_Object__DESC__C)
                  2001b190    00000020     release_pem4.oem4 (.const:ti_sysbios_heaps_HeapMem_Object__DESC__C)
                  2001b1b0    00000020     release_pem4.oem4 (.const:ti_sysbios_knl_Clock_Object__DESC__C)
                  2001b1d0    00000020     release_pem4.oem4 (.const:ti_sysbios_knl_Queue_Object__DESC__C)
                  2001b1f0    00000020     release_pem4.oem4 (.const:ti_sysbios_knl_Semaphore_Object__DESC__C)
                  2001b210    00000020     release_pem4.oem4 (.const:ti_sysbios_knl_Task_Object__DESC__C)
                  2001b230    00000020     release_pem4.oem4 (.const:ti_uia_loggers_LoggerStopMode_Object__DESC__C)
                  2001b250    0000001c     release_pem4.oem4 (.const)
                  2001b26c    0000001a     release_pem4.oem4 (.const:xdc_runtime_Startup_sfxnRts__A)
                  2001b286    00000002     release_pem4.oem4 (.const:ti_sysbios_family_arm_m3_Timer_Module__id__C)
                  2001b288    00000018     drivers_cc32xx.aem4 : ADCCC32XX.oem4 (.const:ADCCC32XX_fxnTable)
                  2001b2a0    00000018     CC3220S_LAUNCHXL.obj (.const:ADC_config)
                  2001b2b8    00000018     drivers_cc32xx.aem4 : I2CCC32XX.oem4 (.const:I2CCC32XX_fxnTable)
                  2001b2d0    00000018     CC3220S_LAUNCHXL.obj (.const:PWM_config)
                  2001b2e8    00000018     drivers_cc32xx.aem4 : PWM.oem4 (.const:PWM_defaultParams)
                  2001b300    00000018     CC3220S_LAUNCHXL.obj (.const:UART_config)
                  2001b318    00000018     release_pem4.oem4 (.const:ti_sysbios_gates_GateHwi_Object__PARAMS__C)
                  2001b330    00000018     release_pem4.oem4 (.const:ti_sysbios_gates_GateMutex_Object__PARAMS__C)
                  2001b348    00000018     release_pem4.oem4 (.const:ti_sysbios_knl_Queue_Object__PARAMS__C)
                  2001b360    00000018     release_pem4.oem4 (.const:ti_sysbios_knl_Swi_hooks__A)
                  2001b378    00000014     CC3220S_LAUNCHXL.obj (.const:GPIOCC32XX_config)
                  2001b38c    00000014     drivers_cc32xx.aem4 : GPIOCC32XX.oem4 (.const:gpioBaseAddresses)
                  2001b3a0    00000014                         : UARTCC32XX.oem4 (.const:parityType)
                  2001b3b4    00000014                         : GPIOCC32XX.oem4 (.const:powerResources)
                  2001b3c8    00000014     release_pem4.oem4 (.const:ti_sysbios_family_arm_m3_Hwi_hooks__A)
                  2001b3dc    00000010     drivers_cc32xx.aem4 : I2C.oem4 (.const:I2C_defaultParams)
                  2001b3ec    00000010                         : UARTCC32XX.oem4 (.const:dataLength)
                  2001b3fc    00000010                         : PWMTimerCC32XX.oem4 (.const:gpioBaseAddresses)
                  2001b40c    00000010     CC3220S_LAUNCHXL.obj (.const:i2cCC3220SHWAttrs)
                  2001b41c    00000010     drivers_cc32xx.aem4 : PWMTimerCC32XX.oem4 (.const:timerBaseAddresses)
                  2001b42c    00000010     release_pem4.oem4 (.const:xdc_runtime_Startup_firstFxns__A)
                  2001b43c    0000000e     CC3220S_LAUNCHXL.obj (.const)
                  2001b44a    00000002     release_pem4.oem4 (.const:ti_sysbios_family_arm_m3_TimestampProvider_configTimer__C)
                  2001b44c    0000000c     CC3220S_LAUNCHXL.obj (.const:I2C_config)
                  2001b458    0000000c     release_pem4.oem4 (.const:ti_sysbios_knl_Idle_funcList__A)
                  2001b464    00000008     drivers_cc32xx.aem4 : ADC.oem4 (.const:ADC_defaultParams)
                  2001b46c    00000008     CC3220S_LAUNCHXL.obj (.const:adcCC3220SHWAttrs)
                  2001b474    00000008     drivers_cc32xx.aem4 : I2CCC32XX.oem4 (.const:bitRate)
                  2001b47c    00000008                         : GPIOCC32XX.oem4 (.const:outPinTypes)
                  2001b484    00000008     CC3220S_LAUNCHXL.obj (.const:pwmTimerCC3220SHWAttrs)
                  2001b48c    00000008     drivers_cc32xx.aem4 : UARTCC32XX.oem4 (.const:stopBits)
                  2001b494    00000008     release_pem4.oem4 (.const:ti_sysbios_family_arm_m3_Hwi_excHookFuncs__A)
                  2001b49c    00000008     release_pem4.oem4 (.const:ti_sysbios_family_arm_m3_Hwi_hooks__C)
                  2001b4a4    00000008     release_pem4.oem4 (.const:ti_sysbios_knl_Idle_funcList__C)
                  2001b4ac    00000008     release_pem4.oem4 (.const:ti_sysbios_knl_Swi_hooks__C)
                  2001b4b4    00000008     release_pem4.oem4 (.const:ti_sysbios_knl_Task_hooks__C)
                  2001b4bc    00000008     drivers_cc32xx.aem4 : PWMTimerCC32XX.oem4 (.const:timerHalves)
                  2001b4c4    00000008     release_pem4.oem4 (.const:xdc_runtime_Startup_firstFxns__C)
                  2001b4cc    00000008     release_pem4.oem4 (.const:xdc_runtime_Startup_lastFxns__C)
                  2001b4d4    00000006     drivers_cc32xx.aem4 : GPIOCC32XX.oem4 (.const:.string:interruptType)
                  2001b4da    00000006                         : GPIOCC32XX.oem4 (.const:inPinTypes)
                  2001b4e0    00000006                         : GPIOCC32XX.oem4 (.const:outPinStrengths)
                  2001b4e6    00000004                         : GPIOCC32XX.oem4 (.const:.string:portInterruptIds)
                  2001b4ea    00000002     release_pem4.oem4 (.const:ti_sysbios_heaps_HeapMem_Module__id__C)
                  2001b4ec    00000004     release_pem4.oem4 (.const:ti_sysbios_family_arm_lm4_Timer_enableFunc__C)
                  2001b4f0    00000004     release_pem4.oem4 (.const:ti_sysbios_family_arm_lm4_Timer_numTimerDevices__C)
                  2001b4f4    00000004     release_pem4.oem4 (.const:ti_sysbios_family_arm_lm4_Timer_startupNeeded__C)
                  2001b4f8    00000004     release_pem4.oem4 (.const:ti_sysbios_family_arm_m3_Hwi_E_NMI__C)
                  2001b4fc    00000004     release_pem4.oem4 (.const:ti_sysbios_family_arm_m3_Hwi_E_alreadyDefined__C)
                  2001b500    00000004     release_pem4.oem4 (.const:ti_sysbios_family_arm_m3_Hwi_E_busFault__C)
                  2001b504    00000004     release_pem4.oem4 (.const:ti_sysbios_family_arm_m3_Hwi_E_debugMon__C)
                  2001b508    00000004     release_pem4.oem4 (.const:ti_sysbios_family_arm_m3_Hwi_E_hardFault__C)
                  2001b50c    00000004     release_pem4.oem4 (.const:ti_sysbios_family_arm_m3_Hwi_E_memFault__C)
                  2001b510    00000004     release_pem4.oem4 (.const:ti_sysbios_family_arm_m3_Hwi_E_noIsr__C)
                  2001b514    00000004     release_pem4.oem4 (.const:ti_sysbios_family_arm_m3_Hwi_E_reserved__C)
                  2001b518    00000004     release_pem4.oem4 (.const:ti_sysbios_family_arm_m3_Hwi_E_svCall__C)
                  2001b51c    00000004     release_pem4.oem4 (.const:ti_sysbios_family_arm_m3_Hwi_E_usageFault__C)
                  2001b520    00000004     release_pem4.oem4 (.const:ti_sysbios_family_arm_m3_Hwi_LD_end__C)
                  2001b524    00000004     release_pem4.oem4 (.const:ti_sysbios_family_arm_m3_Hwi_LM_begin__C)
                  2001b528    00000004     release_pem4.oem4 (.const:ti_sysbios_family_arm_m3_Hwi_Module__diagsEnabled__C)
                  2001b52c    00000004     release_pem4.oem4 (.const:ti_sysbios_family_arm_m3_Hwi_Module__diagsIncluded__C)
                  2001b530    00000004     release_pem4.oem4 (.const:ti_sysbios_family_arm_m3_Hwi_Module__diagsMask__C)
                  2001b534    00000004     release_pem4.oem4 (.const:ti_sysbios_family_arm_m3_Hwi_Module__loggerFxn1__C)
                  2001b538    00000004     release_pem4.oem4 (.const:ti_sysbios_family_arm_m3_Hwi_Module__loggerFxn8__C)
                  2001b53c    00000004     release_pem4.oem4 (.const:ti_sysbios_family_arm_m3_Hwi_Module__loggerObj__C)
                  2001b540    00000004     release_pem4.oem4 (.const:ti_sysbios_family_arm_m3_Hwi_NUM_INTERRUPTS__C)
                  2001b544    00000004     release_pem4.oem4 (.const:ti_sysbios_family_arm_m3_Hwi_Object__count__C)
                  2001b548    00000004     release_pem4.oem4 (.const:ti_sysbios_family_arm_m3_Hwi_Object__heap__C)
                  2001b54c    00000004     release_pem4.oem4 (.const:ti_sysbios_family_arm_m3_Hwi_ccr__C)
                  2001b550    00000004     release_pem4.oem4 (.const:ti_sysbios_family_arm_m3_Hwi_excHandlerFunc__C)
                  2001b554    00000004     release_pem4.oem4 (.const:ti_sysbios_family_arm_m3_Hwi_excHookFuncs__C)
                  2001b558    00000004     release_pem4.oem4 (.const:ti_sysbios_family_arm_m3_Hwi_nullIsrFunc__C)
                  2001b55c    00000004     release_pem4.oem4 (.const:ti_sysbios_family_arm_m3_Hwi_priGroup__C)
                  2001b560    00000004     release_pem4.oem4 (.const:ti_sysbios_family_arm_m3_Hwi_swiDisable__C)
                  2001b564    00000004     release_pem4.oem4 (.const:ti_sysbios_family_arm_m3_Hwi_swiRestoreHwi__C)
                  2001b568    00000004     release_pem4.oem4 (.const:ti_sysbios_family_arm_m3_Timer_E_cannotSupport__C)
                  2001b56c    00000004     release_pem4.oem4 (.const:ti_sysbios_family_arm_m3_Timer_startupNeeded__C)
                  2001b570    00000004     release_pem4.oem4 (.const:ti_sysbios_gates_GateMutex_Instance_State_sem__O)
                  2001b574    00000004     release_pem4.oem4 (.const:ti_sysbios_heaps_HeapMem_E_memory__C)
                  2001b578    00000004     release_pem4.oem4 (.const:ti_sysbios_heaps_HeapMem_Module__gateObj__C)
                  2001b57c    00000004     release_pem4.oem4 (.const:ti_sysbios_heaps_HeapMem_Object__count__C)
                  2001b580    00000004     release_pem4.oem4 (.const:ti_sysbios_heaps_HeapMem_primaryHeapBaseAddr__C)
                  2001b584    00000004     release_pem4.oem4 (.const:ti_sysbios_heaps_HeapMem_primaryHeapEndAddr__C)
                  2001b588    00000004     release_pem4.oem4 (.const:ti_sysbios_heaps_HeapMem_reqAlign__C)
                  2001b58c    00000004     release_pem4.oem4 (.const:ti_sysbios_knl_Clock_LM_begin__C)
                  2001b590    00000004     release_pem4.oem4 (.const:ti_sysbios_knl_Clock_LM_tick__C)
                  2001b594    00000004     release_pem4.oem4 (.const:ti_sysbios_knl_Clock_LW_delayed__C)
                  2001b598    00000004     release_pem4.oem4 (.const:ti_sysbios_knl_Clock_Module_State_clockQ__O)
                  2001b59c    00000004     release_pem4.oem4 (.const:ti_sysbios_knl_Clock_Module__diagsEnabled__C)
                  2001b5a0    00000004     release_pem4.oem4 (.const:ti_sysbios_knl_Clock_Module__diagsIncluded__C)
                  2001b5a4    00000004     release_pem4.oem4 (.const:ti_sysbios_knl_Clock_Module__diagsMask__C)
                  2001b5a8    00000004     release_pem4.oem4 (.const:ti_sysbios_knl_Clock_Module__loggerFxn1__C)
                  2001b5ac    00000004     release_pem4.oem4 (.const:ti_sysbios_knl_Clock_Module__loggerFxn2__C)
                  2001b5b0    00000004     release_pem4.oem4 (.const:ti_sysbios_knl_Clock_Module__loggerObj__C)
                  2001b5b4    00000004     release_pem4.oem4 (.const:ti_sysbios_knl_Clock_tickPeriod__C)
                  2001b5b8    00000004     release_pem4.oem4 (.const:ti_sysbios_knl_Mailbox_Instance_State_freeQue__O)
[...]
2001b43d  Capture_count                                                   
2001b43e  CryptoCC32XX_count                                              
2001b43f  Display_count                                                   
2001b440  I2C_count                                                       
2001b441  I2S_count                                                       
2001b442  PWM_count                                                       
2001b443  SDFatFS_count                                                   
2001b444  SD_count                                                        
2001b445  SDSPI_count                                                     
2001b446  SPI_count                                                       
2001b447  Timer_count                                                     
2001b448  UART_count                                                      
2001b449  Watchdog_count                                                  
2001b44a  ti_sysbios_family_arm_m3_TimestampProvider_configTimer__C       
2001b44c  I2C_config                                                      
2001b458  ti_sysbios_knl_Idle_funcList__A                                 
2001b464  ADC_defaultParams                                               
2001b46c  adcCC3220SHWAttrs                                               
2001b47c  outPinTypes                                                     
2001b484  pwmTimerCC3220SHWAttrs                                          
2001b494  ti_sysbios_family_arm_m3_Hwi_excHookFuncs__A                    
2001b49c  ti_sysbios_family_arm_m3_Hwi_hooks__C                           
2001b4a4  ti_sysbios_knl_Idle_funcList__C                                 
2001b4ac  ti_sysbios_knl_Swi_hooks__C                                     
2001b4b4  ti_sysbios_knl_Task_hooks__C                                    
2001b4c4  xdc_runtime_Startup_firstFxns__C                                
2001b4cc  xdc_runtime_Startup_lastFxns__C                                 
2001b4da  inPinTypes                                                      
2001b4e0  outPinStrengths                                                 
2001b4ea  ti_sysbios_heaps_HeapMem_Module__id__C                          
2001b4ec  ti_sysbios_family_arm_lm4_Timer_enableFunc__C                   
2001b4f0  ti_sysbios_family_arm_lm4_Timer_numTimerDevices__C              
2001b4f4  ti_sysbios_family_arm_lm4_Timer_startupNeeded__C                
2001b4f8  ti_sysbios_family_arm_m3_Hwi_E_NMI__C                           
2001b4fc  ti_sysbios_family_arm_m3_Hwi_E_alreadyDefined__C                
2001b500  ti_sysbios_family_arm_m3_Hwi_E_busFault__C                      
2001b504  ti_sysbios_family_arm_m3_Hwi_E_debugMon__C                      
2001b508  ti_sysbios_family_arm_m3_Hwi_E_hardFault__C                     
2001b50c  ti_sysbios_family_arm_m3_Hwi_E_memFault__C                      
2001b510  ti_sysbios_family_arm_m3_Hwi_E_noIsr__C                         
2001b514  ti_sysbios_family_arm_m3_Hwi_E_reserved__C                      
2001b518  ti_sysbios_family_arm_m3_Hwi_E_svCall__C                        
2001b51c  ti_sysbios_family_arm_m3_Hwi_E_usageFault__C                    
2001b520  ti_sysbios_family_arm_m3_Hwi_LD_end__C                          
2001b524  ti_sysbios_family_arm_m3_Hwi_LM_begin__C                        
2001b528  ti_sysbios_family_arm_m3_Hwi_Module__diagsEnabled__C            
2001b52c  ti_sysbios_family_arm_m3_Hwi_Module__diagsIncluded__C           
2001b530  ti_sysbios_family_arm_m3_Hwi_Module__diagsMask__C               
2001b534  ti_sysbios_family_arm_m3_Hwi_Module__loggerFxn1__C              
2001b538  ti_sysbios_family_arm_m3_Hwi_Module__loggerFxn8__C              
2001b53c  ti_sysbios_family_arm_m3_Hwi_Module__loggerObj__C               
2001b540  ti_sysbios_family_arm_m3_Hwi_NUM_INTERRUPTS__C                  
2001b544  ti_sysbios_family_arm_m3_Hwi_Object__count__C                   
2001b548  ti_sysbios_family_arm_m3_Hwi_Object__heap__C                    
2001b54c  ti_sysbios_family_arm_m3_Hwi_ccr__C                             
2001b550  ti_sysbios_family_arm_m3_Hwi_excHandlerFunc__C                  
2001b554  ti_sysbios_family_arm_m3_Hwi_excHookFuncs__C                    
2001b558  ti_sysbios_family_arm_m3_Hwi_nullIsrFunc__C                     
2001b55c  ti_sysbios_family_arm_m3_Hwi_priGroup__C                        
2001b560  ti_sysbios_family_arm_m3_Hwi_swiDisable__C                      
2001b564  ti_sysbios_family_arm_m3_Hwi_swiRestoreHwi__C                   
2001b568  ti_sysbios_family_arm_m3_Timer_E_cannotSupport__C               
2001b56c  ti_sysbios_family_arm_m3_Timer_startupNeeded__C                 
2001b570  ti_sysbios_gates_GateMutex_Instance_State_sem__O                
2001b574  ti_sysbios_heaps_HeapMem_E_memory__C                            
2001b578  ti_sysbios_heaps_HeapMem_Module__gateObj__C                     
2001b57c  ti_sysbios_heaps_HeapMem_Object__count__C                       
2001b580  ti_sysbios_heaps_HeapMem_primaryHeapBaseAddr__C                 
2001b584  ti_sysbios_heaps_HeapMem_primaryHeapEndAddr__C                  
2001b588  ti_sysbios_heaps_HeapMem_reqAlign__C                            
2001b58c  ti_sysbios_knl_Clock_LM_begin__C                                
2001b590  ti_sysbios_knl_Clock_LM_tick__C                                 
2001b594  ti_sysbios_knl_Clock_LW_delayed__C                              
2001b598  ti_sysbios_knl_Clock_Module_State_clockQ__O                     
2001b59c  ti_sysbios_knl_Clock_Module__diagsEnabled__C                    
2001b5a0  ti_sysbios_knl_Clock_Module__diagsIncluded__C                   
2001b5a4  ti_sysbios_knl_Clock_Module__diagsMask__C                       
2001b5a8  ti_sysbios_knl_Clock_Module__loggerFxn1__C                      
2001b5ac  ti_sysbios_knl_Clock_Module__loggerFxn2__C                      
2001b5b0  ti_sysbios_knl_Clock_Module__loggerObj__C                       
2001b5b4  ti_sysbios_knl_Clock_tickPeriod__C                              
2001b5b8  ti_sysbios_knl_Mailbox_Instance_State_freeQue__O                
2001b5bc  ti_sysbios_knl_Mailbox_Object__count__C                         
2001b5c0  ti_sysbios_knl_Mailbox_maxTypeAlign__C                          
2001b5c4  ti_sysbios_knl_Semaphore_Instance_State_pendQ__O                
2001b5c8  ti_sysbios_knl_Semaphore_LM_pend__C                             
2001b5cc  ti_sysbios_knl_Semaphore_LM_post__C                             
2001b5d0  ti_sysbios_knl_Semaphore_Module__diagsEnabled__C                
2001b5d4  ti_sysbios_knl_Semaphore_Module__diagsIncluded__C               
2001b5d8  ti_sysbios_knl_Semaphore_Module__diagsMask__C                   
2001b5dc  ti_sysbios_knl_Semaphore_Module__loggerFxn2__C                  
2001b5e0  ti_sysbios_knl_Semaphore_Module__loggerFxn4__C                  
2001b5e4  ti_sysbios_knl_Semaphore_Module__loggerObj__C                   
2001b5e8  ti_sysbios_knl_Swi_LD_end__C                                    
2001b5ec  ti_sysbios_knl_Swi_LM_begin__C                                  
2001b5f0  ti_sysbios_knl_Swi_LM_post__C                                   
2001b5f4  ti_sysbios_knl_Swi_Module__diagsEnabled__C                      
2001b5f8  ti_sysbios_knl_Swi_Module__diagsIncluded__C                     
2001b5fc  ti_sysbios_knl_Swi_Module__diagsMask__C                         
2001b600  ti_sysbios_knl_Swi_Module__loggerFxn1__C                        
2001b604  ti_sysbios_knl_Swi_Module__loggerFxn4__C                        
2001b608  ti_sysbios_knl_Swi_Module__loggerObj__C                         
2001b60c  ti_sysbios_knl_Swi_Object__count__C                             
2001b610  ti_sysbios_knl_Swi_numConstructedSwis__C                        
2001b614  ti_sysbios_knl_Task_E_deleteNotAllowed__C                       
2001b618  ti_sysbios_knl_Task_LD_block__C                                 
2001b61c  ti_sysbios_knl_Task_LD_exit__C                                  
2001b620  ti_sysbios_knl_Task_LD_ready__C                                 
2001b624  ti_sysbios_knl_Task_LM_sleep__C                                 
2001b628  ti_sysbios_knl_Task_LM_switch__C                                
2001b62c  ti_sysbios_knl_Task_Module_State_inactiveQ__O                   
2001b630  ti_sysbios_knl_Task_Module_State_terminatedQ__O                 
2001b634  ti_sysbios_knl_Task_Module__diagsEnabled__C                     
2001b638  ti_sysbios_knl_Task_Module__diagsIncluded__C                    
2001b63c  ti_sysbios_knl_Task_Module__diagsMask__C                        
2001b640  ti_sysbios_knl_Task_Module__loggerFxn2__C                       
2001b644  ti_sysbios_knl_Task_Module__loggerFxn4__C                       
2001b648  ti_sysbios_knl_Task_Module__loggerObj__C                        
2001b64c  ti_sysbios_knl_Task_Object__count__C                            
2001b650  ti_sysbios_knl_Task_Object__heap__C                             
2001b654  ti_sysbios_knl_Task_allBlockedFunc__C                           
2001b658  ti_sysbios_knl_Task_numConstructedTasks__C                      
2001b65c  ti_sysbios_utils_Load_LS_cpuLoad__C                             
2001b660  ti_sysbios_utils_Load_LS_hwiLoad__C                             
2001b664  ti_sysbios_utils_Load_LS_swiLoad__C                             
2001b668  ti_sysbios_utils_Load_LS_taskLoad__C                            
2001b66c  ti_sysbios_utils_Load_Module_State_taskList__O                  
2001b670  ti_sysbios_utils_Load_Module__diagsEnabled__C                   
2001b674  ti_sysbios_utils_Load_Module__diagsIncluded__C                  
2001b678  ti_sysbios_utils_Load_Module__diagsMask__C                      
2001b67c  ti_sysbios_utils_Load_Module__loggerFxn1__C                     
2001b680  ti_sysbios_utils_Load_Module__loggerFxn2__C                     
2001b684  ti_sysbios_utils_Load_Module__loggerFxn4__C                     
2001b688  ti_sysbios_utils_Load_Module__loggerObj__C                      
2001b68c  ti_sysbios_utils_Load_postUpdate__C                             
2001b690  ti_sysbios_utils_Load_windowInMs__C                             
2001b694  ti_uia_loggers_LoggerStopMode_Module__diagsEnabled__C           
2001b698  ti_uia_loggers_LoggerStopMode_Module__diagsIncluded__C          
2001b69c  ti_uia_loggers_LoggerStopMode_Module__diagsMask__C              
2001b6a0  ti_uia_loggers_LoggerStopMode_Object__count__C                  
2001b6a4  ti_uia_runtime_ILoggerSnapshot_Interface__BASE__C               
2001b6a8  ti_uia_runtime_IUIATransfer_Interface__BASE__C                  
2001b6ac  xdc_runtime_Assert_E_assertFailed__C                            
2001b6b0  xdc_runtime_Error_E_memory__C                                   
2001b6b4  xdc_runtime_Error_policyFxn__C                                  
2001b6b8  xdc_runtime_IFilterLogger_Interface__BASE__C                    
2001b6bc  xdc_runtime_IGateProvider_Interface__BASE__C                    
2001b6c0  xdc_runtime_IHeap_Interface__BASE__C                            
2001b6c4  xdc_runtime_ILogger_Interface__BASE__C                          
2001b6c8  xdc_runtime_IModule_Interface__BASE__C                          
2001b6cc  xdc_runtime_Memory_defaultHeapInstance__C                       
2001b6d0  xdc_runtime_Startup_execImpl__C                                 
2001b6d4  xdc_runtime_Startup_maxPasses__C                                
2001b6d8  xdc_runtime_Startup_sfxnRts__C                                  
2001b6dc  xdc_runtime_Startup_sfxnTab__C                                  
2001b6e0  xdc_runtime_SysMin_bufSize__C                                   
2001b6e4  xdc_runtime_System_Module__gateObj__C                           
2001b6e8  xdc_runtime_System_abortFxn__C                                  
2001b6ec  xdc_runtime_System_exitFxn__C                                   
2001b6f0  xdc_runtime_System_extendFxn__C                                 
2001b6f4  xdc_runtime_System_maxAtexitHandlers__C                         
2001b6f8  xdc_runtime_Text_charTab__C                                     
2001b6fc  xdc_runtime_Text_nameEmpty__C                                   
2001b700  xdc_runtime_Text_nameStatic__C                                  
2001b704  xdc_runtime_Text_nameUnknown__C                                 
2001b708  ti_sysbios_knl_Clock_Module__id__C                              
2001b70a  ti_sysbios_knl_Clock_Module__loggerDefined__C                   
2001b70c  ti_sysbios_knl_Semaphore_Module__id__C                          
2001b70e  ti_sysbios_knl_Semaphore_Module__loggerDefined__C               
2001b710  ti_sysbios_knl_Swi_Module__id__C                                
2001b712  ti_sysbios_knl_Swi_Module__loggerDefined__C                     
2001b714  ti_sysbios_knl_Task_Module__id__C                               
2001b716  ti_sysbios_knl_Task_Module__loggerDefined__C                    
2001b718  ti_sysbios_utils_Load_Module__id__C                             
2001b71a  ti_sysbios_utils_Load_Module__loggerDefined__C                  
2001b71c  ti_sysbios_utils_Load_autoAddTasks__C                           
2001b71e  ti_sysbios_utils_Load_updateInIdle__C                           
2001b720  ti_uia_loggers_LoggerStopMode_Module__id__C                     
2001b722  ti_uia_loggers_LoggerStopMode_isTimestampEnabled__C             
2001b724  xdc_runtime_Memory_Module__id__C                                
2001b726  xdc_runtime_Text_charCnt__C                                     
2001b728  xdc_runtime_Text_isLoaded__C                                    
2001b72a  xdc_runtime_Error_policy__C                                     
2001b72b  xdc_runtime_Text_charTab__A                                     
2001b72c  ti_sysbios_knl_Task_Object__table__V                            
2001b8bc  PowerCC32XX_module                                              
2001ba28  parkInfo                                                        
2001bb20  _ftable                                                         
2001bc10  ti_uia_loggers_LoggerStopMode_Object__table__V                  
2001bcac  ti_sysbios_utils_Load_Module__state__V                          
2001bd44  ti_sysbios_utils_Load_Module_State_0_taskEnv__A                 
2001bdd0  ti_sysbios_knl_Swi_Module_State_0_readyQ__A                     
2001be50  ti_sysbios_knl_Task_Module_State_0_readyQ__A                    
2001bed0  _device                                                         
2001bfbc  _stream                                                         
2001c00c  ti_sysbios_knl_Task_Module__state__V                            
2001c050  ti_sysbios_family_arm_lm4_Timer_Object__table__V                
2001c090  ti_sysbios_gates_GateMutex_Object__table__V                     
2001c0c8  ti_sysbios_family_arm_m3_Hwi_Module__state__V                   
2001c0fc  ti_sysbios_family_arm_m3_Hwi_Object__table__V                   
2001c12c  ti_sysbios_family_arm_m3_Timer_Object__table__V                 
2001c15c  ti_sysbios_knl_Swi_Object__table__V                             
2001c18c  ti_sysbios_knl_Clock_Module__state__V                           
2001c1b8  ti_sysbios_BIOS_Module__state__V                                
2001c1dc  ti_sysbios_family_arm_lm4_Timer_Module_State_0_device__A        
2001c1fc  xdc_runtime_Error_IgnoreBlock                                   
2001c21c  ti_sysbios_knl_Swi_Module__state__V                             
2001c238  ti_sysbios_heaps_HeapMem_Object__table__V                       
2001c250  ti_sysbios_knl_Semaphore_Object__table__V                       
2001c264  __TI_ft_end                                                     
2001c268  __aeabi_stdin                                                   
2001c26c  __aeabi_stdout                                                  
2001c270  __aeabi_stderr                                                  
2001c274  ti_sysbios_family_arm_lm4_Timer_Module_State_0_handles__A       
2001c284  __TI_cleanup_ptr                                                
2001c288  __TI_dtors_ptr                                                  
2001c28c  __TI_enable_exit_profile_output                                 
2001c290  gpioPinConfigs                                                  
2001c29c  ti_sysbios_family_arm_lm4_Timer_Module__state__V                
2001c2a8  ti_sysbios_family_arm_m3_Timer_Module__state__V                 
2001c2b4  ti_sysbios_knl_Task_Module__root__V                             
2001c2c0  ti_uia_runtime_QueueDescriptor_Module__state__V                 
2001c2cc  xdc_runtime_SysMin_Module__state__V                             
2001c2e2  ti_sysbios_family_arm_m3_Hwi_Module_State_0_excActive__A        
2001c2e4  _lock                                                           
2001c2e8  _unlock                                                         
2001c2ec  gpioCallbackFunctions                                           
2001c2fc  ti_uia_runtime_QueueDescriptor_gPtrToFirstDescriptor            
2001c300  ti_uia_runtime_QueueDescriptor_gUpdateCount                     
2001c304  ti_sysbios_family_arm_m3_Hwi_Module__root__V                    
2001c30c  ti_sysbios_gates_GateHwi_Module__root__V                        
2001c314  ti_sysbios_gates_GateMutex_Module__root__V                      
2001c31c  ti_sysbios_hal_Timer_Object__table__V                           
2001c324  ti_sysbios_heaps_HeapMem_Module__root__V                        
2001c32c  ti_sysbios_knl_Clock_Module__root__V                            
2001c334  ti_sysbios_knl_Queue_Module__root__V                            
2001c33c  ti_sysbios_knl_Semaphore_Module__root__V                        
2001c344  ti_uia_loggers_LoggerStopMode_Module__root__V                   
2001c34c  xdc_runtime_Startup_Module__state__V                            
2001c354  xdc_runtime_System_Module_State_0_atexitHandlers__A             
2001c35c  xdc_runtime_System_Module__state__V                             
2001c364  errno                                                           
2001c370  main_func_sp                                                    
2001c374  ti_sysbios_family_arm_m3_Hwi_Module_State_0_excContext__A       
2001c378  ti_sysbios_family_arm_m3_Hwi_Module_State_0_excStack__A         
2001c37c  ti_sysbios_family_arm_m3_TimestampProvider_Module__state__V     
2001c380  ti_sysbios_gates_GateHwi_Object__table__V                       
2001c384  ti_sysbios_knl_Task_Module_State_0_idleTask__A                  
2001c388  ti_sysbios_rts_ti_ReentSupport_Module__state__V                 
2001c38c  ti_sysbios_utils_Load_Module_State_0_runningTask__A             
2001c390  ti_sysbios_utils_Load_Module_State_0_taskStartTime__A           
2001c394  xdc_runtime_Memory_Module__state__V                             
2001c3a0  __TI_static_base__                                              
2001c778  __TI_Handler_Table_Base                                         
2001c784  __TI_Handler_Table_Limit                                        
2001c790  __TI_CINIT_Base                                                 
2001c7a0  __TI_CINIT_Limit                                                
e000e000  ti_sysbios_family_arm_m3_Hwi_nvic                               
ffffffff  __TI_pprof_out_hndl                                             
ffffffff  __TI_prof_data_size                                             
ffffffff  __TI_prof_data_start                                            
ffffffff  __binit__                                                       
ffffffff  __c_args__                                                      
ffffffff  binit                                                           
UNDEFED   SHT$$INIT_ARRAY$$Base                                           
UNDEFED   SHT$$INIT_ARRAY$$Limit                                          

[942 symbols]
