******************************************************************************
                  TI ARM Linker PC v16.9.3                     
******************************************************************************
>> Linked Sat Nov 11 01:36:07 2017

OUTPUT FILE NAME:   <Lab_1_blink_IDLE_CC3220S_LAUNCHXL_tirtos_ccs.out>
ENTRY POINT SYMBOL: "_c_int00"  address: 20010869


MEMORY CONFIGURATION

         name            origin    length      used     unused   attr    fill
----------------------  --------  ---------  --------  --------  ----  --------
  SRAM0                 20000000   00004000  0000070c  000038f4  RW X
  SRAM                  20004000   0003c000  0001007d  0002bf83  RW X


SEGMENT ALLOCATION MAP

run origin  load origin   length   init length attrs members
----------  ----------- ---------- ----------- ----- -------
20003c00    20003c00    00000400   00000000    rw-
  20003c00    20003c00    00000400   00000000    rw- .stack
20004000    20004000    00008040   0000003c    r--
  20004000    20004000    0000003c   0000003c    r-- .resetVecs
  20004040    20004040    00008000   00000000    r-- .priheap
2000c040    2000c040    00005b42   00005b42    r-x
  2000c040    2000c040    00005b42   00005b42    r-x .text
20011c00    20011c00    00001230   00000000    rw-
  20011c00    20011c00    00001230   00000000    rw- .bss
20012e30    20012e30    0000087f   0000087f    r--
  20012e30    20012e30    0000087f   0000087f    r-- .const
200136b0    200136b0    00000798   00000000    rw-
  200136b0    200136b0    00000798   00000000    rw- .data
20013e48    20013e48    000002b8   000002b8    r--
  20013e48    20013e48    000002b8   000002b8    r-- .cinit


SECTION ALLOCATION MAP

 output                                  attributes/
section   page    origin      length       input sections
--------  ----  ----------  ----------   ----------------
.vecs      0    20000000    0000030c     NOLOAD SECTION
                  20000000    0000030c     release_pem4.oem4 (.vecs)

.stack     0    20003c00    00000400     UNINITIALIZED
                  20003c00    00000400     --HOLE--

.resetVecs 
*          0    20004000    0000003c     
                  20004000    0000003c     release_pem4.oem4 (.resetVecs)

.priheap   0    20004040    00008000     UNINITIALIZED
                  20004040    00008000     --HOLE--

.text      0    2000c040    00005b42     
                  2000c040    0000042c     driverlib.a : prcm.obj (.text:PRCMCC3200MCUInit)
                  2000c46c    000001f4     rtsv7M4_T_le_eabi.lib : ull_div_t2.obj (.text)
                  2000c660    000001cc     drivers_cc32xx.aem4 : GPIOCC32XX.oem4 (.text:GPIO_setConfig)
                  2000c82c    000001b4     dpl_cc32xx.aem4 : PowerCC32XX_tirtos.oem4 (.text:PowerCC32XX_sleepPolicy)
                  2000c9e0    00000188     sysbios.aem4 : BIOS.obj (.text:ti_sysbios_family_arm_m3_Hwi_dispatchC__I)
                  2000cb68    0000017c                  : BIOS.obj (.text:ti_sysbios_knl_Semaphore_pend__E)
                  2000cce4    00000004     dpl_cc32xx.aem4 : HwiP_tirtos.oem4 (.text:HwiP_disable)
                  2000cce8    00000170     sysbios.aem4 : BIOS.obj (.text:ti_sysbios_knl_Swi_run__I)
                  2000ce58    00000170                  : BIOS.obj (.text:ti_sysbios_knl_Task_Instance_finalize__E)
                  2000cfc8    00000160                  : BIOS.obj (.text:ti_sysbios_utils_Load_logLoads__I)
                  2000d128    00000150     drivers_cc32xx.aem4 : PowerCC32XX.oem4 (.text:parkPins)
                  2000d278    0000013c     sysbios.aem4 : BIOS.obj (.text:ti_sysbios_knl_Clock_workFunc__E)
                  2000d3b4    00000138     release_pem4.oem4 (.text:ti_uia_loggers_LoggerStopMode_writeMemoryRange__E)
                  2000d4ec    00000004     drivers_cc32xx.aem4 : List.oem4 (.text:List_head)
                  2000d4f0    00000120     sysbios.aem4 : BIOS.obj (.text:ti_sysbios_knl_Task_postInit__I)
                  2000d610    0000011c                  : BIOS.obj (.text:xdc_runtime_Startup_startMods__I)
                  2000d72c    00000118     drivers_cc32xx.aem4 : PowerCC32XX.oem4 (.text:Power_sleep)
                  2000d844    00000004                         : List.oem4 (.text:List_next)
                  2000d848    0000010c     sysbios.aem4 : BIOS.obj (.text:ti_sysbios_family_arm_m3_Hwi_postInit__I)
                  2000d954    00000004     dpl_cc32xx.aem4 : SemaphoreP_tirtos.oem4 (.text:SemaphoreP_post)
                  2000d958    0000010c     sysbios.aem4 : BIOS.obj (.text:ti_sysbios_knl_Task_sleep__E)
                  2000da64    0000010c     release_pem4.oem4 (.text:ti_uia_loggers_LoggerStopMode_write8__E)
                  2000db70    00000108     sysbios.aem4 : BIOS.obj (.text:ti_sysbios_knl_Task_schedule__I)
                  2000dc78    000000fc                  : BIOS.obj (.text:ti_sysbios_knl_Task_startCore__E)
                  2000dd74    000000f4     release_pem4.oem4 (.text:ti_uia_loggers_LoggerStopMode_write4__E)
                  2000de68    000000f0     sysbios.aem4 : BIOS.obj (.text:ti_sysbios_knl_Task_exit__E)
                  2000df58    000000e8     release_pem4.oem4 (.text:ti_uia_loggers_LoggerStopMode_write1__E)
                  2000e040    000000e8     release_pem4.oem4 (.text:ti_uia_loggers_LoggerStopMode_write2__E)
                  2000e128    000000dc     sysbios.aem4 : BIOS.obj (.text:ti_sysbios_family_arm_m3_Hwi_Instance_init__E)
                  2000e204    00000004     release_pem4.oem4 (.text:ti_sysbios_BIOS_RtsGateProxy_enter__E)
                  2000e208    000000d8     sysbios.aem4 : BIOS.obj (.text:ti_sysbios_knl_Swi_post__E)
                  2000e2e0    000000d8     release_pem4.oem4 (.text:ti_uia_loggers_LoggerStopMode_write0__E)
                  2000e3b8    000000d0     sysbios.aem4 : BIOS.obj (.text:ti_sysbios_heaps_HeapMem_alloc__E)
                  2000e488    000000cc                  : m3_Hwi_asm.obj (.text:ti_sysbios_family_arm_m3_Hwi_dispatch__I)
                  2000e554    00000004     release_pem4.oem4 (.text:ti_sysbios_BIOS_RtsGateProxy_leave__E)
                  2000e558    000000cc     sysbios.aem4 : BIOS.obj (.text:ti_sysbios_utils_Load_updateThreadContexts__E)
                  2000e624    000000c4     drivers_cc32xx.aem4 : GPIOCC32XX.oem4 (.text:GPIO_init)
                  2000e6e8    000000c4     sysbios.aem4 : BIOS.obj (.text:ti_sysbios_knl_Semaphore_post__E)
                  2000e7ac    00000004     release_pem4.oem4 (.text:ti_sysbios_family_arm_m3_TaskSupport_Module__startupDone__S)
                  2000e7b0    000000bc     sysbios.aem4 : BIOS.obj (.text:xdc_runtime_Core_createObject__I)
                  2000e86c    00000004     release_pem4.oem4 (.text:ti_sysbios_heaps_HeapMem_Module_GateProxy_enter__E)
                  2000e870    000000b8     sysbios.aem4 : BIOS.obj (.text:ti_sysbios_knl_Task_unblockI__E)
                  2000e928    000000b4     drivers_cc32xx.aem4 : PowerCC32XX.oem4 (.text:restoreParkedPins)
                  2000e9dc    00000004     release_pem4.oem4 (.text:ti_sysbios_heaps_HeapMem_Module_GateProxy_leave__E)
                  2000e9e0    000000b0     sysbios.aem4 : BIOS.obj (.text:ti_sysbios_utils_Load_updateLoads__E)
                  2000ea90    000000a8     drivers_cc32xx.aem4 : PowerCC32XX.oem4 (.text:PowerCC32XX_configureWakeup)
                  2000eb38    000000a8     sysbios.aem4 : BIOS.obj (.text:ti_sysbios_knl_Task_blockI__E)
                  2000ebe0    000000a0     auto_init.aem4 : auto_init.oem4 (.text)
                  2000ec80    0000009c     rtsv7M4_T_le_eabi.lib : memcpy_t2.obj (.text)
                  2000ed1c    00000098     drivers_cc32xx.aem4 : GPIOCC32XX.oem4 (.text:powerNotifyFxn)
                  2000edb4    00000004     release_pem4.oem4 (.text:ti_sysbios_knl_Clock_TimerProxy_getMaxTicks__E)
                  2000edb8    00000094     sysbios.aem4 : BIOS.obj (.text:ti_sysbios_family_arm_m3_Hwi_Instance_finalize__E)
                  2000ee4c    00000090     drivers_cc32xx.aem4 : PowerCC32XX.oem4 (.text:restoreNVICRegs)
                  2000eedc    00000004     release_pem4.oem4 (.text:ti_sysbios_knl_Clock_TimerProxy_setPeriodMicroSecs__E)
                  2000eee0    00000090     sysbios.aem4 : BIOS.obj (.text:ti_sysbios_knl_Swi_postInit__I)
                  2000ef70    00000090                  : BIOS.obj (.text:ti_sysbios_knl_Task_Module_startup__E)
                  2000f000    00000090     ti.uia.loggers.aem4 : LoggerStopMode.oem4 (.text:ti_uia_loggers_LoggerStopMode_initQueueDescriptor__E)
                  2000f090    0000008c     sysbios.aem4 : BIOS.obj (.text:ti_sysbios_utils_Load_updateCurrentThreadTime__E)
                  2000f11c    00000004     release_pem4.oem4 (.text:ti_sysbios_knl_Clock_TimerProxy_start__E)
                  2000f120    00000088     sysbios.aem4 : BIOS.obj (.text:ti_sysbios_family_arm_m3_Hwi_initNVIC__E)
                  2000f1a8    00000088                  : BIOS.obj (.text:ti_sysbios_knl_Mailbox_Module_startup__E)
                  2000f230    00000088                  : BIOS.obj (.text:xdc_runtime_Memory_alloc__E)
                  2000f2b8    00000084     drivers_cc32xx.aem4 : PowerCC32XX.oem4 (.text:saveNVICRegs)
                  2000f33c    00000004     release_pem4.oem4 (.text:ti_sysbios_knl_Clock_TimerProxy_stop__E)
                  2000f340    00000084     sysbios.aem4 : BIOS.obj (.text:ti_sysbios_heaps_HeapMem_free__E)
                  2000f3c4    00000004     release_pem4.oem4 (.text:ti_sysbios_knl_Semaphore_delete)
                  2000f3c8    00000084     sysbios.aem4 : BIOS.obj (.text:xdc_runtime_Core_constructObject__I)
                  2000f44c    00000004     release_pem4.oem4 (.text:ti_sysbios_knl_Task_delete)
                  2000f450    00000080     sysbios.aem4 : BIOS.obj (.text:ti_sysbios_family_arm_m3_TimestampProvider_get64__E)
                  2000f4d0    00000080                  : BIOS.obj (.text:ti_sysbios_knl_Swi_Module_startup__E)
                  2000f550    0000007c                  : BIOS.obj (.text:xdc_runtime_Core_deleteObject__I)
                  2000f5cc    0000007a     rtsv7M4_T_le_eabi.lib : memset_t2.obj (.text)
                  2000f646    00000002     release_pem4.oem4 (.text:ti_sysbios_BIOS_nullFunc__I)
                  2000f648    00000078     drivers_cc32xx.aem4 : GPIOCC32XX.oem4 (.text:GPIO_hwiIntFxn)
                  2000f6c0    00000078                         : PowerCC32XX.oem4 (.text:Power_init)
                  2000f738    00000078     sysbios.aem4 : BIOS.obj (.text:ti_sysbios_utils_Load_taskCreateHook__E)
                  2000f7b0    00000074                  : BIOS.obj (.text:ti_sysbios_family_arm_m3_Hwi_Module_startup__E)
                  2000f824    00000074     ti.uia.runtime.aem4 : QueueDescriptor.oem4 (.text:ti_uia_runtime_QueueDescriptor_addToList__E)
                  2000f898    00000070     sysbios.aem4 : BIOS.obj (.text:ti_sysbios_heaps_HeapMem_initPrimary__I)
                  2000f908    0000006c                  : BIOS.obj (.text:ti_sysbios_knl_Swi_restoreHwi__E)
                  2000f974    00000068     drivers_cc32xx.aem4 : PowerCC32XX.oem4 (.text:PowerCC32XX_setParkState)
                  2000f9dc    00000068     rtsv7M4_T_le_eabi.lib : copy_decompress_lzss.obj (.text:decompress:lzss)
                  2000fa44    00000004     ti.uia.loggers.aem4 : LoggerStopMode.oem4 (.text:ti_uia_loggers_LoggerStopMode_getContents__E)
                  2000fa48    00000068     sysbios.aem4 : BIOS.obj (.text:ti_sysbios_utils_Load_addTask__E)
                  2000fab0    00000066     ti.uia.loggers.aem4 : LoggerStopMode.oem4 (.text:ti_uia_loggers_LoggerStopMode_flush__E)
                  2000fb16    00000002     release_pem4.oem4 (.text:ti_uia_loggers_LoggerStopMode_setFilterLevel__E)
                  2000fb18    00000064     drivers_cc32xx.aem4 : GPIOCC32XX.oem4 (.text:GPIO_toggle)
                  2000fb7c    00000004     release_pem4.oem4 (.text:ti_uia_loggers_LoggerStopMode_getFilterLevel__E)
                  2000fb80    00000064     sysbios.aem4 : BIOS.obj (.text:ti_sysbios_utils_Load_idleFxn__E)
                  2000fbe4    00000060     driverlib.a : prcm.obj (.text:PRCMSysResetCauseGet)
                  2000fc44    00000004     ti.uia.loggers.aem4 : LoggerStopMode.oem4 (.text:ti_uia_loggers_LoggerStopMode_getInstanceId__E)
                  2000fc48    00000060     sysbios.aem4 : BIOS.obj (.text:ti_sysbios_family_arm_m3_TimestampProvider_get32__E)
                  2000fca8    00000060                  : BIOS.obj (.text:ti_sysbios_knl_Clock_logTick__E)
                  2000fd08    00000060                  : BIOS.obj (.text:ti_sysbios_utils_Load_logCPULoad__I)
                  2000fd68    00000060                  : BIOS.obj (.text:xdc_runtime_Assert_raise__I)
                  2000fdc8    0000005c     drivers_cc32xx.aem4 : PowerCC32XX.oem4 (.text:Power_setDependency)
                  2000fe24    00000004     ti.uia.loggers.aem4 : LoggerStopMode.oem4 (.text:ti_uia_loggers_LoggerStopMode_getMaxLength__E)
                  2000fe28    0000005c     sysbios.aem4 : BIOS.obj (.text:ti_sysbios_family_arm_m3_Timer_setPeriod__E)
                  2000fe84    00000004     ti.uia.loggers.aem4 : LoggerStopMode.oem4 (.text:ti_uia_loggers_LoggerStopMode_getPriority__E)
                  2000fe88    0000005c     sysbios.aem4 : BIOS.obj (.text:ti_sysbios_family_arm_m3_Timer_start__E)
                  2000fee4    00000004     ti.uia.loggers.aem4 : LoggerStopMode.oem4 (.text:ti_uia_loggers_LoggerStopMode_getTransferType__E)
                  2000fee8    0000005c     sysbios.aem4 : BIOS.obj (.text:ti_sysbios_knl_Swi_schedule__I)
                  2000ff44    00000004     release_pem4.oem4 (.text:xdc_runtime_System_Module_GateProxy_enter__E)
                  2000ff48    0000005c     sysbios.aem4 : BIOS.obj (.text:xdc_runtime_Startup_exec__E)
                  2000ffa4    00000058     drivers_cc32xx.aem4 : GPIOCC32XX.oem4 (.text:GPIO_setCallback)
                  2000fffc    00000058     driverlib.a : prcm.obj (.text:PRCMPeripheralReset)
                  20010054    00000054     release_pem4.oem4 (.text:ti_sysbios_family_arm_m3_Hwi_create)
                  200100a8    00000054     release_pem4.oem4 (.text:ti_sysbios_utils_Load_hwiBeginHook__E)
                  200100fc    00000004     release_pem4.oem4 (.text:xdc_runtime_System_Module_GateProxy_leave__E)
                  20010100    00000054     sysbios.aem4 : BIOS.obj (.text:ti_sysbios_utils_Load_taskSwitchHook__E)
                  20010154    00000002     ti.uia.loggers.aem4 : LoggerStopMode.oem4 (.text:ti_uia_loggers_LoggerStopMode_setPriority__E)
                  20010156    00000002     release_pem4.oem4 (.text:xdc_runtime_Startup_reset__I)
                  20010158    00000054     sysbios.aem4 : BIOS.obj (.text:xdc_runtime_Core_assignLabel__I)
                  200101ac    00000052     drivers_cc32xx.aem4 : PowerCC32XX.oem4 (.text:PowerCC32XX_parkPin)
                  200101fe    00000052                         : PowerCC32XX_asm.oem4 (.text:PowerCC32XX_resumeLPDS)
                  20010250    00000050     sysbios.aem4 : BIOS.obj (.text:ti_sysbios_utils_Load_taskDeleteHook__E)
                  200102a0    0000004c     drivers_cc32xx.aem4 : GPIOCC32XX.oem4 (.text:GPIO_enableInt)
                  200102ec    0000004c                         : PowerCC32XX.oem4 (.text:restorePeriphClocks)
                  20010338    0000004c     rtsv7M4_T_le_eabi.lib : cpy_tbl.obj (.text)
                  20010384    0000004c     sysbios.aem4 : m3_TaskSupport_asm.obj (.text:ti_sysbios_family_arm_m3_TaskSupport_buildTaskStack)
                  200103d0    0000004c                  : BIOS.obj (.text:ti_sysbios_family_arm_m3_Timer_setPeriodMicroSecs__E)
                  2001041c    00000004     --HOLE-- [fill = 0]
                  20010420    0000004c                  : BIOS.obj (.text:ti_sysbios_heaps_HeapMem_getStats__E)
                  2001046c    00000004     --HOLE-- [fill = 0]
                  20010470    0000004c                  : BIOS.obj (.text:ti_sysbios_knl_Swi_runLoop__I)
                  200104bc    00000004     --HOLE-- [fill = 0]
                  200104c0    0000004c                  : BIOS.obj (.text:ti_sysbios_knl_Task_allBlockedFunction__I)
                  2001050c    0000004c     ti.uia.loggers.aem4 : LoggerStopMode.oem4 (.text:ti_uia_loggers_LoggerStopMode_Module_startup__E)
                  20010558    00000048     driverlib.a : flash.obj (.text:FlashDisable)
                  200105a0    00000048                 : prcm.obj (.text:PRCMLPDSEnter)
                  200105e8    00000048                 : prcm.obj (.text:PRCMPeripheralClkEnable)
                  20010630    00000048     sysbios.aem4 : BIOS.obj (.text:ti_sysbios_family_arm_m3_Hwi_disableInterrupt__E)
                  20010678    00000048                  : BIOS.obj (.text:ti_sysbios_family_arm_m3_Hwi_enableInterrupt__E)
                  200106c0    00000048                  : m3_Hwi_asm_switch.obj (.text:ti_sysbios_family_arm_m3_Hwi_initStacks__E)
                  20010708    00000048                  : BIOS.obj (.text:ti_sysbios_family_arm_m3_Timer_initDevice__I)
                  20010750    00000048                  : BIOS.obj (.text:ti_sysbios_knl_Task_deleteTerminatedTasksFunc__I)
                  20010798    00000046                  : BIOS.obj (.text:xdc_runtime_Core_assignParams__I)
                  200107de    00000002     --HOLE-- [fill = 0]
                  200107e0    00000044     driverlib.a : prcm.obj (.text:PRCMLPDSRestoreInfoSet)
                  20010824    00000044     drivers_cc32xx.aem4 : PowerCC32XX_asm.oem4 (.text:PowerCC32XX_enterLPDS)
                  20010868    00000044     boot.aem4 : boot.oem4 (.text)
                  200108ac    00000044     drivers_cc32xx.aem4 : PowerCC32XX.oem4 (.text:notify)
                  200108f0    00000044     sysbios.aem4 : BIOS.obj (.text:ti_sysbios_family_arm_m3_Hwi_getStackInfo__E)
                  20010934    00000004     --HOLE-- [fill = 0]
                  20010938    00000044                  : BIOS.obj (.text:ti_sysbios_utils_Load_removeTask__E)
                  2001097c    00000004     --HOLE-- [fill = 0]
                  20010980    00000044                  : BIOS.obj (.text:ti_sysbios_utils_Load_swiBeginHook__E)
                  200109c4    00000044     ti.uia.loggers.aem4 : LoggerStopMode.oem4 (.text:ti_uia_loggers_LoggerStopMode_initBuffer__I)
                  20010a08    00000044     sysbios.aem4 : BIOS.obj (.text:xdc_runtime_System_atexit__E)
                  20010a4c    00000040     dpl_cc32xx.aem4 : HwiP_tirtos.oem4 (.text:HwiP_create)
                  20010a8c    00000040     driverlib.a : pin.obj (.text:PinModeSet)
                  20010acc    00000004     --HOLE-- [fill = 0]
                  20010ad0    00000040     sysbios.aem4 : BIOS.obj (.text:ti_sysbios_family_arm_m3_Timer_Module_startup__E)
                  20010b10    00000040                  : BIOS.obj (.text:ti_sysbios_heaps_HeapMem_Instance_init__E)
                  20010b50    0000003c     drivers_cc32xx.aem4 : PowerCC32XX.oem4 (.text:Power_setConstraint)
                  20010b8c    0000003c     dpl_cc32xx.aem4 : PowerCC32XX_tirtos.oem4 (.text:getCountsRTC)
                  20010bc8    0000003c     sysbios.aem4 : BIOS.obj (.text:ti_sysbios_knl_Clock_walkQueuePeriodic__E)
                  20010c04    00000004     --HOLE-- [fill = 0]
                  20010c08    0000003c                  : BIOS.obj (.text:ti_sysbios_knl_Swi_restore__E)
                  20010c44    00000004     --HOLE-- [fill = 0]
                  20010c48    0000003c                  : BIOS.obj (.text:ti_sysbios_utils_Load_hwiEndHook__E)
                  20010c84    00000004     --HOLE-- [fill = 0]
                  20010c88    0000003c                  : BIOS.obj (.text:xdc_runtime_System_processAtExit__E)
                  20010cc4    00000038     driverlib.a : prcm.obj (.text:PRCMLPDSEnterKeepDebugIf)
                  20010cfc    00000004     --HOLE-- [fill = 0]
                  20010d00    00000038     sysbios.aem4 : BIOS.obj (.text:ti_sysbios_knl_Task_processVitalTaskFlag__I)
                  20010d38    00000036     drivers_cc32xx.aem4 : PowerCC32XX.oem4 (.text:PowerCC32XX_restoreParkedPin)
                  20010d6e    00000002     --HOLE-- [fill = 0]
                  20010d70    00000034     driverlib.a : pin.obj (.text:PinModeGet)
                  20010da4    00000034     release_pem4.oem4 (.text:ti_sysbios_BIOS_startFunc__I)
                  20010dd8    00000034     sysbios.aem4 : BIOS.obj (.text:ti_sysbios_family_arm_m3_Timer_periodicStub__I)
                  20010e0c    00000034     release_pem4.oem4 (.text:ti_sysbios_knl_Semaphore_create)
                  20010e40    00000034     sysbios.aem4 : BIOS.obj (.text:ti_sysbios_utils_Load_startup__E)
                  20010e74    00000004     --HOLE-- [fill = 0]
                  20010e78    00000034                  : BIOS.obj (.text:ti_sysbios_utils_Load_swiEndHook__E)
                  20010eac    00000034     ti.uia.loggers.aem4 : LoggerStopMode.oem4 (.text:ti_uia_loggers_LoggerStopMode_reset__E)
                  20010ee0    00000032     sysbios.aem4 : BIOS.obj (.text:ti_sysbios_hal_Hwi_initStack)
                  20010f12    00000006     driverlib.a : utils.obj (.text:UtilsDelay)
                  20010f18    00000032     sysbios.aem4 : BIOS.obj (.text:ti_sysbios_knl_Semaphore_pendTimeout__I)
                  20010f4a    00000002     --HOLE-- [fill = 0]
                  20010f4c    00000030     release_pem4.oem4 (.text:ti_sysbios_BIOS_atExitFunc__I)
                  20010f7c    00000004     --HOLE-- [fill = 0]
                  20010f80    00000030     sysbios.aem4 : BIOS.obj (.text:ti_sysbios_family_arm_m3_TaskSupport_start__E)
                  20010fb0    00000030     release_pem4.oem4 (.text:ti_sysbios_gates_GateHwi_Object__create__S)
                  20010fe0    00000030     release_pem4.oem4 (.text:ti_sysbios_gates_GateMutex_Object__create__S)
                  20011010    00000030     sysbios.aem4 : BIOS.obj (.text:ti_sysbios_gates_GateMutex_enter__E)
                  20011040    00000030     release_pem4.oem4 (.text:ti_sysbios_heaps_HeapMem_Object__create__S)
                  20011070    00000030     release_pem4.oem4 (.text:ti_sysbios_knl_Semaphore_construct)
                  200110a0    00000030     release_pem4.oem4 (.text:ti_uia_loggers_LoggerStopMode_Object__create__S)
                  200110d0    0000002c     dpl_cc32xx.aem4 : SemaphoreP_tirtos.oem4 (.text:SemaphoreP_createBinary)
                  200110fc    0000002c     release_pem4.oem4 (.text:ti_sysbios_knl_Clock_doTick__I)
                  20011128    0000002c     release_pem4.oem4 (.text:ti_sysbios_knl_Queue_construct)
                  20011154    00000004     --HOLE-- [fill = 0]
                  20011158    0000002c     sysbios.aem4 : BIOS.obj (.text:ti_sysbios_knl_Task_restore__E)
                  20011184    00000028     driverlib.a : prcm.obj (.text:PRCMPeripheralClkDisable)
                  200111ac    00000028     dpl_cc32xx.aem4 : PowerCC32XX_tirtos.oem4 (.text:PowerCC32XX_initPolicy)
                  200111d4    00000028     drivers_cc32xx.aem4 : PowerCC32XX.oem4 (.text:Power_registerNotify)
                  200111fc    00000026                         : List.oem4 (.text:List_put)
                  20011222    00000002     --HOLE-- [fill = 0]
                  20011224    00000024     release_pem4.oem4 (.text:ti_sysbios_BIOS_registerRTSLock__I)
                  20011248    00000024     release_pem4.oem4 (.text:ti_sysbios_BIOS_removeRTSLock__I)
                  2001126c    00000004     --HOLE-- [fill = 0]
                  20011270    00000024     sysbios.aem4 : BIOS.obj (.text:ti_sysbios_family_arm_m3_Timer_startup__E)
                  20011294    00000024     release_pem4.oem4 (.text:ti_sysbios_gates_GateMutex_Object__delete__S)
                  200112b8    00000024     sysbios.aem4 : BIOS.obj (.text:ti_sysbios_knl_Clock_Module_startup__E)
                  200112dc    00000004     --HOLE-- [fill = 0]
                  200112e0    00000024                  : BIOS.obj (.text:ti_sysbios_knl_Semaphore_Instance_init__E)
                  20011304    00000024     release_pem4.oem4 (.text:ti_sysbios_knl_Semaphore_Object__delete__S)
                  20011328    00000024     sysbios.aem4 : BIOS.obj (.text:ti_sysbios_knl_Task_restoreHwi__E)
                  2001134c    00000004     --HOLE-- [fill = 0]
                  20011350    00000024                  : BIOS.obj (.text:xdc_runtime_Error_policyMin__E)
                  20011374    00000004     --HOLE-- [fill = 0]
                  20011378    00000020                  : BIOS.obj (.text:sleep)
                  20011398    00000020     release_pem4.oem4 (.text:ti_sysbios_BIOS_rtsLock__I)
                  200113b8    00000020     sysbios.aem4 : m3_Hwi_asm.obj (.text:ti_sysbios_family_arm_m3_Hwi_excHandlerAsm__I)
                  200113d8    00000020                  : BIOS.obj (.text:ti_sysbios_family_arm_m3_Hwi_excHandler__I)
                  200113f8    00000020                  : BIOS.obj (.text:ti_sysbios_family_arm_m3_TimestampProvider_Module_startup__E)
                  20011418    00000020     release_pem4.oem4 (.text:ti_sysbios_gates_GateHwi_Object__delete__S)
                  20011438    00000020     release_pem4.oem4 (.text:ti_sysbios_heaps_HeapMem_Object__delete__S)
                  20011458    00000020     sysbios.aem4 : BIOS.obj (.text:ti_sysbios_knl_Idle_run__E)
                  20011478    00000020     release_pem4.oem4 (.text:ti_sysbios_knl_Semaphore_destruct)
                  20011498    00000020     release_pem4.oem4 (.text:ti_sysbios_knl_Task_Object__delete__S)
                  200114b8    00000020     release_pem4.oem4 (.text:ti_uia_loggers_LoggerStopMode_Object__delete__S)
                  200114d8    0000001e     sysbios.aem4 : m3_Hwi_asm_switch.obj (.text:ti_sysbios_family_xxx_Hwi_switchAndRunFunc)
                  200114f6    00000002     --HOLE-- [fill = 0]
                  200114f8    0000001c     driverlib.a : pin.obj (.text:PinToPadGet)
                  20011514    00000004     --HOLE-- [fill = 0]
                  20011518    0000001c     sysbios.aem4 : BIOS.obj (.text:ti_sysbios_family_arm_m3_Timer_stop__E)
                  20011534    00000004     --HOLE-- [fill = 0]
                  20011538    0000001c                  : BIOS.obj (.text:ti_sysbios_gates_GateMutex_Instance_init__E)
                  20011554    0000001c     release_pem4.oem4 (.text:ti_sysbios_knl_Queue_destruct)
                  20011570    0000001c     sysbios.aem4 : BIOS.obj (.text:ti_sysbios_knl_Queue_put__E)
                  2001158c    00000004     --HOLE-- [fill = 0]
                  20011590    0000001c                  : BIOS.obj (.text:ti_sysbios_knl_Task_enter__I)
                  200115ac    0000001c     ti.uia.loggers.aem4 : LoggerStopMode.oem4 (.text:ti_uia_loggers_LoggerStopMode_Instance_init__E)
                  200115c8    0000001a     sysbios.aem4 : m3_Hwi_asm.obj (.text:ti_sysbios_family_arm_m3_Hwi_pendSV__I)
                  200115e2    00000006     --HOLE-- [fill = 0]
                  200115e8    0000001a                  : BIOS.obj (.text:ti_sysbios_knl_Task_sleepTimeout__I)
                  20011602    00000002     --HOLE-- [fill = 0]
                  20011604    00000018     drivers_cc32xx.aem4 : PowerCC32XX.oem4 (.text:Power_idleFunc)
                  2001161c    00000018     rtsv7M4_T_le_eabi.lib : args_main.obj (.text)
                  20011634    00000018                           : ll_mul_t2.obj (.text)
                  2001164c    00000018     release_pem4.oem4 (.text:ti_sysbios_BIOS_rtsUnlock__I)
                  20011664    00000018     release_pem4.oem4 (.text:ti_sysbios_family_arm_m3_Hwi_Module__startupDone__F)
                  2001167c    00000018     release_pem4.oem4 (.text:ti_sysbios_family_arm_m3_Timer_Module__startupDone__F)
                  20011694    00000018     release_pem4.oem4 (.text:ti_sysbios_gates_GateHwi_Handle__label__S)
                  200116ac    00000018     release_pem4.oem4 (.text:ti_sysbios_gates_GateMutex_Handle__label__S)
                  200116c4    00000004     --HOLE-- [fill = 0]
                  200116c8    00000018     sysbios.aem4 : BIOS.obj (.text:ti_sysbios_gates_GateMutex_leave__E)
                  200116e0    00000018     release_pem4.oem4 (.text:ti_sysbios_heaps_HeapMem_Handle__label__S)
                  200116f8    00000018     release_pem4.oem4 (.text:ti_uia_loggers_LoggerStopMode_Handle__label__S)
                  20011710    00000018     sysbios.aem4 : BIOS.obj (.text:xdc_runtime_System_exit__E)
                  20011728    00000016     driverlib.a : prcm.obj (.text:PRCMHIBRegRead)
                  2001173e    00000016                 : prcm.obj (.text:PRCMHIBRegWrite)
                  20011754    00000016     release_pem4.oem4 (.text:ti_sysbios_BIOS_exitFunc__I)
                  2001176a    00000016     ti.uia.loggers.aem4 : LoggerStopMode.oem4 (.text:ti_uia_loggers_LoggerStopMode_disable__E)
                  20011780    00000016                         : LoggerStopMode.oem4 (.text:ti_uia_loggers_LoggerStopMode_enable__E)
                  20011796    00000002     --HOLE-- [fill = 0]
                  20011798    00000014     drivers_cc32xx.aem4 : PowerCC32XX.oem4 (.text:Power_getDependencyCount)
                  200117ac    00000014     rtsv7M4_T_le_eabi.lib : _lock.obj (.text)
                  200117c0    00000014     release_pem4.oem4 (.text:ti_sysbios_family_arm_m3_Hwi_Object__get__S)
                  200117d4    00000004     --HOLE-- [fill = 0]
                  200117d8    00000014     sysbios.aem4 : BIOS.obj (.text:ti_sysbios_family_arm_m3_Hwi_switchFromBootStack__E)
                  200117ec    00000014     release_pem4.oem4 (.text:ti_sysbios_heaps_HeapMem_Object__get__S)
                  20011800    00000014     sysbios.aem4 : BIOS.obj (.text:ti_sysbios_knl_Clock_tickReconfig__E)
                  20011814    00000014     release_pem4.oem4 (.text:ti_sysbios_knl_Swi_Object__get__S)
                  20011828    00000014     release_pem4.oem4 (.text:ti_sysbios_knl_Task_Object__first__S)
                  2001183c    00000014     release_pem4.oem4 (.text:ti_sysbios_knl_Task_Object__get__S)
                  20011850    00000014     release_pem4.oem4 (.text:ti_sysbios_knl_Task_Object__next__S)
                  20011864    00000012     dpl_cc32xx.aem4 : SemaphoreP_tirtos.oem4 (.text:SemaphoreP_pend)
                  20011876    00000002     --HOLE-- [fill = 0]
                  20011878    00000012     sysbios.aem4 : BIOS.obj (.text:ti_sysbios_hal_Hwi_Module_startup__E)
                  2001188a    00000012     release_pem4.oem4 (.text:xdc_runtime_Startup_exec__I)
                  2001189c    00000010     dpl_cc32xx.aem4 : HwiP_tirtos.oem4 (.text:HwiP_Params_init)
                  200118ac    00000010     leds_controll.obj (.text:led_function)
                  200118bc    00000010     mian.obj (.text:main)
                  200118cc    00000004     --HOLE-- [fill = 0]
                  200118d0    00000010     sysbios.aem4 : BIOS.obj (.text:ti_sysbios_BIOS_getCpuFreq__E)
                  200118e0    00000010                  : BIOS.obj (.text:ti_sysbios_BIOS_setThreadType__E)
                  200118f0    00000010                  : m3_TaskSupport_asm.obj (.text:ti_sysbios_family_arm_m3_TaskSupport_glue)
                  20011900    00000010                  : m3_TaskSupport_asm.obj (.text:ti_sysbios_family_arm_m3_TaskSupport_swap__E)
                  20011910    00000010                  : BIOS.obj (.text:ti_sysbios_gates_GateMutex_Instance_finalize__E)
                  20011920    00000010     release_pem4.oem4 (.text:ti_sysbios_knl_Mailbox_Object__get__S)
                  20011930    00000010     sysbios.aem4 : BIOS.obj (.text:ti_sysbios_knl_Semaphore_Instance_finalize__E)
                  20011940    00000010                  : BIOS.obj (.text:ti_sysbios_knl_Swi_disable__E)
                  20011950    00000010                  : BIOS.obj (.text:ti_sysbios_knl_Task_disable__E)
                  20011960    00000010     release_pem4.oem4 (.text:ti_uia_loggers_LoggerStopMode_Object__get__S)
                  20011970    00000010     ti.uia.loggers.aem4 : LoggerStopMode.oem4 (.text:ti_uia_loggers_LoggerStopMode_isEmpty__E)
                  20011980    00000010     sysbios.aem4 : BIOS.obj (.text:xdc_runtime_Gate_leaveSystem__E)
                  20011990    00000010                  : BIOS.obj (.text:xdc_runtime_SysCallback_abort__E)
                  200119a0    00000010                  : BIOS.obj (.text:xdc_runtime_SysCallback_exit__E)
                  200119b0    0000000e     rtsv7M4_T_le_eabi.lib : copy_decompress_none.obj (.text:decompress:none)
                  200119be    00000002     --HOLE-- [fill = 0]
                  200119c0    0000000e     sysbios.aem4 : BIOS.obj (.text:ti_sysbios_knl_Idle_loop__E)
                  200119ce    00000002     --HOLE-- [fill = 0]
                  200119d0    0000000e                  : BIOS.obj (.text:ti_sysbios_knl_Queue_empty__E)
                  200119de    0000000c     CC3220S_LAUNCHXL.obj (.text:CC3220S_LAUNCHXL_initGeneral)
                  200119ea    00000002     --HOLE-- [fill = 0]
                  200119ec    0000000c     drivers_cc32xx.aem4 : PowerCC32XX.oem4 (.text:Power_getConstraintMask)
                  200119f8    0000000c     dpl_cc32xx.aem4 : SemaphoreP_tirtos.oem4 (.text:SemaphoreP_delete)
                  20011a04    0000000c     rtsv7M4_T_le_eabi.lib : copy_zero_init.obj (.text:decompress:ZI)
                  20011a10    0000000c     release_pem4.oem4 (.text:ti_sysbios_family_arm_m3_Hwi_Params__init__S)
                  20011a1c    00000004     --HOLE-- [fill = 0]
                  20011a20    0000000c     sysbios.aem4 : BIOS.obj (.text:ti_sysbios_family_arm_m3_Hwi_disableFxn__E)
                  20011a2c    00000004     --HOLE-- [fill = 0]
                  20011a30    0000000c                  : BIOS.obj (.text:ti_sysbios_gates_GateHwi_enter__E)
                  20011a3c    00000004     --HOLE-- [fill = 0]
                  20011a40    0000000c                  : BIOS.obj (.text:ti_sysbios_knl_Clock_getTicks__E)
                  20011a4c    00000004     --HOLE-- [fill = 0]
                  20011a50    0000000c                  : BIOS.obj (.text:ti_sysbios_knl_Clock_setTicks__E)
                  20011a5c    00000004     --HOLE-- [fill = 0]
                  20011a60    0000000c                  : BIOS.obj (.text:ti_sysbios_knl_Clock_tickStart__E)
                  20011a6c    00000004     --HOLE-- [fill = 0]
                  20011a70    0000000c                  : BIOS.obj (.text:ti_sysbios_knl_Clock_tickStop__E)
                  20011a7c    0000000c     release_pem4.oem4 (.text:ti_sysbios_knl_Queue_Object__get__S)
                  20011a88    0000000c     release_pem4.oem4 (.text:ti_sysbios_knl_Semaphore_Params__init__S)
                  20011a94    00000004     --HOLE-- [fill = 0]
                  20011a98    0000000c     sysbios.aem4 : BIOS.obj (.text:ti_sysbios_utils_Load_taskRegHook__E)
                  20011aa4    00000004     --HOLE-- [fill = 0]
                  20011aa8    0000000c                  : BIOS.obj (.text:xdc_runtime_Gate_enterSystem__E)
                  20011ab4    00000004     --HOLE-- [fill = 0]
                  20011ab8    0000000c                  : BIOS.obj (.text:xdc_runtime_Startup_rtsDone__E)
                  20011ac4    0000000a     drivers_cc32xx.aem4 : List.oem4 (.text:List_empty)
                  20011ace    0000000a     release_pem4.oem4 (.text:xdc_runtime_IHeap_alloc)
                  20011ad8    0000000a     release_pem4.oem4 (.text:xdc_runtime_IHeap_free)
                  20011ae2    00000006     --HOLE-- [fill = 0]
                  20011ae8    00000008     sysbios.aem4 : BIOS.obj (.text:ti_sysbios_family_arm_m3_Hwi_doSwiRestore__I)
                  20011af0    00000008                  : BIOS.obj (.text:ti_sysbios_family_arm_m3_Hwi_startup__E)
                  20011af8    00000008                  : BIOS.obj (.text:ti_sysbios_knl_Task_getHookContext__E)
                  20011b00    00000006                  : BIOS.obj (.text:ti_sysbios_family_arm_m3_Hwi_doTaskRestore__I)
                  20011b06    00000002     --HOLE-- [fill = 0]
                  20011b08    00000006                  : BIOS.obj (.text:ti_sysbios_family_arm_m3_Hwi_restoreFxn__E)
                  20011b0e    00000002     --HOLE-- [fill = 0]
                  20011b10    00000006                  : BIOS.obj (.text:ti_sysbios_gates_GateHwi_leave__E)
                  20011b16    00000002     --HOLE-- [fill = 0]
                  20011b18    00000006                  : BIOS.obj (.text:ti_sysbios_heaps_HeapMem_isBlocking__E)
                  20011b1e    00000002     --HOLE-- [fill = 0]
                  20011b20    00000006                  : BIOS.obj (.text:ti_sysbios_knl_Queue_Instance_init__E)
                  20011b26    00000002     --HOLE-- [fill = 0]
                  20011b28    00000006                  : BIOS.obj (.text:ti_sysbios_knl_Swi_startup__E)
                  20011b2e    00000002     --HOLE-- [fill = 0]
                  20011b30    00000006                  : BIOS.obj (.text:xdc_runtime_System_Module_startup__E)
                  20011b36    00000002     --HOLE-- [fill = 0]
                  20011b38    00000004                  : BIOS.obj (.text:ti_sysbios_family_arm_m3_Timer_getMaxTicks__E)
                  20011b3c    00000004     --HOLE-- [fill = 0]
                  20011b40    00000004                  : BIOS.obj (.text:ti_sysbios_gates_GateHwi_query__E)
                  20011b44    00000004     --HOLE-- [fill = 0]
                  20011b48    00000004                  : BIOS.obj (.text:ti_sysbios_gates_GateMutex_query__E)
                  20011b4c    00000004     --HOLE-- [fill = 0]
                  20011b50    00000004                  : BIOS.obj (.text:ti_sysbios_knl_Task_startup__E)
                  20011b54    00000004     --HOLE-- [fill = 0]
                  20011b58    00000002                  : BIOS.obj (.text:ti_sysbios_BIOS_linkedWithIncorrectBootLibrary__E)
                  20011b5a    00000006     --HOLE-- [fill = 0]
                  20011b60    00000002                  : BIOS.obj (.text:ti_sysbios_gates_GateHwi_Instance_init__E)
                  20011b62    00000006     --HOLE-- [fill = 0]
                  20011b68    00000002                  : BIOS.obj (.text:xdc_runtime_SysCallback_defaultAbort)
                  20011b6a    00000006     --HOLE-- [fill = 0]
                  20011b70    00000002                  : BIOS.obj (.text:xdc_runtime_SysCallback_defaultExit)
                  20011b72    00000006     --HOLE-- [fill = 0]
                  20011b78    00000002                  : BIOS.obj (.text:xdc_runtime_System_abortSpin__E)
                  20011b7a    00000006     --HOLE-- [fill = 0]
                  20011b80    00000002                  : BIOS.obj (.text:xdc_runtime_System_exitSpin__E)

.bss       0    20011c00    00001230     UNINITIALIZED
                  20011c00    00000400     (.common:ti_uia_loggers_LoggerStopMode_Instance_State_1_packetArray__A)
                  20012000    00000400     (.common:ti_uia_loggers_LoggerStopMode_Instance_State_2_packetArray__A)
                  20012400    0000030c     (.common:ti_sysbios_family_arm_m3_Hwi_dispatchTable)
                  2001270c    00000004     drivers_cc32xx.aem4 : GPIOCC32XX.oem4 (.bss)
                  20012710    00000200     release_pem4.oem4 (.bss:taskStackSection)
                  20012910    00000020     drivers_cc32xx.aem4 : GPIOCC32XX.oem4 (.bss:gpioCallbackInfo)
                  20012930    00000014                         : GPIOCC32XX.oem4 (.bss:powerNotifyObj)
                  20012944    00000004     (.common:ti_sysbios_family_arm_m3_Hwi_Instance_State_0_hookEnv__A)
                  20012948    0000000c     dpl_cc32xx.aem4 : PowerCC32XX_tirtos.oem4 (.bss)
                  20012954    00000004     (.common:ti_sysbios_knl_Swi_Instance_State_0_hookEnv__A)
                  20012958    00000004     (.common:ti_sysbios_knl_Task_Instance_State_0_hookEnv__A)
                  2001295c    00000024     --HOLE--
                  20012980    00000200     (.common:ti_uia_loggers_LoggerStopMode_Instance_State_0_packetArray__A)
                  20012b80    0000012c     (.common:PowerCC32XX_contextSave)
                  20012cac    00000054     --HOLE--
                  20012d00    00000030     (.common:ti_uia_loggers_LoggerStopMode_Instance_State_0_hdr__A)
                  20012d30    00000050     --HOLE--
                  20012d80    00000030     (.common:ti_uia_loggers_LoggerStopMode_Instance_State_1_hdr__A)
                  20012db0    00000050     --HOLE--
                  20012e00    00000030     (.common:ti_uia_loggers_LoggerStopMode_Instance_State_2_hdr__A)

.const     0    20012e30    0000087f     
                  20012e30    00000100     driverlib.a : pin.obj (.const:g_ulPinToPadMap)
                  20012f30    000000a8                 : prcm.obj (.const:PRCM_PeriphRegsList)
                  20012fd8    00000060     release_pem4.oem4 (.const:ti_uia_loggers_LoggerStopMode_Module__FXNS__C)
                  20013038    00000048     release_pem4.oem4 (.const:.string)
                  20013080    00000040     CC3220S_LAUNCHXL.obj (.const:PowerCC32XX_config)
                  200130c0    0000003c     release_pem4.oem4 (.const:ti_sysbios_knl_Task_Object__PARAMS__C)
                  200130fc    00000030     release_pem4.oem4 (.const:ti_sysbios_family_arm_m3_Hwi_Object__PARAMS__C)
                  2001312c    00000028     release_pem4.oem4 (.const:ti_sysbios_heaps_HeapMem_Module__FXNS__C)
                  20013154    00000028     release_pem4.oem4 (.const:ti_uia_loggers_LoggerStopMode_Object__PARAMS__C)
                  2001317c    00000028     release_pem4.oem4 (.const:xdc_runtime_Startup_sfxnTab__A)
                  200131a4    00000024     release_pem4.oem4 (.const:ti_sysbios_gates_GateHwi_Module__FXNS__C)
                  200131c8    00000024     release_pem4.oem4 (.const:ti_sysbios_gates_GateMutex_Module__FXNS__C)
                  200131ec    00000024     release_pem4.oem4 (.const:ti_sysbios_heaps_HeapMem_Object__PARAMS__C)
                  20013210    00000024     release_pem4.oem4 (.const:ti_sysbios_knl_Semaphore_Object__PARAMS__C)
                  20013234    00000021     drivers_cc32xx.aem4 : GPIOCC32XX.oem4 (.const:.string:pinTable)
                  20013255    00000001     release_pem4.oem4 (.const:ti_sysbios_knl_Clock_tickMode__C)
                  20013256    00000002     release_pem4.oem4 (.const:ti_sysbios_family_arm_m3_Hwi_Module__id__C)
                  20013258    00000020     release_pem4.oem4 (.const:ti_sysbios_family_arm_m3_Hwi_Object__DESC__C)
                  20013278    00000020     release_pem4.oem4 (.const:ti_sysbios_gates_GateHwi_Object__DESC__C)
                  20013298    00000020     release_pem4.oem4 (.const:ti_sysbios_gates_GateMutex_Object__DESC__C)
                  200132b8    00000020     release_pem4.oem4 (.const:ti_sysbios_heaps_HeapMem_Object__DESC__C)
                  200132d8    00000020     release_pem4.oem4 (.const:ti_sysbios_knl_Queue_Object__DESC__C)
                  200132f8    00000020     release_pem4.oem4 (.const:ti_sysbios_knl_Semaphore_Object__DESC__C)
                  20013318    00000020     release_pem4.oem4 (.const:ti_sysbios_knl_Task_Object__DESC__C)
                  20013338    00000020     release_pem4.oem4 (.const:ti_uia_loggers_LoggerStopMode_Object__DESC__C)
                  20013358    00000018     release_pem4.oem4 (.const:ti_sysbios_gates_GateHwi_Object__PARAMS__C)
                  20013370    00000018     release_pem4.oem4 (.const:ti_sysbios_gates_GateMutex_Object__PARAMS__C)
                  20013388    00000018     release_pem4.oem4 (.const:ti_sysbios_knl_Queue_Object__PARAMS__C)
                  200133a0    00000018     release_pem4.oem4 (.const:ti_sysbios_knl_Swi_hooks__A)
                  200133b8    00000018     release_pem4.oem4 (.const:ti_sysbios_knl_Task_hooks__A)
                  200133d0    00000014     CC3220S_LAUNCHXL.obj (.const:GPIOCC32XX_config)
                  200133e4    00000014     drivers_cc32xx.aem4 : GPIOCC32XX.oem4 (.const:gpioBaseAddresses)
                  200133f8    00000014                         : GPIOCC32XX.oem4 (.const:powerResources)
                  2001340c    00000014     release_pem4.oem4 (.const:ti_sysbios_family_arm_m3_Hwi_hooks__A)
                  20013420    00000014     release_pem4.oem4 (.const:xdc_runtime_Startup_sfxnRts__A)
                  20013434    0000000c     release_pem4.oem4 (.const:ti_sysbios_knl_Idle_funcList__A)
                  20013440    0000000c     release_pem4.oem4 (.const:xdc_runtime_Startup_firstFxns__A)
                  2001344c    00000008     drivers_cc32xx.aem4 : GPIOCC32XX.oem4 (.const:outPinTypes)
                  20013454    00000008     release_pem4.oem4 (.const:ti_sysbios_family_arm_m3_Hwi_hooks__C)
                  2001345c    00000008     release_pem4.oem4 (.const:ti_sysbios_knl_Idle_funcList__C)
                  20013464    00000008     release_pem4.oem4 (.const:ti_sysbios_knl_Swi_hooks__C)
                  2001346c    00000008     release_pem4.oem4 (.const:ti_sysbios_knl_Task_hooks__C)
                  20013474    00000008     release_pem4.oem4 (.const:xdc_runtime_Startup_firstFxns__C)
                  2001347c    00000008     release_pem4.oem4 (.const:xdc_runtime_Startup_lastFxns__C)
                  20013484    00000006     drivers_cc32xx.aem4 : GPIOCC32XX.oem4 (.const:.string:interruptType)
                  2001348a    00000006                         : GPIOCC32XX.oem4 (.const:inPinTypes)
                  20013490    00000006                         : GPIOCC32XX.oem4 (.const:outPinStrengths)
                  20013496    00000004                         : GPIOCC32XX.oem4 (.const:.string:portInterruptIds)
                  2001349a    00000002     release_pem4.oem4 (.const:ti_sysbios_family_arm_m3_Hwi_Module__loggerDefined__C)
                  2001349c    00000004     release_pem4.oem4 (.const:ti_sysbios_family_arm_m3_Hwi_E_alreadyDefined__C)
                  200134a0    00000004     release_pem4.oem4 (.const:ti_sysbios_family_arm_m3_Hwi_LD_end__C)
                  200134a4    00000004     release_pem4.oem4 (.const:ti_sysbios_family_arm_m3_Hwi_LM_begin__C)
                  200134a8    00000004     release_pem4.oem4 (.const:ti_sysbios_family_arm_m3_Hwi_Module__diagsEnabled__C)
                  200134ac    00000004     release_pem4.oem4 (.const:ti_sysbios_family_arm_m3_Hwi_Module__diagsIncluded__C)
                  200134b0    00000004     release_pem4.oem4 (.const:ti_sysbios_family_arm_m3_Hwi_Module__diagsMask__C)
                  200134b4    00000004     release_pem4.oem4 (.const:ti_sysbios_family_arm_m3_Hwi_Module__loggerFxn1__C)
                  200134b8    00000004     release_pem4.oem4 (.const:ti_sysbios_family_arm_m3_Hwi_Module__loggerFxn8__C)
                  200134bc    00000004     release_pem4.oem4 (.const:ti_sysbios_family_arm_m3_Hwi_Module__loggerObj__C)
                  200134c0    00000004     release_pem4.oem4 (.const:ti_sysbios_family_arm_m3_Hwi_NUM_INTERRUPTS__C)
                  200134c4    00000004     release_pem4.oem4 (.const:ti_sysbios_family_arm_m3_Hwi_Object__count__C)
                  200134c8    00000004     release_pem4.oem4 (.const:ti_sysbios_family_arm_m3_Hwi_Object__heap__C)
                  200134cc    00000004     release_pem4.oem4 (.const:ti_sysbios_family_arm_m3_Hwi_ccr__C)
                  200134d0    00000004     release_pem4.oem4 (.const:ti_sysbios_family_arm_m3_Hwi_excHandlerFunc__C)
                  200134d4    00000004     release_pem4.oem4 (.const:ti_sysbios_family_arm_m3_Hwi_nullIsrFunc__C)
                  200134d8    00000004     release_pem4.oem4 (.const:ti_sysbios_family_arm_m3_Hwi_priGroup__C)
                  200134dc    00000004     release_pem4.oem4 (.const:ti_sysbios_family_arm_m3_Hwi_swiDisable__C)
                  200134e0    00000004     release_pem4.oem4 (.const:ti_sysbios_family_arm_m3_Hwi_swiRestoreHwi__C)
                  200134e4    00000004     release_pem4.oem4 (.const:ti_sysbios_family_arm_m3_Timer_E_cannotSupport__C)
                  200134e8    00000004     release_pem4.oem4 (.const:ti_sysbios_family_arm_m3_Timer_startupNeeded__C)
                  200134ec    00000004     release_pem4.oem4 (.const:ti_sysbios_gates_GateMutex_Instance_State_sem__O)
                  200134f0    00000004     release_pem4.oem4 (.const:ti_sysbios_heaps_HeapMem_E_memory__C)
                  200134f4    00000004     release_pem4.oem4 (.const:ti_sysbios_heaps_HeapMem_Module__gateObj__C)
                  200134f8    00000004     release_pem4.oem4 (.const:ti_sysbios_heaps_HeapMem_Object__count__C)
                  200134fc    00000004     release_pem4.oem4 (.const:ti_sysbios_heaps_HeapMem_primaryHeapBaseAddr__C)
                  20013500    00000004     release_pem4.oem4 (.const:ti_sysbios_heaps_HeapMem_primaryHeapEndAddr__C)
                  20013504    00000004     release_pem4.oem4 (.const:ti_sysbios_heaps_HeapMem_reqAlign__C)
                  20013508    00000004     release_pem4.oem4 (.const:ti_sysbios_knl_Clock_LM_begin__C)
                  2001350c    00000004     release_pem4.oem4 (.const:ti_sysbios_knl_Clock_LM_tick__C)
                  20013510    00000004     release_pem4.oem4 (.const:ti_sysbios_knl_Clock_LW_delayed__C)
                  20013514    00000004     release_pem4.oem4 (.const:ti_sysbios_knl_Clock_Module_State_clockQ__O)
                  20013518    00000004     release_pem4.oem4 (.const:ti_sysbios_knl_Clock_Module__diagsEnabled__C)
                  2001351c    00000004     release_pem4.oem4 (.const:ti_sysbios_knl_Clock_Module__diagsIncluded__C)
                  20013520    00000004     release_pem4.oem4 (.const:ti_sysbios_knl_Clock_Module__diagsMask__C)
                  20013524    00000004     release_pem4.oem4 (.const:ti_sysbios_knl_Clock_Module__loggerFxn1__C)
                  20013528    00000004     release_pem4.oem4 (.const:ti_sysbios_knl_Clock_Module__loggerFxn2__C)
                  2001352c    00000004     release_pem4.oem4 (.const:ti_sysbios_knl_Clock_Module__loggerObj__C)
                  20013530    00000004     release_pem4.oem4 (.const:ti_sysbios_knl_Clock_tickPeriod__C)
                  20013534    00000004     release_pem4.oem4 (.const:ti_sysbios_knl_Mailbox_Instance_State_freeQue__O)
                  20013538    00000004     release_pem4.oem4 (.const:ti_sysbios_knl_Mailbox_Object__count__C)
                  2001353c    00000004     release_pem4.oem4 (.const:ti_sysbios_knl_Mailbox_maxTypeAlign__C)
                  20013540    00000004     release_pem4.oem4 (.const:ti_sysbios_knl_Semaphore_Instance_State_pendQ__O)
                  20013544    00000004     release_pem4.oem4 (.const:ti_sysbios_knl_Semaphore_LM_pend__C)
                  20013548    00000004     release_pem4.oem4 (.const:ti_sysbios_knl_Semaphore_LM_post__C)
                  2001354c    00000004     release_pem4.oem4 (.const:ti_sysbios_knl_Semaphore_Module__diagsEnabled__C)
                  20013550    00000004     release_pem4.oem4 (.const:ti_sysbios_knl_Semaphore_Module__diagsIncluded__C)
                  20013554    00000004     release_pem4.oem4 (.const:ti_sysbios_knl_Semaphore_Module__diagsMask__C)
                  20013558    00000004     release_pem4.oem4 (.const:ti_sysbios_knl_Semaphore_Module__loggerFxn2__C)
                  2001355c    00000004     release_pem4.oem4 (.const:ti_sysbios_knl_Semaphore_Module__loggerFxn4__C)
                  20013560    00000004     release_pem4.oem4 (.const:ti_sysbios_knl_Semaphore_Module__loggerObj__C)
                  20013564    00000004     release_pem4.oem4 (.const:ti_sysbios_knl_Swi_LD_end__C)
                  20013568    00000004     release_pem4.oem4 (.const:ti_sysbios_knl_Swi_LM_begin__C)
                  2001356c    00000004     release_pem4.oem4 (.const:ti_sysbios_knl_Swi_LM_post__C)
                  20013570    00000004     release_pem4.oem4 (.const:ti_sysbios_knl_Swi_Module__diagsEnabled__C)
                  20013574    00000004     release_pem4.oem4 (.const:ti_sysbios_knl_Swi_Module__diagsIncluded__C)
                  20013578    00000004     release_pem4.oem4 (.const:ti_sysbios_knl_Swi_Module__diagsMask__C)
                  2001357c    00000004     release_pem4.oem4 (.const:ti_sysbios_knl_Swi_Module__loggerFxn1__C)
                  20013580    00000004     release_pem4.oem4 (.const:ti_sysbios_knl_Swi_Module__loggerFxn4__C)
                  20013584    00000004     release_pem4.oem4 (.const:ti_sysbios_knl_Swi_Module__loggerObj__C)
                  20013588    00000004     release_pem4.oem4 (.const:ti_sysbios_knl_Swi_Object__count__C)
                  2001358c    00000004     release_pem4.oem4 (.const:ti_sysbios_knl_Swi_numConstructedSwis__C)
                  20013590    00000004     release_pem4.oem4 (.const:ti_sysbios_knl_Task_E_deleteNotAllowed__C)
                  20013594    00000004     release_pem4.oem4 (.const:ti_sysbios_knl_Task_LD_block__C)
                  20013598    00000004     release_pem4.oem4 (.const:ti_sysbios_knl_Task_LD_exit__C)
                  2001359c    00000004     release_pem4.oem4 (.const:ti_sysbios_knl_Task_LD_ready__C)
                  200135a0    00000004     release_pem4.oem4 (.const:ti_sysbios_knl_Task_LM_sleep__C)
                  200135a4    00000004     release_pem4.oem4 (.const:ti_sysbios_knl_Task_LM_switch__C)
                  200135a8    00000004     release_pem4.oem4 (.const:ti_sysbios_knl_Task_Module_State_inactiveQ__O)
                  200135ac    00000004     release_pem4.oem4 (.const:ti_sysbios_knl_Task_Module_State_terminatedQ__O)
                  200135b0    00000004     release_pem4.oem4 (.const:ti_sysbios_knl_Task_Module__diagsEnabled__C)
                  200135b4    00000004     release_pem4.oem4 (.const:ti_sysbios_knl_Task_Module__diagsIncluded__C)
                  200135b8    00000004     release_pem4.oem4 (.const:ti_sysbios_knl_Task_Module__diagsMask__C)
                  200135bc    00000004     release_pem4.oem4 (.const:ti_sysbios_knl_Task_Module__loggerFxn2__C)
                  200135c0    00000004     release_pem4.oem4 (.const:ti_sysbios_knl_Task_Module__loggerFxn4__C)
                  200135c4    00000004     release_pem4.oem4 (.const:ti_sysbios_knl_Task_Module__loggerObj__C)
                  200135c8    00000004     release_pem4.oem4 (.const:ti_sysbios_knl_Task_Object__count__C)
                  200135cc    00000004     release_pem4.oem4 (.const:ti_sysbios_knl_Task_Object__heap__C)
                  200135d0    00000004     release_pem4.oem4 (.const:ti_sysbios_knl_Task_allBlockedFunc__C)
                  200135d4    00000004     release_pem4.oem4 (.const:ti_sysbios_knl_Task_numConstructedTasks__C)
                  200135d8    00000004     release_pem4.oem4 (.const:ti_sysbios_utils_Load_LS_cpuLoad__C)
                  200135dc    00000004     release_pem4.oem4 (.const:ti_sysbios_utils_Load_LS_hwiLoad__C)
                  200135e0    00000004     release_pem4.oem4 (.const:ti_sysbios_utils_Load_LS_swiLoad__C)
                  200135e4    00000004     release_pem4.oem4 (.const:ti_sysbios_utils_Load_LS_taskLoad__C)
                  200135e8    00000004     release_pem4.oem4 (.const:ti_sysbios_utils_Load_Module_State_taskList__O)
                  200135ec    00000004     release_pem4.oem4 (.const:ti_sysbios_utils_Load_Module__diagsEnabled__C)
                  200135f0    00000004     release_pem4.oem4 (.const:ti_sysbios_utils_Load_Module__diagsIncluded__C)
                  200135f4    00000004     release_pem4.oem4 (.const:ti_sysbios_utils_Load_Module__diagsMask__C)
                  200135f8    00000004     release_pem4.oem4 (.const:ti_sysbios_utils_Load_Module__loggerFxn1__C)
                  200135fc    00000004     release_pem4.oem4 (.const:ti_sysbios_utils_Load_Module__loggerFxn2__C)
                  20013600    00000004     release_pem4.oem4 (.const:ti_sysbios_utils_Load_Module__loggerFxn4__C)
                  20013604    00000004     release_pem4.oem4 (.const:ti_sysbios_utils_Load_Module__loggerObj__C)
                  20013608    00000004     release_pem4.oem4 (.const:ti_sysbios_utils_Load_postUpdate__C)
                  2001360c    00000004     release_pem4.oem4 (.const:ti_sysbios_utils_Load_windowInMs__C)
                  20013610    00000004     release_pem4.oem4 (.const:ti_uia_loggers_LoggerStopMode_Module__diagsEnabled__C)
                  20013614    00000004     release_pem4.oem4 (.const:ti_uia_loggers_LoggerStopMode_Module__diagsIncluded__C)
                  20013618    00000004     release_pem4.oem4 (.const:ti_uia_loggers_LoggerStopMode_Module__diagsMask__C)
                  2001361c    00000004     release_pem4.oem4 (.const:ti_uia_loggers_LoggerStopMode_Object__count__C)
                  20013620    00000004     release_pem4.oem4 (.const:ti_uia_runtime_ILoggerSnapshot_Interface__BASE__C)
                  20013624    00000004     release_pem4.oem4 (.const:ti_uia_runtime_IUIATransfer_Interface__BASE__C)
                  20013628    00000004     release_pem4.oem4 (.const:xdc_runtime_Assert_E_assertFailed__C)
                  2001362c    00000004     release_pem4.oem4 (.const:xdc_runtime_Error_E_memory__C)
                  20013630    00000004     release_pem4.oem4 (.const:xdc_runtime_Error_policyFxn__C)
                  20013634    00000004     release_pem4.oem4 (.const:xdc_runtime_IFilterLogger_Interface__BASE__C)
                  20013638    00000004     release_pem4.oem4 (.const:xdc_runtime_IGateProvider_Interface__BASE__C)
                  2001363c    00000004     release_pem4.oem4 (.const:xdc_runtime_IHeap_Interface__BASE__C)
                  20013640    00000004     release_pem4.oem4 (.const:xdc_runtime_ILogger_Interface__BASE__C)
                  20013644    00000004     release_pem4.oem4 (.const:xdc_runtime_IModule_Interface__BASE__C)
                  20013648    00000004     release_pem4.oem4 (.const:xdc_runtime_Memory_defaultHeapInstance__C)
                  2001364c    00000004     release_pem4.oem4 (.const:xdc_runtime_Startup_execImpl__C)
                  20013650    00000004     release_pem4.oem4 (.const:xdc_runtime_Startup_maxPasses__C)
                  20013654    00000004     release_pem4.oem4 (.const:xdc_runtime_Startup_sfxnRts__C)
                  20013658    00000004     release_pem4.oem4 (.const:xdc_runtime_Startup_sfxnTab__C)
                  2001365c    00000004     release_pem4.oem4 (.const:xdc_runtime_SysCallback_abortFxn__C)
                  20013660    00000004     release_pem4.oem4 (.const:xdc_runtime_SysCallback_exitFxn__C)
                  20013664    00000004     release_pem4.oem4 (.const:xdc_runtime_System_Module__gateObj__C)
                  20013668    00000004     release_pem4.oem4 (.const:xdc_runtime_System_abortFxn__C)
                  2001366c    00000004     release_pem4.oem4 (.const:xdc_runtime_System_exitFxn__C)
                  20013670    00000004     release_pem4.oem4 (.const:xdc_runtime_System_maxAtexitHandlers__C)
                  20013674    00000004     release_pem4.oem4 (.const:xdc_runtime_Text_charTab__C)
                  20013678    00000004     release_pem4.oem4 (.const:xdc_runtime_Text_nameEmpty__C)
                  2001367c    00000004     release_pem4.oem4 (.const:xdc_runtime_Text_nameStatic__C)
                  20013680    00000004     release_pem4.oem4 (.const:xdc_runtime_Text_nameUnknown__C)
                  20013684    00000002     release_pem4.oem4 (.const:ti_sysbios_family_arm_m3_Timer_Module__id__C)
                  20013686    00000002     release_pem4.oem4 (.const:ti_sysbios_family_arm_m3_TimestampProvider_configTimer__C)
                  20013688    00000002     release_pem4.oem4 (.const:ti_sysbios_heaps_HeapMem_Module__id__C)
                  2001368a    00000002     release_pem4.oem4 (.const:ti_sysbios_knl_Clock_Module__id__C)
                  2001368c    00000002     release_pem4.oem4 (.const:ti_sysbios_knl_Clock_Module__loggerDefined__C)
                  2001368e    00000002     release_pem4.oem4 (.const:ti_sysbios_knl_Semaphore_Module__id__C)
                  20013690    00000002     release_pem4.oem4 (.const:ti_sysbios_knl_Semaphore_Module__loggerDefined__C)
                  20013692    00000002     release_pem4.oem4 (.const:ti_sysbios_knl_Swi_Module__id__C)
                  20013694    00000002     release_pem4.oem4 (.const:ti_sysbios_knl_Swi_Module__loggerDefined__C)
                  20013696    00000002     release_pem4.oem4 (.const:ti_sysbios_knl_Task_Module__id__C)
                  20013698    00000002     release_pem4.oem4 (.const:ti_sysbios_knl_Task_Module__loggerDefined__C)
                  2001369a    00000002     release_pem4.oem4 (.const:ti_sysbios_utils_Load_Module__id__C)
                  2001369c    00000002     release_pem4.oem4 (.const:ti_sysbios_utils_Load_Module__loggerDefined__C)
                  2001369e    00000002     release_pem4.oem4 (.const:ti_sysbios_utils_Load_autoAddTasks__C)
                  200136a0    00000002     release_pem4.oem4 (.const:ti_sysbios_utils_Load_updateInIdle__C)
                  200136a2    00000002     release_pem4.oem4 (.const:ti_uia_loggers_LoggerStopMode_Module__id__C)
                  200136a4    00000002     release_pem4.oem4 (.const:ti_uia_loggers_LoggerStopMode_isTimestampEnabled__C)
                  200136a6    00000002     release_pem4.oem4 (.const:xdc_runtime_Memory_Module__id__C)
                  200136a8    00000002     release_pem4.oem4 (.const:xdc_runtime_Text_charCnt__C)
                  200136aa    00000002     release_pem4.oem4 (.const:xdc_runtime_Text_isLoaded__C)
                  200136ac    00000001     release_pem4.oem4 (.const:ti_sysbios_knl_Clock_tickSource__C)
                  200136ad    00000001     release_pem4.oem4 (.const:xdc_runtime_Error_policy__C)
                  200136ae    00000001     release_pem4.oem4 (.const:xdc_runtime_Text_charTab__A)

.data      0    200136b0    00000798     UNINITIALIZED
                  200136b0    0000016c     drivers_cc32xx.aem4 : PowerCC32XX.oem4 (.data:PowerCC32XX_module)
                  2001381c    000000f8     CC3220S_LAUNCHXL.obj (.data:parkInfo)
                  20013914    0000009c     release_pem4.oem4 (.data:ti_uia_loggers_LoggerStopMode_Object__table__V)
                  200139b0    00000098     release_pem4.oem4 (.data:ti_sysbios_utils_Load_Module__state__V)
                  20013a48    00000080     release_pem4.oem4 (.data:ti_sysbios_knl_Swi_Module_State_0_readyQ__A)
                  20013ac8    00000080     release_pem4.oem4 (.data:ti_sysbios_knl_Task_Module_State_0_readyQ__A)
                  20013b48    00000050     release_pem4.oem4 (.data:ti_sysbios_knl_Task_Object__table__V)
                  20013b98    00000044     release_pem4.oem4 (.data:ti_sysbios_knl_Task_Module__state__V)
                  20013bdc    00000038     release_pem4.oem4 (.data:ti_sysbios_gates_GateMutex_Object__table__V)
                  20013c14    00000034     release_pem4.oem4 (.data:ti_sysbios_family_arm_m3_Hwi_Module__state__V)
                  20013c48    00000030     release_pem4.oem4 (.data:ti_sysbios_family_arm_m3_Timer_Object__table__V)
                  20013c78    00000030     release_pem4.oem4 (.data:ti_sysbios_knl_Swi_Object__table__V)
                  20013ca8    0000002c     release_pem4.oem4 (.data:ti_sysbios_knl_Clock_Module__state__V)
                  20013cd4    00000024     release_pem4.oem4 (.data:ti_sysbios_BIOS_Module__state__V)
                  20013cf8    00000020     release_pem4.oem4 (.data:xdc_runtime_Error_IgnoreBlock)
                  20013d18    0000001c     release_pem4.oem4 (.data:ti_sysbios_knl_Swi_Module__state__V)
                  20013d34    0000001c     release_pem4.oem4 (.data:ti_sysbios_utils_Load_Module_State_0_taskEnv__A)
                  20013d50    00000018     release_pem4.oem4 (.data:ti_sysbios_family_arm_m3_Hwi_Object__table__V)
                  20013d68    00000018     release_pem4.oem4 (.data:ti_sysbios_heaps_HeapMem_Object__table__V)
                  20013d80    0000000c     CC3220S_LAUNCHXL.obj (.data:gpioPinConfigs)
                  20013d8c    0000000c     release_pem4.oem4 (.data:ti_sysbios_family_arm_m3_Timer_Module__state__V)
                  20013d98    0000000c     release_pem4.oem4 (.data:ti_sysbios_knl_Task_Module__root__V)
                  20013da4    0000000c     release_pem4.oem4 (.data:ti_uia_runtime_QueueDescriptor_Module__state__V)
                  20013db0    00000009     drivers_cc32xx.aem4 : GPIOCC32XX.oem4 (.data)
                  20013db9    00000001     dpl_cc32xx.aem4 : PowerCC32XX_tirtos.oem4 (.data)
                  20013dba    00000002     release_pem4.oem4 (.data:ti_sysbios_family_arm_m3_Hwi_Module_State_0_excActive__A)
                  20013dbc    00000008     rtsv7M4_T_le_eabi.lib : _lock.obj (.data:$O1$$)
                  20013dc4    00000008     CC3220S_LAUNCHXL.obj (.data:gpioCallbackFunctions)
                  20013dcc    00000008     ti.uia.runtime.aem4 : QueueDescriptor.oem4 (.data)
                  20013dd4    00000008     release_pem4.oem4 (.data:ti_sysbios_family_arm_m3_Hwi_Module__root__V)
                  20013ddc    00000008     release_pem4.oem4 (.data:ti_sysbios_gates_GateHwi_Module__root__V)
                  20013de4    00000008     release_pem4.oem4 (.data:ti_sysbios_gates_GateMutex_Module__root__V)
                  20013dec    00000008     release_pem4.oem4 (.data:ti_sysbios_heaps_HeapMem_Module__root__V)
                  20013df4    00000008     release_pem4.oem4 (.data:ti_sysbios_knl_Queue_Module__root__V)
                  20013dfc    00000008     release_pem4.oem4 (.data:ti_sysbios_knl_Semaphore_Module__root__V)
                  20013e04    00000008     release_pem4.oem4 (.data:ti_uia_loggers_LoggerStopMode_Module__root__V)
                  20013e0c    00000008     release_pem4.oem4 (.data:xdc_runtime_Startup_Module__state__V)
                  20013e14    00000008     release_pem4.oem4 (.data:xdc_runtime_System_Module_State_0_atexitHandlers__A)
                  20013e1c    00000008     release_pem4.oem4 (.data:xdc_runtime_System_Module__state__V)
                  20013e24    00000004     rtsv7M4_T_le_eabi.lib : stkdepth_vars.obj (.data)
                  20013e28    00000004     release_pem4.oem4 (.data:ti_sysbios_family_arm_m3_Hwi_Module_State_0_excContext__A)
                  20013e2c    00000004     release_pem4.oem4 (.data:ti_sysbios_family_arm_m3_Hwi_Module_State_0_excStack__A)
                  20013e30    00000004     release_pem4.oem4 (.data:ti_sysbios_family_arm_m3_TimestampProvider_Module__state__V)
                  20013e34    00000004     release_pem4.oem4 (.data:ti_sysbios_gates_GateHwi_Object__table__V)
                  20013e38    00000004     release_pem4.oem4 (.data:ti_sysbios_knl_Task_Module_State_0_idleTask__A)
                  20013e3c    00000004     release_pem4.oem4 (.data:ti_sysbios_utils_Load_Module_State_0_runningTask__A)
                  20013e40    00000004     release_pem4.oem4 (.data:ti_sysbios_utils_Load_Module_State_0_taskStartTime__A)
                  20013e44    00000004     release_pem4.oem4 (.data:xdc_runtime_Memory_Module__state__V)

.cinit     0    20013e48    000002b8     
                  20013e48    0000028f     (.cinit..data.load) [load image, compression = lzss]
                  200140d7    00000001     --HOLE-- [fill = 0]
                  200140d8    0000000c     (__TI_handler_table)
                  200140e4    00000004     --HOLE-- [fill = 0]
                  200140e8    00000008     (.cinit..bss.load) [load image, compression = zero_init]
                  200140f0    00000010     (__TI_cinit_table)

.init_array 
*          0    20004000    00000000     UNINITIALIZED

.bootVecs 
*          0    00000000    00000008     DSECT
                  00000000    00000008     boot.aem4 : boot.oem4 (.bootVecs)

xdc.meta   0    00000000    00000133     COPY SECTION
                  00000000    00000133     release_pem4.oem4 (xdc.meta)

xdc.noload 
*          0    00000000    00000000     COPY SECTION

MODULE SUMMARY

       Module                     code    ro data   rw data
       ------                     ----    -------   -------
    .\
       CC3220S_LAUNCHXL.obj       12      84        268    
    +--+--------------------------+-------+---------+---------+
       Total:                     12      84        268    
                                                           
    .\application\
       leds_controll.obj          16      0         0      
       mian.obj                   16      0         0      
    +--+--------------------------+-------+---------+---------+
       Total:                     32      0         0      
                                                           
    C:\A-Z\programming\my_projects\Kinerert\RTOS\CCS_cc3220_workspace_labs1\Lab_1_blink_IDLE_CC3220S_LAUNCHXL_tirtos_ccs\Debug\configPkg\package\cfg\
       release_pem4.oem4          2994    1624      6070   
    +--+--------------------------+-------+---------+---------+
       Total:                     2994    1624      6070   
                                                           
    C:/ti/simplelink_cc32xx_sdk_1_40_01_00/kernel/tirtos/packages/ti/dpl/lib/dpl_cc32xx.aem4
       PowerCC32XX_tirtos.oem4    536     0         13     
       HwiP_tirtos.oem4           84      0         0      
       SemaphoreP_tirtos.oem4     78      0         0      
    +--+--------------------------+-------+---------+---------+
       Total:                     698     0         13     
                                                           
    C:/ti/simplelink_cc32xx_sdk_1_40_01_00/source/ti/devices/cc32xx/driverlib/ccs/Release/driverlib.a
       prcm.obj                   1604    168       0      
       pin.obj                    144     256       0      
       flash.obj                  72      0         0      
       utils.obj                  6       0         0      
    +--+--------------------------+-------+---------+---------+
       Total:                     1826    424       0      
                                                           
    C:/ti/simplelink_cc32xx_sdk_1_40_01_00/source/ti/drivers/lib/drivers_cc32xx.aem4
       PowerCC32XX.oem4           1992    0         664    
       GPIOCC32XX.oem4            1192    103       65     
       PowerCC32XX_asm.oem4       150     0         0      
       List.oem4                  56      0         0      
    +--+--------------------------+-------+---------+---------+
       Total:                     3390    103       729    
                                                           
    C:\A-Z\programming\my_projects\Kinerert\RTOS\CCS_cc3220_workspace_labs1\Lab_1_blink_IDLE_CC3220S_LAUNCHXL_tirtos_ccs\src\sysbios\sysbios.aem4
       BIOS.obj                   11768   0         0      
       m3_Hwi_asm.obj             262     0         0      
       m3_TaskSupport_asm.obj     108     0         0      
       m3_Hwi_asm_switch.obj      102     0         0      
    +--+--------------------------+-------+---------+---------+
       Total:                     12240   0         0      
                                                           
    C:\ti\ccsv7\tools\compiler\ti-cgt-arm_16.9.3.LTS\lib\rtsv7M4_T_le_eabi.lib
       ull_div_t2.obj             500     0         0      
       memcpy_t2.obj              156     0         0      
       memset_t2.obj              122     0         0      
       copy_decompress_lzss.obj   104     0         0      
       cpy_tbl.obj                76      0         0      
       _lock.obj                  20      0         8      
       args_main.obj              24      0         0      
       ll_mul_t2.obj              24      0         0      
       copy_decompress_none.obj   14      0         0      
       copy_zero_init.obj         12      0         0      
       stkdepth_vars.obj          0       0         4      
    +--+--------------------------+-------+---------+---------+
       Total:                     1052    0         12     
                                                           
    C:\ti\simplelink_cc32xx_sdk_1_40_01_00\kernel\tirtos\packages\ti\targets\arm\rtsarm\lib\auto_init.aem4
       auto_init.oem4             160     0         0      
    +--+--------------------------+-------+---------+---------+
       Total:                     160     0         0      
                                                           
    C:\ti\simplelink_cc32xx_sdk_1_40_01_00\kernel\tirtos\packages\ti\targets\arm\rtsarm\lib\boot.aem4
       boot.oem4                  68      0         0      
    +--+--------------------------+-------+---------+---------+
       Total:                     68      0         0      
                                                           
    C:\ti\simplelink_cc32xx_sdk_1_40_01_00\kernel\tirtos\packages\ti\uia\loggers\lib\release\ti.uia.loggers.aem4
       LoggerStopMode.oem4        552     0         0      
    +--+--------------------------+-------+---------+---------+
       Total:                     552     0         0      
                                                           
    C:\ti\simplelink_cc32xx_sdk_1_40_01_00\kernel\tirtos\packages\ti\uia\runtime\lib\release\ti.uia.runtime.aem4
       QueueDescriptor.oem4       116     0         8      
    +--+--------------------------+-------+---------+---------+
       Total:                     116     0         8      
                                                           
       Stack:                     0       0         1024   
       Linker Generated:          0       691       0      
    +--+--------------------------+-------+---------+---------+
       Grand Total:               23140   2926      8124   


LINKER GENERATED COPY TABLES

__TI_cinit_table @ 200140f0 records: 2, size/record: 8, table size: 16
	.data: load addr=20013e48, load size=0000028f bytes, run addr=200136b0, run size=00000798 bytes, compression=lzss
	.bss: load addr=200140e8, load size=00000008 bytes, run addr=20011c00, run size=00001230 bytes, compression=zero_init


LINKER GENERATED HANDLER TABLE

__TI_handler_table @ 200140d8 records: 3, size/record: 4, table size: 12
	index: 0, handler: __TI_zero_init
	index: 1, handler: __TI_decompress_lzss
	index: 2, handler: __TI_decompress_none


GLOBAL SYMBOLS: SORTED ALPHABETICALLY BY Name 

address   name                                                            
-------   ----                                                            
200119df  CC3220S_LAUNCHXL_initGeneral                                    
20011a41  ClockP_getSystemTicks                                           
20010559  FlashDisable                                                    
200133d0  GPIOCC32XX_config                                               
200102a1  GPIO_enableInt                                                  
2000f649  GPIO_hwiIntFxn                                                  
2000e625  GPIO_init                                                       
2000ffa5  GPIO_setCallback                                                
2000c661  GPIO_setConfig                                                  
2000fb19  GPIO_toggle                                                     
00008000  HEAPSIZE                                                        
2001189d  HwiP_Params_init                                                
20010a4d  HwiP_create                                                     
2000cce5  HwiP_disable                                                    
20011b09  HwiP_restore                                                    
20011ac5  List_empty                                                      
2000d4ed  List_head                                                       
2000d845  List_next                                                       
200111fd  List_put                                                        
2000c041  PRCMCC3200MCUInit                                               
20011729  PRCMHIBRegRead                                                  
2001173f  PRCMHIBRegWrite                                                 
200105a1  PRCMLPDSEnter                                                   
20010cc5  PRCMLPDSEnterKeepDebugIf                                        
200107e1  PRCMLPDSRestoreInfoSet                                          
20011185  PRCMPeripheralClkDisable                                        
200105e9  PRCMPeripheralClkEnable                                         
2000fffd  PRCMPeripheralReset                                             
2000fbe5  PRCMSysResetCauseGet                                            
20010d71  PinModeGet                                                      
20010a8d  PinModeSet                                                      
200114f9  PinToPadGet                                                     
20013080  PowerCC32XX_config                                              
2000ea91  PowerCC32XX_configureWakeup                                     
20012b80  PowerCC32XX_contextSave                                         
20010825  PowerCC32XX_enterLPDS                                           
200111ad  PowerCC32XX_initPolicy                                          
200136b0  PowerCC32XX_module                                              
200101ad  PowerCC32XX_parkPin                                             
20010d39  PowerCC32XX_restoreParkedPin                                    
200101ff  PowerCC32XX_resumeLPDS                                          
2000f975  PowerCC32XX_setParkState                                        
2000c82d  PowerCC32XX_sleepPolicy                                         
200119ed  Power_getConstraintMask                                         
20011799  Power_getDependencyCount                                        
20011605  Power_idleFunc                                                  
2000f6c1  Power_init                                                      
200111d5  Power_registerNotify                                            
20010b51  Power_setConstraint                                             
2000fdc9  Power_setDependency                                             
2000d72d  Power_sleep                                                     
UNDEFED   SHT$$INIT_ARRAY$$Base                                           
UNDEFED   SHT$$INIT_ARRAY$$Limit                                          
200110d1  SemaphoreP_createBinary                                         
200119f9  SemaphoreP_delete                                               
20011865  SemaphoreP_pend                                                 
2000d955  SemaphoreP_post                                                 
20010f13  UtilsDelay                                                      
00000000  __ASM__                                                         
000000ac  __ISA__                                                         
000000bf  __PLAT__                                                        
20004000  __STACK_END                                                     
[...]
20011b59  ti_sysbios_BIOS_linkedWithIncorrectBootLibrary__E               
20011b61  ti_sysbios_gates_GateHwi_Instance_init__E                       
20011b69  xdc_runtime_SysCallback_defaultAbort                            
20011b71  xdc_runtime_SysCallback_defaultExit                             
20011b79  xdc_runtime_System_abortSpin__E                                 
20011b81  xdc_runtime_System_exitSpin__E                                  
20011c00  ti_uia_loggers_LoggerStopMode_Instance_State_1_packetArray__A   
20012000  ti_uia_loggers_LoggerStopMode_Instance_State_2_packetArray__A   
20012400  ti_sysbios_family_arm_m3_Hwi_dispatchTable                      
20012710  ti_sysbios_knl_Task_Instance_State_0_stack__A                   
20012944  ti_sysbios_family_arm_m3_Hwi_Instance_State_0_hookEnv__A        
20012954  ti_sysbios_knl_Swi_Instance_State_0_hookEnv__A                  
20012958  ti_sysbios_knl_Task_Instance_State_0_hookEnv__A                 
20012980  ti_uia_loggers_LoggerStopMode_Instance_State_0_packetArray__A   
20012b80  PowerCC32XX_contextSave                                         
20012d00  ti_uia_loggers_LoggerStopMode_Instance_State_0_hdr__A           
20012d80  ti_uia_loggers_LoggerStopMode_Instance_State_1_hdr__A           
20012e00  ti_uia_loggers_LoggerStopMode_Instance_State_2_hdr__A           
20012fd8  ti_uia_loggers_LoggerStopMode_Module__FXNS__C                   
20013080  PowerCC32XX_config                                              
200130c0  ti_sysbios_knl_Task_Object__PARAMS__C                           
200130fc  ti_sysbios_family_arm_m3_Hwi_Object__PARAMS__C                  
2001312c  ti_sysbios_heaps_HeapMem_Module__FXNS__C                        
20013154  ti_uia_loggers_LoggerStopMode_Object__PARAMS__C                 
2001317c  xdc_runtime_Startup_sfxnTab__A                                  
200131a4  ti_sysbios_gates_GateHwi_Module__FXNS__C                        
200131c8  ti_sysbios_gates_GateMutex_Module__FXNS__C                      
200131ec  ti_sysbios_heaps_HeapMem_Object__PARAMS__C                      
20013210  ti_sysbios_knl_Semaphore_Object__PARAMS__C                      
20013255  ti_sysbios_knl_Clock_tickMode__C                                
20013256  ti_sysbios_family_arm_m3_Hwi_Module__id__C                      
20013258  ti_sysbios_family_arm_m3_Hwi_Object__DESC__C                    
20013278  ti_sysbios_gates_GateHwi_Object__DESC__C                        
20013298  ti_sysbios_gates_GateMutex_Object__DESC__C                      
200132b8  ti_sysbios_heaps_HeapMem_Object__DESC__C                        
200132d8  ti_sysbios_knl_Queue_Object__DESC__C                            
200132f8  ti_sysbios_knl_Semaphore_Object__DESC__C                        
20013318  ti_sysbios_knl_Task_Object__DESC__C                             
20013338  ti_uia_loggers_LoggerStopMode_Object__DESC__C                   
20013358  ti_sysbios_gates_GateHwi_Object__PARAMS__C                      
20013370  ti_sysbios_gates_GateMutex_Object__PARAMS__C                    
20013388  ti_sysbios_knl_Queue_Object__PARAMS__C                          
200133a0  ti_sysbios_knl_Swi_hooks__A                                     
200133b8  ti_sysbios_knl_Task_hooks__A                                    
200133d0  GPIOCC32XX_config                                               
2001340c  ti_sysbios_family_arm_m3_Hwi_hooks__A                           
20013420  xdc_runtime_Startup_sfxnRts__A                                  
20013434  ti_sysbios_knl_Idle_funcList__A                                 
20013440  xdc_runtime_Startup_firstFxns__A                                
2001344c  outPinTypes                                                     
20013454  ti_sysbios_family_arm_m3_Hwi_hooks__C                           
2001345c  ti_sysbios_knl_Idle_funcList__C                                 
20013464  ti_sysbios_knl_Swi_hooks__C                                     
2001346c  ti_sysbios_knl_Task_hooks__C                                    
20013474  xdc_runtime_Startup_firstFxns__C                                
2001347c  xdc_runtime_Startup_lastFxns__C                                 
2001348a  inPinTypes                                                      
20013490  outPinStrengths                                                 
2001349a  ti_sysbios_family_arm_m3_Hwi_Module__loggerDefined__C           
2001349c  ti_sysbios_family_arm_m3_Hwi_E_alreadyDefined__C                
200134a0  ti_sysbios_family_arm_m3_Hwi_LD_end__C                          
200134a4  ti_sysbios_family_arm_m3_Hwi_LM_begin__C                        
200134a8  ti_sysbios_family_arm_m3_Hwi_Module__diagsEnabled__C            
200134ac  ti_sysbios_family_arm_m3_Hwi_Module__diagsIncluded__C           
200134b0  ti_sysbios_family_arm_m3_Hwi_Module__diagsMask__C               
200134b4  ti_sysbios_family_arm_m3_Hwi_Module__loggerFxn1__C              
200134b8  ti_sysbios_family_arm_m3_Hwi_Module__loggerFxn8__C              
200134bc  ti_sysbios_family_arm_m3_Hwi_Module__loggerObj__C               
200134c0  ti_sysbios_family_arm_m3_Hwi_NUM_INTERRUPTS__C                  
200134c4  ti_sysbios_family_arm_m3_Hwi_Object__count__C                   
200134c8  ti_sysbios_family_arm_m3_Hwi_Object__heap__C                    
200134cc  ti_sysbios_family_arm_m3_Hwi_ccr__C                             
200134d0  ti_sysbios_family_arm_m3_Hwi_excHandlerFunc__C                  
200134d4  ti_sysbios_family_arm_m3_Hwi_nullIsrFunc__C                     
200134d8  ti_sysbios_family_arm_m3_Hwi_priGroup__C                        
200134dc  ti_sysbios_family_arm_m3_Hwi_swiDisable__C                      
200134e0  ti_sysbios_family_arm_m3_Hwi_swiRestoreHwi__C                   
200134e4  ti_sysbios_family_arm_m3_Timer_E_cannotSupport__C               
200134e8  ti_sysbios_family_arm_m3_Timer_startupNeeded__C                 
200134ec  ti_sysbios_gates_GateMutex_Instance_State_sem__O                
200134f0  ti_sysbios_heaps_HeapMem_E_memory__C                            
200134f4  ti_sysbios_heaps_HeapMem_Module__gateObj__C                     
200134f8  ti_sysbios_heaps_HeapMem_Object__count__C                       
200134fc  ti_sysbios_heaps_HeapMem_primaryHeapBaseAddr__C                 
20013500  ti_sysbios_heaps_HeapMem_primaryHeapEndAddr__C                  
20013504  ti_sysbios_heaps_HeapMem_reqAlign__C                            
20013508  ti_sysbios_knl_Clock_LM_begin__C                                
2001350c  ti_sysbios_knl_Clock_LM_tick__C                                 
20013510  ti_sysbios_knl_Clock_LW_delayed__C                              
20013514  ti_sysbios_knl_Clock_Module_State_clockQ__O                     
20013518  ti_sysbios_knl_Clock_Module__diagsEnabled__C                    
2001351c  ti_sysbios_knl_Clock_Module__diagsIncluded__C                   
20013520  ti_sysbios_knl_Clock_Module__diagsMask__C                       
20013524  ti_sysbios_knl_Clock_Module__loggerFxn1__C                      
20013528  ti_sysbios_knl_Clock_Module__loggerFxn2__C                      
2001352c  ti_sysbios_knl_Clock_Module__loggerObj__C                       
20013530  ti_sysbios_knl_Clock_tickPeriod__C                              
20013534  ti_sysbios_knl_Mailbox_Instance_State_freeQue__O                
20013538  ti_sysbios_knl_Mailbox_Object__count__C                         
2001353c  ti_sysbios_knl_Mailbox_maxTypeAlign__C                          
20013540  ti_sysbios_knl_Semaphore_Instance_State_pendQ__O                
20013544  ti_sysbios_knl_Semaphore_LM_pend__C                             
20013548  ti_sysbios_knl_Semaphore_LM_post__C                             
2001354c  ti_sysbios_knl_Semaphore_Module__diagsEnabled__C                
20013550  ti_sysbios_knl_Semaphore_Module__diagsIncluded__C               
20013554  ti_sysbios_knl_Semaphore_Module__diagsMask__C                   
20013558  ti_sysbios_knl_Semaphore_Module__loggerFxn2__C                  
2001355c  ti_sysbios_knl_Semaphore_Module__loggerFxn4__C                  
20013560  ti_sysbios_knl_Semaphore_Module__loggerObj__C                   
20013564  ti_sysbios_knl_Swi_LD_end__C                                    
20013568  ti_sysbios_knl_Swi_LM_begin__C                                  
2001356c  ti_sysbios_knl_Swi_LM_post__C                                   
20013570  ti_sysbios_knl_Swi_Module__diagsEnabled__C                      
20013574  ti_sysbios_knl_Swi_Module__diagsIncluded__C                     
20013578  ti_sysbios_knl_Swi_Module__diagsMask__C                         
2001357c  ti_sysbios_knl_Swi_Module__loggerFxn1__C                        
20013580  ti_sysbios_knl_Swi_Module__loggerFxn4__C                        
20013584  ti_sysbios_knl_Swi_Module__loggerObj__C                         
20013588  ti_sysbios_knl_Swi_Object__count__C                             
2001358c  ti_sysbios_knl_Swi_numConstructedSwis__C                        
20013590  ti_sysbios_knl_Task_E_deleteNotAllowed__C                       
20013594  ti_sysbios_knl_Task_LD_block__C                                 
20013598  ti_sysbios_knl_Task_LD_exit__C                                  
2001359c  ti_sysbios_knl_Task_LD_ready__C                                 
200135a0  ti_sysbios_knl_Task_LM_sleep__C                                 
200135a4  ti_sysbios_knl_Task_LM_switch__C                                
200135a8  ti_sysbios_knl_Task_Module_State_inactiveQ__O                   
200135ac  ti_sysbios_knl_Task_Module_State_terminatedQ__O                 
200135b0  ti_sysbios_knl_Task_Module__diagsEnabled__C                     
200135b4  ti_sysbios_knl_Task_Module__diagsIncluded__C                    
200135b8  ti_sysbios_knl_Task_Module__diagsMask__C                        
200135bc  ti_sysbios_knl_Task_Module__loggerFxn2__C                       
200135c0  ti_sysbios_knl_Task_Module__loggerFxn4__C                       
200135c4  ti_sysbios_knl_Task_Module__loggerObj__C                        
200135c8  ti_sysbios_knl_Task_Object__count__C                            
200135cc  ti_sysbios_knl_Task_Object__heap__C                             
200135d0  ti_sysbios_knl_Task_allBlockedFunc__C                           
200135d4  ti_sysbios_knl_Task_numConstructedTasks__C                      
200135d8  ti_sysbios_utils_Load_LS_cpuLoad__C                             
200135dc  ti_sysbios_utils_Load_LS_hwiLoad__C                             
200135e0  ti_sysbios_utils_Load_LS_swiLoad__C                             
200135e4  ti_sysbios_utils_Load_LS_taskLoad__C                            
200135e8  ti_sysbios_utils_Load_Module_State_taskList__O                  
200135ec  ti_sysbios_utils_Load_Module__diagsEnabled__C                   
200135f0  ti_sysbios_utils_Load_Module__diagsIncluded__C                  
200135f4  ti_sysbios_utils_Load_Module__diagsMask__C                      
200135f8  ti_sysbios_utils_Load_Module__loggerFxn1__C                     
200135fc  ti_sysbios_utils_Load_Module__loggerFxn2__C                     
20013600  ti_sysbios_utils_Load_Module__loggerFxn4__C                     
20013604  ti_sysbios_utils_Load_Module__loggerObj__C                      
20013608  ti_sysbios_utils_Load_postUpdate__C                             
2001360c  ti_sysbios_utils_Load_windowInMs__C                             
20013610  ti_uia_loggers_LoggerStopMode_Module__diagsEnabled__C           
20013614  ti_uia_loggers_LoggerStopMode_Module__diagsIncluded__C          
20013618  ti_uia_loggers_LoggerStopMode_Module__diagsMask__C              
2001361c  ti_uia_loggers_LoggerStopMode_Object__count__C                  
20013620  ti_uia_runtime_ILoggerSnapshot_Interface__BASE__C               
20013624  ti_uia_runtime_IUIATransfer_Interface__BASE__C                  
20013628  xdc_runtime_Assert_E_assertFailed__C                            
2001362c  xdc_runtime_Error_E_memory__C                                   
20013630  xdc_runtime_Error_policyFxn__C                                  
20013634  xdc_runtime_IFilterLogger_Interface__BASE__C                    
20013638  xdc_runtime_IGateProvider_Interface__BASE__C                    
2001363c  xdc_runtime_IHeap_Interface__BASE__C                            
20013640  xdc_runtime_ILogger_Interface__BASE__C                          
20013644  xdc_runtime_IModule_Interface__BASE__C                          
20013648  xdc_runtime_Memory_defaultHeapInstance__C                       
2001364c  xdc_runtime_Startup_execImpl__C                                 
20013650  xdc_runtime_Startup_maxPasses__C                                
20013654  xdc_runtime_Startup_sfxnRts__C                                  
20013658  xdc_runtime_Startup_sfxnTab__C                                  
2001365c  xdc_runtime_SysCallback_abortFxn__C                             
20013660  xdc_runtime_SysCallback_exitFxn__C                              
20013664  xdc_runtime_System_Module__gateObj__C                           
20013668  xdc_runtime_System_abortFxn__C                                  
2001366c  xdc_runtime_System_exitFxn__C                                   
20013670  xdc_runtime_System_maxAtexitHandlers__C                         
20013674  xdc_runtime_Text_charTab__C                                     
20013678  xdc_runtime_Text_nameEmpty__C                                   
2001367c  xdc_runtime_Text_nameStatic__C                                  
20013680  xdc_runtime_Text_nameUnknown__C                                 
20013684  ti_sysbios_family_arm_m3_Timer_Module__id__C                    
20013686  ti_sysbios_family_arm_m3_TimestampProvider_configTimer__C       
20013688  ti_sysbios_heaps_HeapMem_Module__id__C                          
2001368a  ti_sysbios_knl_Clock_Module__id__C                              
2001368c  ti_sysbios_knl_Clock_Module__loggerDefined__C                   
2001368e  ti_sysbios_knl_Semaphore_Module__id__C                          
20013690  ti_sysbios_knl_Semaphore_Module__loggerDefined__C               
20013692  ti_sysbios_knl_Swi_Module__id__C                                
20013694  ti_sysbios_knl_Swi_Module__loggerDefined__C                     
20013696  ti_sysbios_knl_Task_Module__id__C                               
20013698  ti_sysbios_knl_Task_Module__loggerDefined__C                    
2001369a  ti_sysbios_utils_Load_Module__id__C                             
2001369c  ti_sysbios_utils_Load_Module__loggerDefined__C                  
2001369e  ti_sysbios_utils_Load_autoAddTasks__C                           
200136a0  ti_sysbios_utils_Load_updateInIdle__C                           
200136a2  ti_uia_loggers_LoggerStopMode_Module__id__C                     
200136a4  ti_uia_loggers_LoggerStopMode_isTimestampEnabled__C             
200136a6  xdc_runtime_Memory_Module__id__C                                
200136a8  xdc_runtime_Text_charCnt__C                                     
200136aa  xdc_runtime_Text_isLoaded__C                                    
200136ac  ti_sysbios_knl_Clock_tickSource__C                              
200136ad  xdc_runtime_Error_policy__C                                     
200136ae  xdc_runtime_Text_charTab__A                                     
200136b0  PowerCC32XX_module                                              
2001381c  parkInfo                                                        
20013914  ti_uia_loggers_LoggerStopMode_Object__table__V                  
200139b0  ti_sysbios_utils_Load_Module__state__V                          
20013a48  ti_sysbios_knl_Swi_Module_State_0_readyQ__A                     
20013ac8  ti_sysbios_knl_Task_Module_State_0_readyQ__A                    
20013b48  ti_sysbios_knl_Task_Object__table__V                            
20013b98  ti_sysbios_knl_Task_Module__state__V                            
20013bdc  ti_sysbios_gates_GateMutex_Object__table__V                     
20013c14  ti_sysbios_family_arm_m3_Hwi_Module__state__V                   
20013c48  ti_sysbios_family_arm_m3_Timer_Object__table__V                 
20013c78  ti_sysbios_knl_Swi_Object__table__V                             
20013ca8  ti_sysbios_knl_Clock_Module__state__V                           
20013cd4  ti_sysbios_BIOS_Module__state__V                                
20013cf8  xdc_runtime_Error_IgnoreBlock                                   
20013d18  ti_sysbios_knl_Swi_Module__state__V                             
20013d34  ti_sysbios_utils_Load_Module_State_0_taskEnv__A                 
20013d50  ti_sysbios_family_arm_m3_Hwi_Object__table__V                   
20013d68  ti_sysbios_heaps_HeapMem_Object__table__V                       
20013d80  gpioPinConfigs                                                  
20013d8c  ti_sysbios_family_arm_m3_Timer_Module__state__V                 
20013d98  ti_sysbios_knl_Task_Module__root__V                             
20013da4  ti_uia_runtime_QueueDescriptor_Module__state__V                 
20013dba  ti_sysbios_family_arm_m3_Hwi_Module_State_0_excActive__A        
20013dbc  _lock                                                           
20013dc0  _unlock                                                         
20013dc4  gpioCallbackFunctions                                           
20013dcc  ti_uia_runtime_QueueDescriptor_gPtrToFirstDescriptor            
20013dd0  ti_uia_runtime_QueueDescriptor_gUpdateCount                     
20013dd4  ti_sysbios_family_arm_m3_Hwi_Module__root__V                    
20013ddc  ti_sysbios_gates_GateHwi_Module__root__V                        
20013de4  ti_sysbios_gates_GateMutex_Module__root__V                      
20013dec  ti_sysbios_heaps_HeapMem_Module__root__V                        
20013df4  ti_sysbios_knl_Queue_Module__root__V                            
20013dfc  ti_sysbios_knl_Semaphore_Module__root__V                        
20013e04  ti_uia_loggers_LoggerStopMode_Module__root__V                   
20013e0c  xdc_runtime_Startup_Module__state__V                            
20013e14  xdc_runtime_System_Module_State_0_atexitHandlers__A             
20013e1c  xdc_runtime_System_Module__state__V                             
20013e24  main_func_sp                                                    
20013e28  ti_sysbios_family_arm_m3_Hwi_Module_State_0_excContext__A       
20013e2c  ti_sysbios_family_arm_m3_Hwi_Module_State_0_excStack__A         
20013e30  ti_sysbios_family_arm_m3_TimestampProvider_Module__state__V     
20013e34  ti_sysbios_gates_GateHwi_Object__table__V                       
20013e38  ti_sysbios_knl_Task_Module_State_0_idleTask__A                  
20013e3c  ti_sysbios_utils_Load_Module_State_0_runningTask__A             
20013e40  ti_sysbios_utils_Load_Module_State_0_taskStartTime__A           
20013e44  xdc_runtime_Memory_Module__state__V                             
20013e48  __TI_static_base__                                              
200140d8  __TI_Handler_Table_Base                                         
200140e4  __TI_Handler_Table_Limit                                        
200140f0  __TI_CINIT_Base                                                 
20014100  __TI_CINIT_Limit                                                
e000e000  ti_sysbios_family_arm_m3_Hwi_nvic                               
ffffffff  __TI_pprof_out_hndl                                             
ffffffff  __TI_prof_data_size                                             
ffffffff  __TI_prof_data_start                                            
ffffffff  __binit__                                                       
ffffffff  __c_args__                                                      
ffffffff  binit                                                           
UNDEFED   SHT$$INIT_ARRAY$$Base                                           
UNDEFED   SHT$$INIT_ARRAY$$Limit                                          

[618 symbols]
